2025-12-06 08:36:14: Server: SSH-2.0-OpenSSH_9.6p1 Ubuntu-3ubuntu13.14
2025-12-06 08:36:14: Server KEXes: sntrup761x25519-sha512@openssh.com,curve25519-sha256,curve25519-sha256@libssh.org,ecdh-sha2-nistp256,ecdh-sha2-nistp384,ecdh-sha2-nistp521,diffie-hellman-group-exchange-sha256,diffie-hellman-group16-sha512,diffie-hellman-group18-sha512,diffie-hellman-group14-sha256,ext-info-s,kex-strict-s-v00@openssh.com
2025-12-06 08:36:14: Server Host Keys: rsa-sha2-512,rsa-sha2-256,ecdsa-sha2-nistp256,ssh-ed25519
2025-12-06 08:36:14: Chosen Host Key: ssh-ed25519
2025-12-06 08:36:14: Ciphers: chacha20-poly1305@openssh.com,aes128-ctr,aes192-ctr,aes256-ctr,aes128-gcm@openssh.com,aes256-gcm@openssh.com
2025-12-06 08:36:14: MACs: umac-64-etm@openssh.com,umac-128-etm@openssh.com,hmac-sha2-256-etm@openssh.com,hmac-sha2-512-etm@openssh.com,hmac-sha1-etm@openssh.com,umac-64@openssh.com,umac-128@openssh.com,hmac-sha2-256,hmac-sha2-512,hmac-sha1
2025-12-06 08:36:14: Auth: start: publickey
2025-12-06 08:36:14: Auth: publickey: no keys available
2025-12-06 08:36:14: Auth: start: password
2025-12-06 08:36:16: -- Analysis Started by On File Change Incremental
2025-12-06 08:36:16: L: Reading State File C:/Users/grabacr/VPSsync/01-WorkspaceSync/modelica-shared/CustomLib/PropulsionSystem/_gsdata_/_file_state_v4._gs
2025-12-06 08:36:16: R: Reading State File sftp://os3-310-44666.vs.sakura.ne.jp/home/ubuntu/VPSsync/01-WorkspaceSync/modelica-shared/CustomLib/PropulsionSystem/_gsdata_/_file_state_v4._gs
2025-12-06 08:37:18: Changes: 170, Conflicts: 0, CopyTime: 0, FixState: 0, Errors: 0, All: 3435
2025-12-06 08:37:18: Left to Right: Copy File: 170 
2025-12-06 08:37:18: == Sync Started by On File Change Incremental
2025-12-06 08:37:18: ConnectCloned connected to file:///~grabacr/VPSsync/01-WorkspaceSync/modelica-shared/CustomLib/PropulsionSystem
2025-12-06 08:37:18: ConnectCloned connected to file:///~grabacr/VPSsync/01-WorkspaceSync/modelica-shared/CustomLib/PropulsionSystem
2025-12-06 08:37:18: ConnectCloned connected to file:///~grabacr/VPSsync/01-WorkspaceSync/modelica-shared/CustomLib/PropulsionSystem
2025-12-06 08:37:18: Server: SSH-2.0-OpenSSH_9.6p1 Ubuntu-3ubuntu13.14
2025-12-06 08:37:18: Server: SSH-2.0-OpenSSH_9.6p1 Ubuntu-3ubuntu13.14
2025-12-06 08:37:18: Server: SSH-2.0-OpenSSH_9.6p1 Ubuntu-3ubuntu13.14
2025-12-06 08:37:18: Server KEXes: sntrup761x25519-sha512@openssh.com,curve25519-sha256,curve25519-sha256@libssh.org,ecdh-sha2-nistp256,ecdh-sha2-nistp384,ecdh-sha2-nistp521,diffie-hellman-group-exchange-sha256,diffie-hellman-group16-sha512,diffie-hellman-group18-sha512,diffie-hellman-group14-sha256,ext-info-s,kex-strict-s-v00@openssh.com
2025-12-06 08:37:18: Server Host Keys: rsa-sha2-512,rsa-sha2-256,ecdsa-sha2-nistp256,ssh-ed25519
2025-12-06 08:37:18: Chosen Host Key: ssh-ed25519
2025-12-06 08:37:18: Ciphers: chacha20-poly1305@openssh.com,aes128-ctr,aes192-ctr,aes256-ctr,aes128-gcm@openssh.com,aes256-gcm@openssh.com
2025-12-06 08:37:18: MACs: umac-64-etm@openssh.com,umac-128-etm@openssh.com,hmac-sha2-256-etm@openssh.com,hmac-sha2-512-etm@openssh.com,hmac-sha1-etm@openssh.com,umac-64@openssh.com,umac-128@openssh.com,hmac-sha2-256,hmac-sha2-512,hmac-sha1
2025-12-06 08:37:18: Server KEXes: sntrup761x25519-sha512@openssh.com,curve25519-sha256,curve25519-sha256@libssh.org,ecdh-sha2-nistp256,ecdh-sha2-nistp384,ecdh-sha2-nistp521,diffie-hellman-group-exchange-sha256,diffie-hellman-group16-sha512,diffie-hellman-group18-sha512,diffie-hellman-group14-sha256,ext-info-s,kex-strict-s-v00@openssh.com
2025-12-06 08:37:18: Server Host Keys: rsa-sha2-512,rsa-sha2-256,ecdsa-sha2-nistp256,ssh-ed25519
2025-12-06 08:37:18: Chosen Host Key: ssh-ed25519
2025-12-06 08:37:18: Ciphers: chacha20-poly1305@openssh.com,aes128-ctr,aes192-ctr,aes256-ctr,aes128-gcm@openssh.com,aes256-gcm@openssh.com
2025-12-06 08:37:18: MACs: umac-64-etm@openssh.com,umac-128-etm@openssh.com,hmac-sha2-256-etm@openssh.com,hmac-sha2-512-etm@openssh.com,hmac-sha1-etm@openssh.com,umac-64@openssh.com,umac-128@openssh.com,hmac-sha2-256,hmac-sha2-512,hmac-sha1
2025-12-06 08:37:18: Server KEXes: sntrup761x25519-sha512@openssh.com,curve25519-sha256,curve25519-sha256@libssh.org,ecdh-sha2-nistp256,ecdh-sha2-nistp384,ecdh-sha2-nistp521,diffie-hellman-group-exchange-sha256,diffie-hellman-group16-sha512,diffie-hellman-group18-sha512,diffie-hellman-group14-sha256,ext-info-s,kex-strict-s-v00@openssh.com
2025-12-06 08:37:18: Server Host Keys: rsa-sha2-512,rsa-sha2-256,ecdsa-sha2-nistp256,ssh-ed25519
2025-12-06 08:37:18: Chosen Host Key: ssh-ed25519
2025-12-06 08:37:18: Ciphers: chacha20-poly1305@openssh.com,aes128-ctr,aes192-ctr,aes256-ctr,aes128-gcm@openssh.com,aes256-gcm@openssh.com
2025-12-06 08:37:18: MACs: umac-64-etm@openssh.com,umac-128-etm@openssh.com,hmac-sha2-256-etm@openssh.com,hmac-sha2-512-etm@openssh.com,hmac-sha1-etm@openssh.com,umac-64@openssh.com,umac-128@openssh.com,hmac-sha2-256,hmac-sha2-512,hmac-sha1
2025-12-06 08:37:18: Auth: start: publickey
2025-12-06 08:37:18: Auth: publickey: no keys available
2025-12-06 08:37:18: Auth: start: password
2025-12-06 08:37:18: Auth: start: publickey
2025-12-06 08:37:18: Auth: start: publickey
2025-12-06 08:37:18: Auth: publickey: no keys available
2025-12-06 08:37:18: Auth: start: password
2025-12-06 08:37:18: Auth: publickey: no keys available
2025-12-06 08:37:18: Auth: start: password
2025-12-06 08:37:20: GsConnectAndSetRoot1 connected to sftp://os3-310-44666.vs.sakura.ne.jp/home/ubuntu/VPSsync/01-WorkspaceSync/modelica-shared/CustomLib/PropulsionSystem
2025-12-06 08:37:20: GsConnectAndSetRoot1 connected to sftp://os3-310-44666.vs.sakura.ne.jp/home/ubuntu/VPSsync/01-WorkspaceSync/modelica-shared/CustomLib/PropulsionSystem
2025-12-06 08:37:20: GsConnectAndSetRoot1 connected to sftp://os3-310-44666.vs.sakura.ne.jp/home/ubuntu/VPSsync/01-WorkspaceSync/modelica-shared/CustomLib/PropulsionSystem
2025-12-06 08:37:20: Copy New 'C:/Users/grabacr/VPSsync/01-WorkspaceSync/modelica-shared/CustomLib/PropulsionSystem/.git/objects/05/b32a29d67185f41fa427bb7f59918e85b9dbd4' -> 'sftp://os3-310-44666.vs.sakura.ne.jp/home/ubuntu/VPSsync/01-WorkspaceSync/modelica-shared/CustomLib/PropulsionSystem/.git/objects/05/b32a29d67185f41fa427bb7f59918e85b9dbd4' (841)
2025-12-06 08:37:21: Copy Over 'C:/Users/grabacr/VPSsync/01-WorkspaceSync/modelica-shared/CustomLib/PropulsionSystem/.git/FETCH_HEAD' -> 'sftp://os3-310-44666.vs.sakura.ne.jp/home/ubuntu/VPSsync/01-WorkspaceSync/modelica-shared/CustomLib/PropulsionSystem/.git/FETCH_HEAD' (0)
2025-12-06 08:37:21: Copy New 'C:/Users/grabacr/VPSsync/01-WorkspaceSync/modelica-shared/CustomLib/PropulsionSystem/.git/objects/01/1f478177f667998d0d34d9163afc7627766055' -> 'sftp://os3-310-44666.vs.sakura.ne.jp/home/ubuntu/VPSsync/01-WorkspaceSync/modelica-shared/CustomLib/PropulsionSystem/.git/objects/01/1f478177f667998d0d34d9163afc7627766055' (844)
2025-12-06 08:37:21: Copy New 'C:/Users/grabacr/VPSsync/01-WorkspaceSync/modelica-shared/CustomLib/PropulsionSystem/.git/objects/09/d860781bad368d0f13ee1ace040d9514ee5e78' -> 'sftp://os3-310-44666.vs.sakura.ne.jp/home/ubuntu/VPSsync/01-WorkspaceSync/modelica-shared/CustomLib/PropulsionSystem/.git/objects/09/d860781bad368d0f13ee1ace040d9514ee5e78' (669)
2025-12-06 08:37:21: C:/Users/grabacr/VPSsync/01-WorkspaceSync/modelica-shared/CustomLib/PropulsionSystem/.git/index: Source file has changed between Analyze and Sync from '[file] size=271,299 accu-time=2025-12-06 08:36:06 attr=Archive,WArchive cktype=0' to 'size=272,479 time=2025-12-06 08:36:24', noted in source file state
2025-12-06 08:37:21: Copy Over 'C:/Users/grabacr/VPSsync/01-WorkspaceSync/modelica-shared/CustomLib/PropulsionSystem/.git/index' -> 'sftp://os3-310-44666.vs.sakura.ne.jp/home/ubuntu/VPSsync/01-WorkspaceSync/modelica-shared/CustomLib/PropulsionSystem/.git/index' (271,299)
2025-12-06 08:37:21: Copy Over 'C:/Users/grabacr/VPSsync/01-WorkspaceSync/modelica-shared/CustomLib/PropulsionSystem/.git/objects/01/d3704e06175dd2f07b83067157153c63ff0487' -> 'sftp://os3-310-44666.vs.sakura.ne.jp/home/ubuntu/VPSsync/01-WorkspaceSync/modelica-shared/CustomLib/PropulsionSystem/.git/objects/01/d3704e06175dd2f07b83067157153c63ff0487' (52)
2025-12-06 08:37:21: Copy New 'C:/Users/grabacr/VPSsync/01-WorkspaceSync/modelica-shared/CustomLib/PropulsionSystem/.git/objects/0a/a52292796751ef0facd1f464fb785a22e6be3b' -> 'sftp://os3-310-44666.vs.sakura.ne.jp/home/ubuntu/VPSsync/01-WorkspaceSync/modelica-shared/CustomLib/PropulsionSystem/.git/objects/0a/a52292796751ef0facd1f464fb785a22e6be3b' (811)
2025-12-06 08:37:21: Copy New 'C:/Users/grabacr/VPSsync/01-WorkspaceSync/modelica-shared/CustomLib/PropulsionSystem/.git/objects/09/f0e70dc5fc5c5af0eae0751b9d4a3188ad4efc' -> 'sftp://os3-310-44666.vs.sakura.ne.jp/home/ubuntu/VPSsync/01-WorkspaceSync/modelica-shared/CustomLib/PropulsionSystem/.git/objects/09/f0e70dc5fc5c5af0eae0751b9d4a3188ad4efc' (849)
2025-12-06 08:37:21: Copy New 'C:/Users/grabacr/VPSsync/01-WorkspaceSync/modelica-shared/CustomLib/PropulsionSystem/.git/objects/0b/a75695a1c83d066b39b25d10e76636ade34f40' -> 'sftp://os3-310-44666.vs.sakura.ne.jp/home/ubuntu/VPSsync/01-WorkspaceSync/modelica-shared/CustomLib/PropulsionSystem/.git/objects/0b/a75695a1c83d066b39b25d10e76636ade34f40' (844)
2025-12-06 08:37:21: Copy New 'C:/Users/grabacr/VPSsync/01-WorkspaceSync/modelica-shared/CustomLib/PropulsionSystem/.git/objects/0f/2d61604f9df2d66a4ec2f86a02fc0103dda0e2' -> 'sftp://os3-310-44666.vs.sakura.ne.jp/home/ubuntu/VPSsync/01-WorkspaceSync/modelica-shared/CustomLib/PropulsionSystem/.git/objects/0f/2d61604f9df2d66a4ec2f86a02fc0103dda0e2' (844)
2025-12-06 08:37:21: Copy New 'C:/Users/grabacr/VPSsync/01-WorkspaceSync/modelica-shared/CustomLib/PropulsionSystem/.git/objects/0f/bfa95d8c60440b85cdf5fcb87e6bbcd126206a' -> 'sftp://os3-310-44666.vs.sakura.ne.jp/home/ubuntu/VPSsync/01-WorkspaceSync/modelica-shared/CustomLib/PropulsionSystem/.git/objects/0f/bfa95d8c60440b85cdf5fcb87e6bbcd126206a' (845)
2025-12-06 08:37:21: Copy New 'C:/Users/grabacr/VPSsync/01-WorkspaceSync/modelica-shared/CustomLib/PropulsionSystem/.git/objects/10/979a92be553b0221688d1f31433989ad9596bb' -> 'sftp://os3-310-44666.vs.sakura.ne.jp/home/ubuntu/VPSsync/01-WorkspaceSync/modelica-shared/CustomLib/PropulsionSystem/.git/objects/10/979a92be553b0221688d1f31433989ad9596bb' (782)
2025-12-06 08:37:21: Copy New 'C:/Users/grabacr/VPSsync/01-WorkspaceSync/modelica-shared/CustomLib/PropulsionSystem/.git/objects/12/2cabf9914ee125441d564dab9feaf8496bbcec' -> 'sftp://os3-310-44666.vs.sakura.ne.jp/home/ubuntu/VPSsync/01-WorkspaceSync/modelica-shared/CustomLib/PropulsionSystem/.git/objects/12/2cabf9914ee125441d564dab9feaf8496bbcec' (846)
2025-12-06 08:37:21: Copy New 'C:/Users/grabacr/VPSsync/01-WorkspaceSync/modelica-shared/CustomLib/PropulsionSystem/.git/objects/10/f1f5e8728db56daeb04dc30495265987315ceb' -> 'sftp://os3-310-44666.vs.sakura.ne.jp/home/ubuntu/VPSsync/01-WorkspaceSync/modelica-shared/CustomLib/PropulsionSystem/.git/objects/10/f1f5e8728db56daeb04dc30495265987315ceb' (779)
2025-12-06 08:37:22: Copy New 'C:/Users/grabacr/VPSsync/01-WorkspaceSync/modelica-shared/CustomLib/PropulsionSystem/.git/objects/16/f0bcf585a8bf8084461965169656424da29c5e' -> 'sftp://os3-310-44666.vs.sakura.ne.jp/home/ubuntu/VPSsync/01-WorkspaceSync/modelica-shared/CustomLib/PropulsionSystem/.git/objects/16/f0bcf585a8bf8084461965169656424da29c5e' (677)
2025-12-06 08:37:22: Copy New 'C:/Users/grabacr/VPSsync/01-WorkspaceSync/modelica-shared/CustomLib/PropulsionSystem/.git/objects/16/f5bf7d0fe33853c92f9a1c93335991f6fdcf8a' -> 'sftp://os3-310-44666.vs.sakura.ne.jp/home/ubuntu/VPSsync/01-WorkspaceSync/modelica-shared/CustomLib/PropulsionSystem/.git/objects/16/f5bf7d0fe33853c92f9a1c93335991f6fdcf8a' (1,055)
2025-12-06 08:37:22: Copy New 'C:/Users/grabacr/VPSsync/01-WorkspaceSync/modelica-shared/CustomLib/PropulsionSystem/.git/objects/13/14eabac4454ee6ff41df4b64c727ddb761025d' -> 'sftp://os3-310-44666.vs.sakura.ne.jp/home/ubuntu/VPSsync/01-WorkspaceSync/modelica-shared/CustomLib/PropulsionSystem/.git/objects/13/14eabac4454ee6ff41df4b64c727ddb761025d' (817)
2025-12-06 08:37:22: Copy New 'C:/Users/grabacr/VPSsync/01-WorkspaceSync/modelica-shared/CustomLib/PropulsionSystem/.git/objects/13/2937f5cb5c5654f3b618773493174a695cb574' -> 'sftp://os3-310-44666.vs.sakura.ne.jp/home/ubuntu/VPSsync/01-WorkspaceSync/modelica-shared/CustomLib/PropulsionSystem/.git/objects/13/2937f5cb5c5654f3b618773493174a695cb574' (846)
2025-12-06 08:37:22: Copy New 'C:/Users/grabacr/VPSsync/01-WorkspaceSync/modelica-shared/CustomLib/PropulsionSystem/.git/objects/18/aad001da37d9b9f387974fa74c6b86dce96c51' -> 'sftp://os3-310-44666.vs.sakura.ne.jp/home/ubuntu/VPSsync/01-WorkspaceSync/modelica-shared/CustomLib/PropulsionSystem/.git/objects/18/aad001da37d9b9f387974fa74c6b86dce96c51' (779)
2025-12-06 08:37:22: Copy New 'C:/Users/grabacr/VPSsync/01-WorkspaceSync/modelica-shared/CustomLib/PropulsionSystem/.git/objects/19/201fe8b795dff84f59235250973bf0009bebc1' -> 'sftp://os3-310-44666.vs.sakura.ne.jp/home/ubuntu/VPSsync/01-WorkspaceSync/modelica-shared/CustomLib/PropulsionSystem/.git/objects/19/201fe8b795dff84f59235250973bf0009bebc1' (811)
2025-12-06 08:37:22: Copy New 'C:/Users/grabacr/VPSsync/01-WorkspaceSync/modelica-shared/CustomLib/PropulsionSystem/.git/objects/1c/365f0235c434fad9d8867b78a6c4822de257ca' -> 'sftp://os3-310-44666.vs.sakura.ne.jp/home/ubuntu/VPSsync/01-WorkspaceSync/modelica-shared/CustomLib/PropulsionSystem/.git/objects/1c/365f0235c434fad9d8867b78a6c4822de257ca' (844)
2025-12-06 08:37:22: Create Folder sftp://os3-310-44666.vs.sakura.ne.jp/home/ubuntu/VPSsync/01-WorkspaceSync/modelica-shared/CustomLib/PropulsionSystem/.git/objects/21
2025-12-06 08:37:22: Copy New 'C:/Users/grabacr/VPSsync/01-WorkspaceSync/modelica-shared/CustomLib/PropulsionSystem/.git/objects/20/242c9c19d82c89922e55fa02049f29a26e88f7' -> 'sftp://os3-310-44666.vs.sakura.ne.jp/home/ubuntu/VPSsync/01-WorkspaceSync/modelica-shared/CustomLib/PropulsionSystem/.git/objects/20/242c9c19d82c89922e55fa02049f29a26e88f7' (706)
2025-12-06 08:37:22: Copy New 'C:/Users/grabacr/VPSsync/01-WorkspaceSync/modelica-shared/CustomLib/PropulsionSystem/.git/objects/1e/1e0a974aaf18292dad0494ee788a7255a6989f' -> 'sftp://os3-310-44666.vs.sakura.ne.jp/home/ubuntu/VPSsync/01-WorkspaceSync/modelica-shared/CustomLib/PropulsionSystem/.git/objects/1e/1e0a974aaf18292dad0494ee788a7255a6989f' (1,058)
2025-12-06 08:37:22: Create Folder sftp://os3-310-44666.vs.sakura.ne.jp/home/ubuntu/VPSsync/01-WorkspaceSync/modelica-shared/CustomLib/PropulsionSystem/.git/objects/24
2025-12-06 08:37:22: Copy New 'C:/Users/grabacr/VPSsync/01-WorkspaceSync/modelica-shared/CustomLib/PropulsionSystem/.git/objects/21/b4a1dfba2f08eaab5a107dba44355dd59ea1c6' -> 'sftp://os3-310-44666.vs.sakura.ne.jp/home/ubuntu/VPSsync/01-WorkspaceSync/modelica-shared/CustomLib/PropulsionSystem/.git/objects/21/b4a1dfba2f08eaab5a107dba44355dd59ea1c6' (721)
2025-12-06 08:37:22: Copy New 'C:/Users/grabacr/VPSsync/01-WorkspaceSync/modelica-shared/CustomLib/PropulsionSystem/.git/objects/22/095b435f77d118ae401d70015dc85f093bde53' -> 'sftp://os3-310-44666.vs.sakura.ne.jp/home/ubuntu/VPSsync/01-WorkspaceSync/modelica-shared/CustomLib/PropulsionSystem/.git/objects/22/095b435f77d118ae401d70015dc85f093bde53' (844)
2025-12-06 08:37:22: Copy New 'C:/Users/grabacr/VPSsync/01-WorkspaceSync/modelica-shared/CustomLib/PropulsionSystem/.git/objects/23/06f1993c023a2ef4c59e1faf5b6de3c2a71fd8' -> 'sftp://os3-310-44666.vs.sakura.ne.jp/home/ubuntu/VPSsync/01-WorkspaceSync/modelica-shared/CustomLib/PropulsionSystem/.git/objects/23/06f1993c023a2ef4c59e1faf5b6de3c2a71fd8' (847)
2025-12-06 08:37:22: Copy New 'C:/Users/grabacr/VPSsync/01-WorkspaceSync/modelica-shared/CustomLib/PropulsionSystem/.git/objects/24/59182d88afe8ba609f97c1ffb382ad6c8cc789' -> 'sftp://os3-310-44666.vs.sakura.ne.jp/home/ubuntu/VPSsync/01-WorkspaceSync/modelica-shared/CustomLib/PropulsionSystem/.git/objects/24/59182d88afe8ba609f97c1ffb382ad6c8cc789' (844)
2025-12-06 08:37:22: Copy New 'C:/Users/grabacr/VPSsync/01-WorkspaceSync/modelica-shared/CustomLib/PropulsionSystem/.git/objects/23/468c0db035c4472791628fd32f9cd792581761' -> 'sftp://os3-310-44666.vs.sakura.ne.jp/home/ubuntu/VPSsync/01-WorkspaceSync/modelica-shared/CustomLib/PropulsionSystem/.git/objects/23/468c0db035c4472791628fd32f9cd792581761' (844)
2025-12-06 08:37:22: Copy New 'C:/Users/grabacr/VPSsync/01-WorkspaceSync/modelica-shared/CustomLib/PropulsionSystem/.git/objects/29/7e230b8365d79f23d2d0441eb4bfe323d5f741' -> 'sftp://os3-310-44666.vs.sakura.ne.jp/home/ubuntu/VPSsync/01-WorkspaceSync/modelica-shared/CustomLib/PropulsionSystem/.git/objects/29/7e230b8365d79f23d2d0441eb4bfe323d5f741' (779)
2025-12-06 08:37:22: Copy New 'C:/Users/grabacr/VPSsync/01-WorkspaceSync/modelica-shared/CustomLib/PropulsionSystem/.git/objects/2f/4fc3aa421e74754c90ee273bbb3388b9846e9b' -> 'sftp://os3-310-44666.vs.sakura.ne.jp/home/ubuntu/VPSsync/01-WorkspaceSync/modelica-shared/CustomLib/PropulsionSystem/.git/objects/2f/4fc3aa421e74754c90ee273bbb3388b9846e9b' (269)
2025-12-06 08:37:22: Copy New 'C:/Users/grabacr/VPSsync/01-WorkspaceSync/modelica-shared/CustomLib/PropulsionSystem/.git/objects/30/95c15cc46cb5bb0d2760bba59e36746c83fb57' -> 'sftp://os3-310-44666.vs.sakura.ne.jp/home/ubuntu/VPSsync/01-WorkspaceSync/modelica-shared/CustomLib/PropulsionSystem/.git/objects/30/95c15cc46cb5bb0d2760bba59e36746c83fb57' (846)
2025-12-06 08:37:23: Copy Over 'C:/Users/grabacr/VPSsync/01-WorkspaceSync/modelica-shared/CustomLib/PropulsionSystem/.git/objects/2e/afac63d1bb2081f89616c79b6a9030f1aae35d' -> 'sftp://os3-310-44666.vs.sakura.ne.jp/home/ubuntu/VPSsync/01-WorkspaceSync/modelica-shared/CustomLib/PropulsionSystem/.git/objects/2e/afac63d1bb2081f89616c79b6a9030f1aae35d' (260)
2025-12-06 08:37:23: Copy New 'C:/Users/grabacr/VPSsync/01-WorkspaceSync/modelica-shared/CustomLib/PropulsionSystem/.git/objects/2f/fd6d7d1ca7baa27a62aa84de1489fe297eb9ed' -> 'sftp://os3-310-44666.vs.sakura.ne.jp/home/ubuntu/VPSsync/01-WorkspaceSync/modelica-shared/CustomLib/PropulsionSystem/.git/objects/2f/fd6d7d1ca7baa27a62aa84de1489fe297eb9ed' (670)
2025-12-06 08:37:23: Copy New 'C:/Users/grabacr/VPSsync/01-WorkspaceSync/modelica-shared/CustomLib/PropulsionSystem/.git/objects/33/24dce59709112cd6bdd68951f3ee1ff174ff14' -> 'sftp://os3-310-44666.vs.sakura.ne.jp/home/ubuntu/VPSsync/01-WorkspaceSync/modelica-shared/CustomLib/PropulsionSystem/.git/objects/33/24dce59709112cd6bdd68951f3ee1ff174ff14' (777)
2025-12-06 08:37:23: Copy Over 'C:/Users/grabacr/VPSsync/01-WorkspaceSync/modelica-shared/CustomLib/PropulsionSystem/.git/objects/31/54fbcac0884606491daeac4c1372d6f08ad8f3' -> 'sftp://os3-310-44666.vs.sakura.ne.jp/home/ubuntu/VPSsync/01-WorkspaceSync/modelica-shared/CustomLib/PropulsionSystem/.git/objects/31/54fbcac0884606491daeac4c1372d6f08ad8f3' (66)
2025-12-06 08:37:23: Copy New 'C:/Users/grabacr/VPSsync/01-WorkspaceSync/modelica-shared/CustomLib/PropulsionSystem/.git/objects/35/1881ef2924d1c13bf91de86f9883b3730ce74b' -> 'sftp://os3-310-44666.vs.sakura.ne.jp/home/ubuntu/VPSsync/01-WorkspaceSync/modelica-shared/CustomLib/PropulsionSystem/.git/objects/35/1881ef2924d1c13bf91de86f9883b3730ce74b' (845)
2025-12-06 08:37:23: Copy New 'C:/Users/grabacr/VPSsync/01-WorkspaceSync/modelica-shared/CustomLib/PropulsionSystem/.git/objects/39/44a6a81fba298f047620a70837c534c3bacf73' -> 'sftp://os3-310-44666.vs.sakura.ne.jp/home/ubuntu/VPSsync/01-WorkspaceSync/modelica-shared/CustomLib/PropulsionSystem/.git/objects/39/44a6a81fba298f047620a70837c534c3bacf73' (846)
2025-12-06 08:37:23: Copy New 'C:/Users/grabacr/VPSsync/01-WorkspaceSync/modelica-shared/CustomLib/PropulsionSystem/.git/objects/42/7356a24bdddf07b46591c3df2fe12a57984ba7' -> 'sftp://os3-310-44666.vs.sakura.ne.jp/home/ubuntu/VPSsync/01-WorkspaceSync/modelica-shared/CustomLib/PropulsionSystem/.git/objects/42/7356a24bdddf07b46591c3df2fe12a57984ba7' (845)
2025-12-06 08:37:23: Copy New 'C:/Users/grabacr/VPSsync/01-WorkspaceSync/modelica-shared/CustomLib/PropulsionSystem/.git/objects/3b/a4c0980956251548d25484db3b27a916e83f9a' -> 'sftp://os3-310-44666.vs.sakura.ne.jp/home/ubuntu/VPSsync/01-WorkspaceSync/modelica-shared/CustomLib/PropulsionSystem/.git/objects/3b/a4c0980956251548d25484db3b27a916e83f9a' (837)
2025-12-06 08:37:23: Copy New 'C:/Users/grabacr/VPSsync/01-WorkspaceSync/modelica-shared/CustomLib/PropulsionSystem/.git/objects/3b/c3f968748726bc9f027867b854d63329be0fb1' -> 'sftp://os3-310-44666.vs.sakura.ne.jp/home/ubuntu/VPSsync/01-WorkspaceSync/modelica-shared/CustomLib/PropulsionSystem/.git/objects/3b/c3f968748726bc9f027867b854d63329be0fb1' (838)
2025-12-06 08:37:23: Copy New 'C:/Users/grabacr/VPSsync/01-WorkspaceSync/modelica-shared/CustomLib/PropulsionSystem/.git/objects/4a/a5ba6dbf09c6e792657a80fa4a6d2e99111d44' -> 'sftp://os3-310-44666.vs.sakura.ne.jp/home/ubuntu/VPSsync/01-WorkspaceSync/modelica-shared/CustomLib/PropulsionSystem/.git/objects/4a/a5ba6dbf09c6e792657a80fa4a6d2e99111d44' (842)
2025-12-06 08:37:23: Copy New 'C:/Users/grabacr/VPSsync/01-WorkspaceSync/modelica-shared/CustomLib/PropulsionSystem/.git/objects/4c/bc597c61543f92c40e1a8efb0809b4dcb132ce' -> 'sftp://os3-310-44666.vs.sakura.ne.jp/home/ubuntu/VPSsync/01-WorkspaceSync/modelica-shared/CustomLib/PropulsionSystem/.git/objects/4c/bc597c61543f92c40e1a8efb0809b4dcb132ce' (839)
2025-12-06 08:37:23: Copy Over 'C:/Users/grabacr/VPSsync/01-WorkspaceSync/modelica-shared/CustomLib/PropulsionSystem/.git/objects/4b/92cc5ded11ae4ebb73f277ea28e47407641796' -> 'sftp://os3-310-44666.vs.sakura.ne.jp/home/ubuntu/VPSsync/01-WorkspaceSync/modelica-shared/CustomLib/PropulsionSystem/.git/objects/4b/92cc5ded11ae4ebb73f277ea28e47407641796' (137)
2025-12-06 08:37:23: Copy New 'C:/Users/grabacr/VPSsync/01-WorkspaceSync/modelica-shared/CustomLib/PropulsionSystem/.git/objects/51/91a80eb528ea3d1abb5160f77476c68f388f1f' -> 'sftp://os3-310-44666.vs.sakura.ne.jp/home/ubuntu/VPSsync/01-WorkspaceSync/modelica-shared/CustomLib/PropulsionSystem/.git/objects/51/91a80eb528ea3d1abb5160f77476c68f388f1f' (781)
2025-12-06 08:37:23: Copy New 'C:/Users/grabacr/VPSsync/01-WorkspaceSync/modelica-shared/CustomLib/PropulsionSystem/.git/objects/56/d80806540ca1a59e336261a064c74da58e2034' -> 'sftp://os3-310-44666.vs.sakura.ne.jp/home/ubuntu/VPSsync/01-WorkspaceSync/modelica-shared/CustomLib/PropulsionSystem/.git/objects/56/d80806540ca1a59e336261a064c74da58e2034' (847)
2025-12-06 08:37:23: Copy New 'C:/Users/grabacr/VPSsync/01-WorkspaceSync/modelica-shared/CustomLib/PropulsionSystem/.git/objects/5a/684760a9e686766cc80edaac67934be81b253c' -> 'sftp://os3-310-44666.vs.sakura.ne.jp/home/ubuntu/VPSsync/01-WorkspaceSync/modelica-shared/CustomLib/PropulsionSystem/.git/objects/5a/684760a9e686766cc80edaac67934be81b253c' (842)
2025-12-06 08:37:23: Copy Over 'C:/Users/grabacr/VPSsync/01-WorkspaceSync/modelica-shared/CustomLib/PropulsionSystem/.git/objects/58/63120ebb1bce173b08a99c99cbba589193254c' -> 'sftp://os3-310-44666.vs.sakura.ne.jp/home/ubuntu/VPSsync/01-WorkspaceSync/modelica-shared/CustomLib/PropulsionSystem/.git/objects/58/63120ebb1bce173b08a99c99cbba589193254c' (54)
2025-12-06 08:37:23: Copy New 'C:/Users/grabacr/VPSsync/01-WorkspaceSync/modelica-shared/CustomLib/PropulsionSystem/.git/objects/5a/7b37143f4d419960a7db9203b30814b582b073' -> 'sftp://os3-310-44666.vs.sakura.ne.jp/home/ubuntu/VPSsync/01-WorkspaceSync/modelica-shared/CustomLib/PropulsionSystem/.git/objects/5a/7b37143f4d419960a7db9203b30814b582b073' (842)
2025-12-06 08:37:23: Copy New 'C:/Users/grabacr/VPSsync/01-WorkspaceSync/modelica-shared/CustomLib/PropulsionSystem/.git/objects/5a/8397e695f65d9a457e3c9489d979c4faf27ebd' -> 'sftp://os3-310-44666.vs.sakura.ne.jp/home/ubuntu/VPSsync/01-WorkspaceSync/modelica-shared/CustomLib/PropulsionSystem/.git/objects/5a/8397e695f65d9a457e3c9489d979c4faf27ebd' (168)
2025-12-06 08:37:24: Copy New 'C:/Users/grabacr/VPSsync/01-WorkspaceSync/modelica-shared/CustomLib/PropulsionSystem/.git/objects/5a/b0280d44c9424e60899b9082c62a4ac1d54f2c' -> 'sftp://os3-310-44666.vs.sakura.ne.jp/home/ubuntu/VPSsync/01-WorkspaceSync/modelica-shared/CustomLib/PropulsionSystem/.git/objects/5a/b0280d44c9424e60899b9082c62a4ac1d54f2c' (843)
2025-12-06 08:37:24: Copy New 'C:/Users/grabacr/VPSsync/01-WorkspaceSync/modelica-shared/CustomLib/PropulsionSystem/.git/objects/5b/d7976ffe0d446602bf116c27eb867f093ebaa3' -> 'sftp://os3-310-44666.vs.sakura.ne.jp/home/ubuntu/VPSsync/01-WorkspaceSync/modelica-shared/CustomLib/PropulsionSystem/.git/objects/5b/d7976ffe0d446602bf116c27eb867f093ebaa3' (850)
2025-12-06 08:37:24: Copy Over 'C:/Users/grabacr/VPSsync/01-WorkspaceSync/modelica-shared/CustomLib/PropulsionSystem/.git/objects/5a/d144511abbeec46ede1b426c1dac27b2cb1150' -> 'sftp://os3-310-44666.vs.sakura.ne.jp/home/ubuntu/VPSsync/01-WorkspaceSync/modelica-shared/CustomLib/PropulsionSystem/.git/objects/5a/d144511abbeec46ede1b426c1dac27b2cb1150' (497)
2025-12-06 08:37:24: Copy New 'C:/Users/grabacr/VPSsync/01-WorkspaceSync/modelica-shared/CustomLib/PropulsionSystem/.git/objects/5d/02dc4ee2d47103bfd05735a8951a46ac7e33e3' -> 'sftp://os3-310-44666.vs.sakura.ne.jp/home/ubuntu/VPSsync/01-WorkspaceSync/modelica-shared/CustomLib/PropulsionSystem/.git/objects/5d/02dc4ee2d47103bfd05735a8951a46ac7e33e3' (779)
2025-12-06 08:37:24: Copy New 'C:/Users/grabacr/VPSsync/01-WorkspaceSync/modelica-shared/CustomLib/PropulsionSystem/.git/objects/5f/0b71217e27fcbfeb0b7544fb30652976a899b6' -> 'sftp://os3-310-44666.vs.sakura.ne.jp/home/ubuntu/VPSsync/01-WorkspaceSync/modelica-shared/CustomLib/PropulsionSystem/.git/objects/5f/0b71217e27fcbfeb0b7544fb30652976a899b6' (844)
2025-12-06 08:37:24: Copy New 'C:/Users/grabacr/VPSsync/01-WorkspaceSync/modelica-shared/CustomLib/PropulsionSystem/.git/objects/5d/a568ee726dbc730138189815c1d8b2d7a1e7bc' -> 'sftp://os3-310-44666.vs.sakura.ne.jp/home/ubuntu/VPSsync/01-WorkspaceSync/modelica-shared/CustomLib/PropulsionSystem/.git/objects/5d/a568ee726dbc730138189815c1d8b2d7a1e7bc' (844)
2025-12-06 08:37:24: Copy New 'C:/Users/grabacr/VPSsync/01-WorkspaceSync/modelica-shared/CustomLib/PropulsionSystem/.git/objects/60/21aae13aafa873034a198c1c91117c63ebc8db' -> 'sftp://os3-310-44666.vs.sakura.ne.jp/home/ubuntu/VPSsync/01-WorkspaceSync/modelica-shared/CustomLib/PropulsionSystem/.git/objects/60/21aae13aafa873034a198c1c91117c63ebc8db' (847)
2025-12-06 08:37:24: Copy New 'C:/Users/grabacr/VPSsync/01-WorkspaceSync/modelica-shared/CustomLib/PropulsionSystem/.git/objects/64/f4381e4f0245e9b9675d8d80eda80e0be51a09' -> 'sftp://os3-310-44666.vs.sakura.ne.jp/home/ubuntu/VPSsync/01-WorkspaceSync/modelica-shared/CustomLib/PropulsionSystem/.git/objects/64/f4381e4f0245e9b9675d8d80eda80e0be51a09' (260)
2025-12-06 08:37:24: Copy Over 'C:/Users/grabacr/VPSsync/01-WorkspaceSync/modelica-shared/CustomLib/PropulsionSystem/.git/objects/63/f58275deb734291463b185e6885c341341b24c' -> 'sftp://os3-310-44666.vs.sakura.ne.jp/home/ubuntu/VPSsync/01-WorkspaceSync/modelica-shared/CustomLib/PropulsionSystem/.git/objects/63/f58275deb734291463b185e6885c341341b24c' (283)
2025-12-06 08:37:24: Copy New 'C:/Users/grabacr/VPSsync/01-WorkspaceSync/modelica-shared/CustomLib/PropulsionSystem/.git/objects/65/097299a7c4194191398420d80f6389910c6157' -> 'sftp://os3-310-44666.vs.sakura.ne.jp/home/ubuntu/VPSsync/01-WorkspaceSync/modelica-shared/CustomLib/PropulsionSystem/.git/objects/65/097299a7c4194191398420d80f6389910c6157' (780)
2025-12-06 08:37:24: Copy New 'C:/Users/grabacr/VPSsync/01-WorkspaceSync/modelica-shared/CustomLib/PropulsionSystem/.git/objects/67/17cb74f09b03cea23645754afed0344c374e70' -> 'sftp://os3-310-44666.vs.sakura.ne.jp/home/ubuntu/VPSsync/01-WorkspaceSync/modelica-shared/CustomLib/PropulsionSystem/.git/objects/67/17cb74f09b03cea23645754afed0344c374e70' (777)
2025-12-06 08:37:24: Copy New 'C:/Users/grabacr/VPSsync/01-WorkspaceSync/modelica-shared/CustomLib/PropulsionSystem/.git/objects/67/82cee8c49315e5d6c0e96a8fc36e6b38a30d15' -> 'sftp://os3-310-44666.vs.sakura.ne.jp/home/ubuntu/VPSsync/01-WorkspaceSync/modelica-shared/CustomLib/PropulsionSystem/.git/objects/67/82cee8c49315e5d6c0e96a8fc36e6b38a30d15' (1,893)
2025-12-06 08:37:24: Copy New 'C:/Users/grabacr/VPSsync/01-WorkspaceSync/modelica-shared/CustomLib/PropulsionSystem/.git/objects/68/ed8b21deb7eabaee9865104b9c93037d7cb4fd' -> 'sftp://os3-310-44666.vs.sakura.ne.jp/home/ubuntu/VPSsync/01-WorkspaceSync/modelica-shared/CustomLib/PropulsionSystem/.git/objects/68/ed8b21deb7eabaee9865104b9c93037d7cb4fd' (844)
2025-12-06 08:37:24: Copy New 'C:/Users/grabacr/VPSsync/01-WorkspaceSync/modelica-shared/CustomLib/PropulsionSystem/.git/objects/6a/9d769debf1f605d79b4cbc655e9034b576779a' -> 'sftp://os3-310-44666.vs.sakura.ne.jp/home/ubuntu/VPSsync/01-WorkspaceSync/modelica-shared/CustomLib/PropulsionSystem/.git/objects/6a/9d769debf1f605d79b4cbc655e9034b576779a' (1,054)
2025-12-06 08:37:24: Copy New 'C:/Users/grabacr/VPSsync/01-WorkspaceSync/modelica-shared/CustomLib/PropulsionSystem/.git/objects/69/c6773cad1939d3889ec74691f99cfaa311f8d6' -> 'sftp://os3-310-44666.vs.sakura.ne.jp/home/ubuntu/VPSsync/01-WorkspaceSync/modelica-shared/CustomLib/PropulsionSystem/.git/objects/69/c6773cad1939d3889ec74691f99cfaa311f8d6' (724)
2025-12-06 08:37:24: Copy New 'C:/Users/grabacr/VPSsync/01-WorkspaceSync/modelica-shared/CustomLib/PropulsionSystem/.git/objects/6b/71a1011409f405d438528b5a2390bd4dc8a5f4' -> 'sftp://os3-310-44666.vs.sakura.ne.jp/home/ubuntu/VPSsync/01-WorkspaceSync/modelica-shared/CustomLib/PropulsionSystem/.git/objects/6b/71a1011409f405d438528b5a2390bd4dc8a5f4' (845)
2025-12-06 08:37:25: Copy New 'C:/Users/grabacr/VPSsync/01-WorkspaceSync/modelica-shared/CustomLib/PropulsionSystem/.git/objects/6c/7daf524ab3c0d705dcfce84852dc87d5a41292' -> 'sftp://os3-310-44666.vs.sakura.ne.jp/home/ubuntu/VPSsync/01-WorkspaceSync/modelica-shared/CustomLib/PropulsionSystem/.git/objects/6c/7daf524ab3c0d705dcfce84852dc87d5a41292' (845)
2025-12-06 08:37:25: Copy New 'C:/Users/grabacr/VPSsync/01-WorkspaceSync/modelica-shared/CustomLib/PropulsionSystem/.git/objects/6f/faf60af6981fd58a5432ba8aa67e4bc24d212e' -> 'sftp://os3-310-44666.vs.sakura.ne.jp/home/ubuntu/VPSsync/01-WorkspaceSync/modelica-shared/CustomLib/PropulsionSystem/.git/objects/6f/faf60af6981fd58a5432ba8aa67e4bc24d212e' (814)
2025-12-06 08:37:25: Copy New 'C:/Users/grabacr/VPSsync/01-WorkspaceSync/modelica-shared/CustomLib/PropulsionSystem/.git/objects/70/8b302c363594fbea858d3613f52b7ed39d533e' -> 'sftp://os3-310-44666.vs.sakura.ne.jp/home/ubuntu/VPSsync/01-WorkspaceSync/modelica-shared/CustomLib/PropulsionSystem/.git/objects/70/8b302c363594fbea858d3613f52b7ed39d533e' (3,204)
2025-12-06 08:37:25: Create Folder sftp://os3-310-44666.vs.sakura.ne.jp/home/ubuntu/VPSsync/01-WorkspaceSync/modelica-shared/CustomLib/PropulsionSystem/.git/objects/76
2025-12-06 08:37:25: Copy New 'C:/Users/grabacr/VPSsync/01-WorkspaceSync/modelica-shared/CustomLib/PropulsionSystem/.git/objects/74/d4aac4d8c0bcb055dd2e7a10d4f8cfb3b2df91' -> 'sftp://os3-310-44666.vs.sakura.ne.jp/home/ubuntu/VPSsync/01-WorkspaceSync/modelica-shared/CustomLib/PropulsionSystem/.git/objects/74/d4aac4d8c0bcb055dd2e7a10d4f8cfb3b2df91' (779)
2025-12-06 08:37:25: Copy New 'C:/Users/grabacr/VPSsync/01-WorkspaceSync/modelica-shared/CustomLib/PropulsionSystem/.git/objects/74/dbf711bf36a036793393478d69fea91f7f22ea' -> 'sftp://os3-310-44666.vs.sakura.ne.jp/home/ubuntu/VPSsync/01-WorkspaceSync/modelica-shared/CustomLib/PropulsionSystem/.git/objects/74/dbf711bf36a036793393478d69fea91f7f22ea' (805)
2025-12-06 08:37:25: Copy New 'C:/Users/grabacr/VPSsync/01-WorkspaceSync/modelica-shared/CustomLib/PropulsionSystem/.git/objects/78/c43b05a189962705ed46c1f8877769d138cb93' -> 'sftp://os3-310-44666.vs.sakura.ne.jp/home/ubuntu/VPSsync/01-WorkspaceSync/modelica-shared/CustomLib/PropulsionSystem/.git/objects/78/c43b05a189962705ed46c1f8877769d138cb93' (57)
2025-12-06 08:37:25: Copy New 'C:/Users/grabacr/VPSsync/01-WorkspaceSync/modelica-shared/CustomLib/PropulsionSystem/.git/objects/78/d59aeb809f15c7075a847fb53394408d094e45' -> 'sftp://os3-310-44666.vs.sakura.ne.jp/home/ubuntu/VPSsync/01-WorkspaceSync/modelica-shared/CustomLib/PropulsionSystem/.git/objects/78/d59aeb809f15c7075a847fb53394408d094e45' (831)
2025-12-06 08:37:25: Copy New 'C:/Users/grabacr/VPSsync/01-WorkspaceSync/modelica-shared/CustomLib/PropulsionSystem/.git/objects/76/008783b0289d2d8688f7edeb7a62f15402603c' -> 'sftp://os3-310-44666.vs.sakura.ne.jp/home/ubuntu/VPSsync/01-WorkspaceSync/modelica-shared/CustomLib/PropulsionSystem/.git/objects/76/008783b0289d2d8688f7edeb7a62f15402603c' (842)
2025-12-06 08:37:25: Copy New 'C:/Users/grabacr/VPSsync/01-WorkspaceSync/modelica-shared/CustomLib/PropulsionSystem/.git/objects/76/5100035034e033f9d0d47b4c635a663ca884f2' -> 'sftp://os3-310-44666.vs.sakura.ne.jp/home/ubuntu/VPSsync/01-WorkspaceSync/modelica-shared/CustomLib/PropulsionSystem/.git/objects/76/5100035034e033f9d0d47b4c635a663ca884f2' (838)
2025-12-06 08:37:25: Copy New 'C:/Users/grabacr/VPSsync/01-WorkspaceSync/modelica-shared/CustomLib/PropulsionSystem/.git/objects/7a/ddb8373b7771d7e477d73a530f2a3bc0ee3e35' -> 'sftp://os3-310-44666.vs.sakura.ne.jp/home/ubuntu/VPSsync/01-WorkspaceSync/modelica-shared/CustomLib/PropulsionSystem/.git/objects/7a/ddb8373b7771d7e477d73a530f2a3bc0ee3e35' (779)
2025-12-06 08:37:25: Copy New 'C:/Users/grabacr/VPSsync/01-WorkspaceSync/modelica-shared/CustomLib/PropulsionSystem/.git/objects/79/3990d36318464481fb2aaca73a023f06e2fb8a' -> 'sftp://os3-310-44666.vs.sakura.ne.jp/home/ubuntu/VPSsync/01-WorkspaceSync/modelica-shared/CustomLib/PropulsionSystem/.git/objects/79/3990d36318464481fb2aaca73a023f06e2fb8a' (843)
2025-12-06 08:37:25: Copy New 'C:/Users/grabacr/VPSsync/01-WorkspaceSync/modelica-shared/CustomLib/PropulsionSystem/.git/objects/79/7d2720582dd358870b5238dd77f0954b075e64' -> 'sftp://os3-310-44666.vs.sakura.ne.jp/home/ubuntu/VPSsync/01-WorkspaceSync/modelica-shared/CustomLib/PropulsionSystem/.git/objects/79/7d2720582dd358870b5238dd77f0954b075e64' (839)
2025-12-06 08:37:25: Copy New 'C:/Users/grabacr/VPSsync/01-WorkspaceSync/modelica-shared/CustomLib/PropulsionSystem/.git/objects/79/f74b49e1c67a6712b621aba38f1ec9bc444806' -> 'sftp://os3-310-44666.vs.sakura.ne.jp/home/ubuntu/VPSsync/01-WorkspaceSync/modelica-shared/CustomLib/PropulsionSystem/.git/objects/79/f74b49e1c67a6712b621aba38f1ec9bc444806' (668)
2025-12-06 08:37:25: Copy New 'C:/Users/grabacr/VPSsync/01-WorkspaceSync/modelica-shared/CustomLib/PropulsionSystem/.git/objects/7b/e713abcdf75d4c7f6b01ed86f537df6954278f' -> 'sftp://os3-310-44666.vs.sakura.ne.jp/home/ubuntu/VPSsync/01-WorkspaceSync/modelica-shared/CustomLib/PropulsionSystem/.git/objects/7b/e713abcdf75d4c7f6b01ed86f537df6954278f' (843)
2025-12-06 08:37:25: Copy New 'C:/Users/grabacr/VPSsync/01-WorkspaceSync/modelica-shared/CustomLib/PropulsionSystem/.git/objects/7d/aabdf6d7ab42780faa1d63ad9d674452b20b37' -> 'sftp://os3-310-44666.vs.sakura.ne.jp/home/ubuntu/VPSsync/01-WorkspaceSync/modelica-shared/CustomLib/PropulsionSystem/.git/objects/7d/aabdf6d7ab42780faa1d63ad9d674452b20b37' (845)
2025-12-06 08:37:25: Copy New 'C:/Users/grabacr/VPSsync/01-WorkspaceSync/modelica-shared/CustomLib/PropulsionSystem/.git/objects/7e/fafc85b251aa4cbc01c6414c90d5bedda8e9ac' -> 'sftp://os3-310-44666.vs.sakura.ne.jp/home/ubuntu/VPSsync/01-WorkspaceSync/modelica-shared/CustomLib/PropulsionSystem/.git/objects/7e/fafc85b251aa4cbc01c6414c90d5bedda8e9ac' (846)
2025-12-06 08:37:25: Copy New 'C:/Users/grabacr/VPSsync/01-WorkspaceSync/modelica-shared/CustomLib/PropulsionSystem/.git/objects/82/47ede4a08d422fa216d870d8ec1d9796878e3d' -> 'sftp://os3-310-44666.vs.sakura.ne.jp/home/ubuntu/VPSsync/01-WorkspaceSync/modelica-shared/CustomLib/PropulsionSystem/.git/objects/82/47ede4a08d422fa216d870d8ec1d9796878e3d' (779)
2025-12-06 08:37:25: Copy New 'C:/Users/grabacr/VPSsync/01-WorkspaceSync/modelica-shared/CustomLib/PropulsionSystem/.git/objects/83/5bc9be29652c07c9feb7a3cdd02efe7fc1a3b4' -> 'sftp://os3-310-44666.vs.sakura.ne.jp/home/ubuntu/VPSsync/01-WorkspaceSync/modelica-shared/CustomLib/PropulsionSystem/.git/objects/83/5bc9be29652c07c9feb7a3cdd02efe7fc1a3b4' (780)
2025-12-06 08:37:26: Copy New 'C:/Users/grabacr/VPSsync/01-WorkspaceSync/modelica-shared/CustomLib/PropulsionSystem/.git/objects/85/d4b4403466368c880c48a95dcbf2ec4fc434a3' -> 'sftp://os3-310-44666.vs.sakura.ne.jp/home/ubuntu/VPSsync/01-WorkspaceSync/modelica-shared/CustomLib/PropulsionSystem/.git/objects/85/d4b4403466368c880c48a95dcbf2ec4fc434a3' (842)
2025-12-06 08:37:26: Copy New 'C:/Users/grabacr/VPSsync/01-WorkspaceSync/modelica-shared/CustomLib/PropulsionSystem/.git/objects/83/d9cbc19538b86386a6441ab04c4a21716f98cf' -> 'sftp://os3-310-44666.vs.sakura.ne.jp/home/ubuntu/VPSsync/01-WorkspaceSync/modelica-shared/CustomLib/PropulsionSystem/.git/objects/83/d9cbc19538b86386a6441ab04c4a21716f98cf' (786)
2025-12-06 08:37:26: Copy New 'C:/Users/grabacr/VPSsync/01-WorkspaceSync/modelica-shared/CustomLib/PropulsionSystem/.git/objects/86/108ffcc1eb8abb00d2d52da78969673591001b' -> 'sftp://os3-310-44666.vs.sakura.ne.jp/home/ubuntu/VPSsync/01-WorkspaceSync/modelica-shared/CustomLib/PropulsionSystem/.git/objects/86/108ffcc1eb8abb00d2d52da78969673591001b' (842)
2025-12-06 08:37:26: Copy Over 'C:/Users/grabacr/VPSsync/01-WorkspaceSync/modelica-shared/CustomLib/PropulsionSystem/.git/objects/85/d6a93beb3b978d4a228f7f57b89c7f38dea241' -> 'sftp://os3-310-44666.vs.sakura.ne.jp/home/ubuntu/VPSsync/01-WorkspaceSync/modelica-shared/CustomLib/PropulsionSystem/.git/objects/85/d6a93beb3b978d4a228f7f57b89c7f38dea241' (42)
2025-12-06 08:37:26: Copy New 'C:/Users/grabacr/VPSsync/01-WorkspaceSync/modelica-shared/CustomLib/PropulsionSystem/.git/objects/87/2e1d159bb31824a7235406adf70685778b4d55' -> 'sftp://os3-310-44666.vs.sakura.ne.jp/home/ubuntu/VPSsync/01-WorkspaceSync/modelica-shared/CustomLib/PropulsionSystem/.git/objects/87/2e1d159bb31824a7235406adf70685778b4d55' (840)
2025-12-06 08:37:26: Copy New 'C:/Users/grabacr/VPSsync/01-WorkspaceSync/modelica-shared/CustomLib/PropulsionSystem/.git/objects/86/258e11afcbcfed1ad3c120aeee1db1bb2a8e04' -> 'sftp://os3-310-44666.vs.sakura.ne.jp/home/ubuntu/VPSsync/01-WorkspaceSync/modelica-shared/CustomLib/PropulsionSystem/.git/objects/86/258e11afcbcfed1ad3c120aeee1db1bb2a8e04' (844)
2025-12-06 08:37:26: Copy New 'C:/Users/grabacr/VPSsync/01-WorkspaceSync/modelica-shared/CustomLib/PropulsionSystem/.git/objects/86/79dd8f0f479219f4ab4d7fe398505b82911ab8' -> 'sftp://os3-310-44666.vs.sakura.ne.jp/home/ubuntu/VPSsync/01-WorkspaceSync/modelica-shared/CustomLib/PropulsionSystem/.git/objects/86/79dd8f0f479219f4ab4d7fe398505b82911ab8' (844)
2025-12-06 08:37:26: Copy New 'C:/Users/grabacr/VPSsync/01-WorkspaceSync/modelica-shared/CustomLib/PropulsionSystem/.git/objects/88/db15fa7779ba1c227a8af01e47ef4189efb285' -> 'sftp://os3-310-44666.vs.sakura.ne.jp/home/ubuntu/VPSsync/01-WorkspaceSync/modelica-shared/CustomLib/PropulsionSystem/.git/objects/88/db15fa7779ba1c227a8af01e47ef4189efb285' (781)
2025-12-06 08:37:26: Copy New 'C:/Users/grabacr/VPSsync/01-WorkspaceSync/modelica-shared/CustomLib/PropulsionSystem/.git/objects/8a/9064ed9bbadf1d6c42753bec721103a827d0d5' -> 'sftp://os3-310-44666.vs.sakura.ne.jp/home/ubuntu/VPSsync/01-WorkspaceSync/modelica-shared/CustomLib/PropulsionSystem/.git/objects/8a/9064ed9bbadf1d6c42753bec721103a827d0d5' (845)
2025-12-06 08:37:26: Copy New 'C:/Users/grabacr/VPSsync/01-WorkspaceSync/modelica-shared/CustomLib/PropulsionSystem/.git/objects/8a/be20f9a105e31401482c9c815c207095025675' -> 'sftp://os3-310-44666.vs.sakura.ne.jp/home/ubuntu/VPSsync/01-WorkspaceSync/modelica-shared/CustomLib/PropulsionSystem/.git/objects/8a/be20f9a105e31401482c9c815c207095025675' (884)
2025-12-06 08:37:26: Copy New 'C:/Users/grabacr/VPSsync/01-WorkspaceSync/modelica-shared/CustomLib/PropulsionSystem/.git/objects/8b/53c7acb97458cc605d3c182011d1de034574c0' -> 'sftp://os3-310-44666.vs.sakura.ne.jp/home/ubuntu/VPSsync/01-WorkspaceSync/modelica-shared/CustomLib/PropulsionSystem/.git/objects/8b/53c7acb97458cc605d3c182011d1de034574c0' (778)
2025-12-06 08:37:26: Copy New 'C:/Users/grabacr/VPSsync/01-WorkspaceSync/modelica-shared/CustomLib/PropulsionSystem/.git/objects/8c/73f5c963ad929bdfa1458077b6f6fe8d2aabb2' -> 'sftp://os3-310-44666.vs.sakura.ne.jp/home/ubuntu/VPSsync/01-WorkspaceSync/modelica-shared/CustomLib/PropulsionSystem/.git/objects/8c/73f5c963ad929bdfa1458077b6f6fe8d2aabb2' (843)
2025-12-06 08:37:26: Copy New 'C:/Users/grabacr/VPSsync/01-WorkspaceSync/modelica-shared/CustomLib/PropulsionSystem/.git/objects/8e/0b2b583be1e50638ebfe3e5f0480f5351fe365' -> 'sftp://os3-310-44666.vs.sakura.ne.jp/home/ubuntu/VPSsync/01-WorkspaceSync/modelica-shared/CustomLib/PropulsionSystem/.git/objects/8e/0b2b583be1e50638ebfe3e5f0480f5351fe365' (782)
2025-12-06 08:37:26: Copy New 'C:/Users/grabacr/VPSsync/01-WorkspaceSync/modelica-shared/CustomLib/PropulsionSystem/.git/objects/96/201a00d55896a57ddb4d11b95ec1cf2f95e314' -> 'sftp://os3-310-44666.vs.sakura.ne.jp/home/ubuntu/VPSsync/01-WorkspaceSync/modelica-shared/CustomLib/PropulsionSystem/.git/objects/96/201a00d55896a57ddb4d11b95ec1cf2f95e314' (812)
2025-12-06 08:37:26: Copy New 'C:/Users/grabacr/VPSsync/01-WorkspaceSync/modelica-shared/CustomLib/PropulsionSystem/.git/objects/9e/b08bab90c13ed11986169a6266bcd5042cb1c7' -> 'sftp://os3-310-44666.vs.sakura.ne.jp/home/ubuntu/VPSsync/01-WorkspaceSync/modelica-shared/CustomLib/PropulsionSystem/.git/objects/9e/b08bab90c13ed11986169a6266bcd5042cb1c7' (1,574)
2025-12-06 08:37:26: Copy Over 'C:/Users/grabacr/VPSsync/01-WorkspaceSync/modelica-shared/CustomLib/PropulsionSystem/.git/objects/8d/743e272fe46e4ff5da043ebbb706ec24b9a867' -> 'sftp://os3-310-44666.vs.sakura.ne.jp/home/ubuntu/VPSsync/01-WorkspaceSync/modelica-shared/CustomLib/PropulsionSystem/.git/objects/8d/743e272fe46e4ff5da043ebbb706ec24b9a867' (139)
2025-12-06 08:37:27: Copy New 'C:/Users/grabacr/VPSsync/01-WorkspaceSync/modelica-shared/CustomLib/PropulsionSystem/.git/objects/a1/cc7bc8f56985db65a3e2c80c3b6b5215e42f8c' -> 'sftp://os3-310-44666.vs.sakura.ne.jp/home/ubuntu/VPSsync/01-WorkspaceSync/modelica-shared/CustomLib/PropulsionSystem/.git/objects/a1/cc7bc8f56985db65a3e2c80c3b6b5215e42f8c' (270)
2025-12-06 08:37:27: Copy New 'C:/Users/grabacr/VPSsync/01-WorkspaceSync/modelica-shared/CustomLib/PropulsionSystem/.git/objects/a4/37f25921717672f71fd7b1351c4fce35300d16' -> 'sftp://os3-310-44666.vs.sakura.ne.jp/home/ubuntu/VPSsync/01-WorkspaceSync/modelica-shared/CustomLib/PropulsionSystem/.git/objects/a4/37f25921717672f71fd7b1351c4fce35300d16' (845)
2025-12-06 08:37:27: Copy New 'C:/Users/grabacr/VPSsync/01-WorkspaceSync/modelica-shared/CustomLib/PropulsionSystem/.git/objects/a9/afaa573827e75ac4be8bbbf627c2eccdd89aed' -> 'sftp://os3-310-44666.vs.sakura.ne.jp/home/ubuntu/VPSsync/01-WorkspaceSync/modelica-shared/CustomLib/PropulsionSystem/.git/objects/a9/afaa573827e75ac4be8bbbf627c2eccdd89aed' (838)
2025-12-06 08:37:27: Copy New 'C:/Users/grabacr/VPSsync/01-WorkspaceSync/modelica-shared/CustomLib/PropulsionSystem/.git/objects/aa/af2d3a902baaea5cfc4e24c295c688df8d4839' -> 'sftp://os3-310-44666.vs.sakura.ne.jp/home/ubuntu/VPSsync/01-WorkspaceSync/modelica-shared/CustomLib/PropulsionSystem/.git/objects/aa/af2d3a902baaea5cfc4e24c295c688df8d4839' (807)
2025-12-06 08:37:27: Copy New 'C:/Users/grabacr/VPSsync/01-WorkspaceSync/modelica-shared/CustomLib/PropulsionSystem/.git/objects/ab/9558bd9f06b192a5a52eb37e8e1f86511531b9' -> 'sftp://os3-310-44666.vs.sakura.ne.jp/home/ubuntu/VPSsync/01-WorkspaceSync/modelica-shared/CustomLib/PropulsionSystem/.git/objects/ab/9558bd9f06b192a5a52eb37e8e1f86511531b9' (714)
2025-12-06 08:37:27: Copy New 'C:/Users/grabacr/VPSsync/01-WorkspaceSync/modelica-shared/CustomLib/PropulsionSystem/.git/objects/ad/1333271982a18974b616567038e89914513c83' -> 'sftp://os3-310-44666.vs.sakura.ne.jp/home/ubuntu/VPSsync/01-WorkspaceSync/modelica-shared/CustomLib/PropulsionSystem/.git/objects/ad/1333271982a18974b616567038e89914513c83' (838)
2025-12-06 08:37:27: Copy New 'C:/Users/grabacr/VPSsync/01-WorkspaceSync/modelica-shared/CustomLib/PropulsionSystem/.git/objects/ae/68acfdb99c74ccc7d265772cb1dc26b93e06ff' -> 'sftp://os3-310-44666.vs.sakura.ne.jp/home/ubuntu/VPSsync/01-WorkspaceSync/modelica-shared/CustomLib/PropulsionSystem/.git/objects/ae/68acfdb99c74ccc7d265772cb1dc26b93e06ff' (843)
2025-12-06 08:37:27: Copy New 'C:/Users/grabacr/VPSsync/01-WorkspaceSync/modelica-shared/CustomLib/PropulsionSystem/.git/objects/af/4e0211ccd16d02b4d1fb5868ae4757df77af5a' -> 'sftp://os3-310-44666.vs.sakura.ne.jp/home/ubuntu/VPSsync/01-WorkspaceSync/modelica-shared/CustomLib/PropulsionSystem/.git/objects/af/4e0211ccd16d02b4d1fb5868ae4757df77af5a' (739)
2025-12-06 08:37:27: Copy New 'C:/Users/grabacr/VPSsync/01-WorkspaceSync/modelica-shared/CustomLib/PropulsionSystem/.git/objects/b4/7be4bd64a0787607c6dcba5520f18c57d1b498' -> 'sftp://os3-310-44666.vs.sakura.ne.jp/home/ubuntu/VPSsync/01-WorkspaceSync/modelica-shared/CustomLib/PropulsionSystem/.git/objects/b4/7be4bd64a0787607c6dcba5520f18c57d1b498' (670)
2025-12-06 08:37:27: Create Folder sftp://os3-310-44666.vs.sakura.ne.jp/home/ubuntu/VPSsync/01-WorkspaceSync/modelica-shared/CustomLib/PropulsionSystem/.git/objects/b6
2025-12-06 08:37:27: Copy New 'C:/Users/grabacr/VPSsync/01-WorkspaceSync/modelica-shared/CustomLib/PropulsionSystem/.git/objects/b4/cd8ecc0bebbac539eab43ed657509c1df5c50f' -> 'sftp://os3-310-44666.vs.sakura.ne.jp/home/ubuntu/VPSsync/01-WorkspaceSync/modelica-shared/CustomLib/PropulsionSystem/.git/objects/b4/cd8ecc0bebbac539eab43ed657509c1df5c50f' (190)
2025-12-06 08:37:27: Copy New 'C:/Users/grabacr/VPSsync/01-WorkspaceSync/modelica-shared/CustomLib/PropulsionSystem/.git/objects/af/755ed80402cfd5727658c1f50a4c12feaa8a30' -> 'sftp://os3-310-44666.vs.sakura.ne.jp/home/ubuntu/VPSsync/01-WorkspaceSync/modelica-shared/CustomLib/PropulsionSystem/.git/objects/af/755ed80402cfd5727658c1f50a4c12feaa8a30' (778)
2025-12-06 08:37:27: Copy New 'C:/Users/grabacr/VPSsync/01-WorkspaceSync/modelica-shared/CustomLib/PropulsionSystem/.git/objects/b6/4cf023d84a1290ad3511a76a85243b69bdf1d5' -> 'sftp://os3-310-44666.vs.sakura.ne.jp/home/ubuntu/VPSsync/01-WorkspaceSync/modelica-shared/CustomLib/PropulsionSystem/.git/objects/b6/4cf023d84a1290ad3511a76a85243b69bdf1d5' (844)
2025-12-06 08:37:27: Copy New 'C:/Users/grabacr/VPSsync/01-WorkspaceSync/modelica-shared/CustomLib/PropulsionSystem/.git/objects/ba/09570fdc8f754182b3084f11866729ac719689' -> 'sftp://os3-310-44666.vs.sakura.ne.jp/home/ubuntu/VPSsync/01-WorkspaceSync/modelica-shared/CustomLib/PropulsionSystem/.git/objects/ba/09570fdc8f754182b3084f11866729ac719689' (838)
2025-12-06 08:37:27: Copy Over 'C:/Users/grabacr/VPSsync/01-WorkspaceSync/modelica-shared/CustomLib/PropulsionSystem/.git/objects/b5/8b1c3edbad77b51d7d0ace108f1dbbbfac8004' -> 'sftp://os3-310-44666.vs.sakura.ne.jp/home/ubuntu/VPSsync/01-WorkspaceSync/modelica-shared/CustomLib/PropulsionSystem/.git/objects/b5/8b1c3edbad77b51d7d0ace108f1dbbbfac8004' (32)
2025-12-06 08:37:27: Copy New 'C:/Users/grabacr/VPSsync/01-WorkspaceSync/modelica-shared/CustomLib/PropulsionSystem/.git/objects/bb/338e5025760e0dcc30469495dd13e0782e0c4f' -> 'sftp://os3-310-44666.vs.sakura.ne.jp/home/ubuntu/VPSsync/01-WorkspaceSync/modelica-shared/CustomLib/PropulsionSystem/.git/objects/bb/338e5025760e0dcc30469495dd13e0782e0c4f' (89)
2025-12-06 08:37:27: Copy New 'C:/Users/grabacr/VPSsync/01-WorkspaceSync/modelica-shared/CustomLib/PropulsionSystem/.git/objects/ba/4d5427f2573bce6a5529308334587f204f7596' -> 'sftp://os3-310-44666.vs.sakura.ne.jp/home/ubuntu/VPSsync/01-WorkspaceSync/modelica-shared/CustomLib/PropulsionSystem/.git/objects/ba/4d5427f2573bce6a5529308334587f204f7596' (711)
2025-12-06 08:37:27: Copy New 'C:/Users/grabacr/VPSsync/01-WorkspaceSync/modelica-shared/CustomLib/PropulsionSystem/.git/objects/be/d1ab51105c339b0296bdb1f58e249e6e2e409a' -> 'sftp://os3-310-44666.vs.sakura.ne.jp/home/ubuntu/VPSsync/01-WorkspaceSync/modelica-shared/CustomLib/PropulsionSystem/.git/objects/be/d1ab51105c339b0296bdb1f58e249e6e2e409a' (845)
2025-12-06 08:37:28: Copy New 'C:/Users/grabacr/VPSsync/01-WorkspaceSync/modelica-shared/CustomLib/PropulsionSystem/.git/objects/bf/0fcc95b0ca6a98f42de2bb93d3795089cbfef3' -> 'sftp://os3-310-44666.vs.sakura.ne.jp/home/ubuntu/VPSsync/01-WorkspaceSync/modelica-shared/CustomLib/PropulsionSystem/.git/objects/bf/0fcc95b0ca6a98f42de2bb93d3795089cbfef3' (838)
2025-12-06 08:37:28: Copy New 'C:/Users/grabacr/VPSsync/01-WorkspaceSync/modelica-shared/CustomLib/PropulsionSystem/.git/objects/c0/1a35502e2c63b600066a7e7d60275744241430' -> 'sftp://os3-310-44666.vs.sakura.ne.jp/home/ubuntu/VPSsync/01-WorkspaceSync/modelica-shared/CustomLib/PropulsionSystem/.git/objects/c0/1a35502e2c63b600066a7e7d60275744241430' (845)
2025-12-06 08:37:28: Copy Over 'C:/Users/grabacr/VPSsync/01-WorkspaceSync/modelica-shared/CustomLib/PropulsionSystem/.git/objects/bf/e2a142b08a7714a8ded35adbb875fe107fd63f' -> 'sftp://os3-310-44666.vs.sakura.ne.jp/home/ubuntu/VPSsync/01-WorkspaceSync/modelica-shared/CustomLib/PropulsionSystem/.git/objects/bf/e2a142b08a7714a8ded35adbb875fe107fd63f' (521)
2025-12-06 08:37:28: Copy New 'C:/Users/grabacr/VPSsync/01-WorkspaceSync/modelica-shared/CustomLib/PropulsionSystem/.git/objects/c2/112a530f5fe7e4f28437718d74576d22dd2149' -> 'sftp://os3-310-44666.vs.sakura.ne.jp/home/ubuntu/VPSsync/01-WorkspaceSync/modelica-shared/CustomLib/PropulsionSystem/.git/objects/c2/112a530f5fe7e4f28437718d74576d22dd2149' (784)
2025-12-06 08:37:28: Copy New 'C:/Users/grabacr/VPSsync/01-WorkspaceSync/modelica-shared/CustomLib/PropulsionSystem/.git/objects/c0/42195d9f8e5e7050e0b2349c2fa1e4b185bc27' -> 'sftp://os3-310-44666.vs.sakura.ne.jp/home/ubuntu/VPSsync/01-WorkspaceSync/modelica-shared/CustomLib/PropulsionSystem/.git/objects/c0/42195d9f8e5e7050e0b2349c2fa1e4b185bc27' (782)
2025-12-06 08:37:28: Copy New 'C:/Users/grabacr/VPSsync/01-WorkspaceSync/modelica-shared/CustomLib/PropulsionSystem/.git/objects/c6/64efc3a02a8444fc2f0d53969bea970467913c' -> 'sftp://os3-310-44666.vs.sakura.ne.jp/home/ubuntu/VPSsync/01-WorkspaceSync/modelica-shared/CustomLib/PropulsionSystem/.git/objects/c6/64efc3a02a8444fc2f0d53969bea970467913c' (845)
2025-12-06 08:37:28: Copy New 'C:/Users/grabacr/VPSsync/01-WorkspaceSync/modelica-shared/CustomLib/PropulsionSystem/.git/objects/c5/8f6a9b7490a6f473af6fe734b5119753650b62' -> 'sftp://os3-310-44666.vs.sakura.ne.jp/home/ubuntu/VPSsync/01-WorkspaceSync/modelica-shared/CustomLib/PropulsionSystem/.git/objects/c5/8f6a9b7490a6f473af6fe734b5119753650b62' (842)
2025-12-06 08:37:28: Copy Over 'C:/Users/grabacr/VPSsync/01-WorkspaceSync/modelica-shared/CustomLib/PropulsionSystem/.git/objects/c5/008a99dec210885d19d6e94aa4c4ceb16963f3' -> 'sftp://os3-310-44666.vs.sakura.ne.jp/home/ubuntu/VPSsync/01-WorkspaceSync/modelica-shared/CustomLib/PropulsionSystem/.git/objects/c5/008a99dec210885d19d6e94aa4c4ceb16963f3' (45)
2025-12-06 08:37:28: Copy New 'C:/Users/grabacr/VPSsync/01-WorkspaceSync/modelica-shared/CustomLib/PropulsionSystem/.git/objects/c5/9d6c12101b2760c60ef0d69338235f52ff04f5' -> 'sftp://os3-310-44666.vs.sakura.ne.jp/home/ubuntu/VPSsync/01-WorkspaceSync/modelica-shared/CustomLib/PropulsionSystem/.git/objects/c5/9d6c12101b2760c60ef0d69338235f52ff04f5' (807)
2025-12-06 08:37:28: Copy New 'C:/Users/grabacr/VPSsync/01-WorkspaceSync/modelica-shared/CustomLib/PropulsionSystem/.git/objects/c7/afb91a86eed2b6a7ca6d09000fafe7076e346e' -> 'sftp://os3-310-44666.vs.sakura.ne.jp/home/ubuntu/VPSsync/01-WorkspaceSync/modelica-shared/CustomLib/PropulsionSystem/.git/objects/c7/afb91a86eed2b6a7ca6d09000fafe7076e346e' (713)
2025-12-06 08:37:28: Copy New 'C:/Users/grabacr/VPSsync/01-WorkspaceSync/modelica-shared/CustomLib/PropulsionSystem/.git/objects/c8/46c7ba59411348f62c4e00ec0dd0160ccbc289' -> 'sftp://os3-310-44666.vs.sakura.ne.jp/home/ubuntu/VPSsync/01-WorkspaceSync/modelica-shared/CustomLib/PropulsionSystem/.git/objects/c8/46c7ba59411348f62c4e00ec0dd0160ccbc289' (1,144)
2025-12-06 08:37:28: Copy New 'C:/Users/grabacr/VPSsync/01-WorkspaceSync/modelica-shared/CustomLib/PropulsionSystem/.git/objects/c7/e186ca84c16a1ce5adba82e9c8f89903ce7dce' -> 'sftp://os3-310-44666.vs.sakura.ne.jp/home/ubuntu/VPSsync/01-WorkspaceSync/modelica-shared/CustomLib/PropulsionSystem/.git/objects/c7/e186ca84c16a1ce5adba82e9c8f89903ce7dce' (844)
2025-12-06 08:37:29: Copy Over 'C:/Users/grabacr/VPSsync/01-WorkspaceSync/modelica-shared/CustomLib/PropulsionSystem/.git/objects/c8/b1a129af3c077ee8d06ff91bf3cd647fc60ad2' -> 'sftp://os3-310-44666.vs.sakura.ne.jp/home/ubuntu/VPSsync/01-WorkspaceSync/modelica-shared/CustomLib/PropulsionSystem/.git/objects/c8/b1a129af3c077ee8d06ff91bf3cd647fc60ad2' (177)
2025-12-06 08:37:29: Copy New 'C:/Users/grabacr/VPSsync/01-WorkspaceSync/modelica-shared/CustomLib/PropulsionSystem/.git/objects/cb/1c8ae893eb13deaaa13b9bdce43c2da350ae19' -> 'sftp://os3-310-44666.vs.sakura.ne.jp/home/ubuntu/VPSsync/01-WorkspaceSync/modelica-shared/CustomLib/PropulsionSystem/.git/objects/cb/1c8ae893eb13deaaa13b9bdce43c2da350ae19' (90,444)
2025-12-06 08:37:29: Copy New 'C:/Users/grabacr/VPSsync/01-WorkspaceSync/modelica-shared/CustomLib/PropulsionSystem/.git/objects/ca/dc0cf6fbbcef8f703588b4caf8b16d46ff3c14' -> 'sftp://os3-310-44666.vs.sakura.ne.jp/home/ubuntu/VPSsync/01-WorkspaceSync/modelica-shared/CustomLib/PropulsionSystem/.git/objects/ca/dc0cf6fbbcef8f703588b4caf8b16d46ff3c14' (842)
2025-12-06 08:37:29: Copy New 'C:/Users/grabacr/VPSsync/01-WorkspaceSync/modelica-shared/CustomLib/PropulsionSystem/.git/objects/cd/6fc947829c88caba3645e775e9a62722d534fa' -> 'sftp://os3-310-44666.vs.sakura.ne.jp/home/ubuntu/VPSsync/01-WorkspaceSync/modelica-shared/CustomLib/PropulsionSystem/.git/objects/cd/6fc947829c88caba3645e775e9a62722d534fa' (837)
2025-12-06 08:37:29: Copy New 'C:/Users/grabacr/VPSsync/01-WorkspaceSync/modelica-shared/CustomLib/PropulsionSystem/.git/objects/d0/fb8e0b3ccbc8de37e6b9a07e11dc428f11236b' -> 'sftp://os3-310-44666.vs.sakura.ne.jp/home/ubuntu/VPSsync/01-WorkspaceSync/modelica-shared/CustomLib/PropulsionSystem/.git/objects/d0/fb8e0b3ccbc8de37e6b9a07e11dc428f11236b' (844)
2025-12-06 08:37:29: Copy New 'C:/Users/grabacr/VPSsync/01-WorkspaceSync/modelica-shared/CustomLib/PropulsionSystem/.git/objects/d2/8ba72dd2736ea092e800c16235781ce6ea1ced' -> 'sftp://os3-310-44666.vs.sakura.ne.jp/home/ubuntu/VPSsync/01-WorkspaceSync/modelica-shared/CustomLib/PropulsionSystem/.git/objects/d2/8ba72dd2736ea092e800c16235781ce6ea1ced' (841)
2025-12-06 08:37:29: Copy New 'C:/Users/grabacr/VPSsync/01-WorkspaceSync/modelica-shared/CustomLib/PropulsionSystem/.git/objects/d7/ab42779e2850eb6b79d5a0d5e2b003d46e1ddb' -> 'sftp://os3-310-44666.vs.sakura.ne.jp/home/ubuntu/VPSsync/01-WorkspaceSync/modelica-shared/CustomLib/PropulsionSystem/.git/objects/d7/ab42779e2850eb6b79d5a0d5e2b003d46e1ddb' (844)
2025-12-06 08:37:29: Copy New 'C:/Users/grabacr/VPSsync/01-WorkspaceSync/modelica-shared/CustomLib/PropulsionSystem/.git/objects/d7/b650703dee6f6a43c98b960d3c0f6665076dfd' -> 'sftp://os3-310-44666.vs.sakura.ne.jp/home/ubuntu/VPSsync/01-WorkspaceSync/modelica-shared/CustomLib/PropulsionSystem/.git/objects/d7/b650703dee6f6a43c98b960d3c0f6665076dfd' (811)
2025-12-06 08:37:29: Copy Over 'C:/Users/grabacr/VPSsync/01-WorkspaceSync/modelica-shared/CustomLib/PropulsionSystem/.git/objects/d7/7fcafe17bf7bac5f0c537be4a7f1e7813e7160' -> 'sftp://os3-310-44666.vs.sakura.ne.jp/home/ubuntu/VPSsync/01-WorkspaceSync/modelica-shared/CustomLib/PropulsionSystem/.git/objects/d7/7fcafe17bf7bac5f0c537be4a7f1e7813e7160' (138)
2025-12-06 08:37:29: Copy New 'C:/Users/grabacr/VPSsync/01-WorkspaceSync/modelica-shared/CustomLib/PropulsionSystem/.git/objects/d7/e05694385995cf1d056b9ce4624d2b151def36' -> 'sftp://os3-310-44666.vs.sakura.ne.jp/home/ubuntu/VPSsync/01-WorkspaceSync/modelica-shared/CustomLib/PropulsionSystem/.git/objects/d7/e05694385995cf1d056b9ce4624d2b151def36' (802)
2025-12-06 08:37:29: Copy New 'C:/Users/grabacr/VPSsync/01-WorkspaceSync/modelica-shared/CustomLib/PropulsionSystem/.git/objects/d8/2309b8090063188febfb8b9b3360ac95481209' -> 'sftp://os3-310-44666.vs.sakura.ne.jp/home/ubuntu/VPSsync/01-WorkspaceSync/modelica-shared/CustomLib/PropulsionSystem/.git/objects/d8/2309b8090063188febfb8b9b3360ac95481209' (813)
2025-12-06 08:37:29: Copy New 'C:/Users/grabacr/VPSsync/01-WorkspaceSync/modelica-shared/CustomLib/PropulsionSystem/.git/objects/d8/faf11bafb6e1ad965ed9511c3d072f530e0b92' -> 'sftp://os3-310-44666.vs.sakura.ne.jp/home/ubuntu/VPSsync/01-WorkspaceSync/modelica-shared/CustomLib/PropulsionSystem/.git/objects/d8/faf11bafb6e1ad965ed9511c3d072f530e0b92' (839)
2025-12-06 08:37:29: Copy New 'C:/Users/grabacr/VPSsync/01-WorkspaceSync/modelica-shared/CustomLib/PropulsionSystem/.git/objects/da/6a75212d197ac7df6377b1f97ae455af3f92ee' -> 'sftp://os3-310-44666.vs.sakura.ne.jp/home/ubuntu/VPSsync/01-WorkspaceSync/modelica-shared/CustomLib/PropulsionSystem/.git/objects/da/6a75212d197ac7df6377b1f97ae455af3f92ee' (781)
2025-12-06 08:37:29: Copy New 'C:/Users/grabacr/VPSsync/01-WorkspaceSync/modelica-shared/CustomLib/PropulsionSystem/.git/objects/dc/7774dcc7315db94ed2d53f109b1ca01316a665' -> 'sftp://os3-310-44666.vs.sakura.ne.jp/home/ubuntu/VPSsync/01-WorkspaceSync/modelica-shared/CustomLib/PropulsionSystem/.git/objects/dc/7774dcc7315db94ed2d53f109b1ca01316a665' (781)
2025-12-06 08:37:29: Copy New 'C:/Users/grabacr/VPSsync/01-WorkspaceSync/modelica-shared/CustomLib/PropulsionSystem/.git/objects/dc/8dc77aedc7f92c5b9820b520e6671121e7097d' -> 'sftp://os3-310-44666.vs.sakura.ne.jp/home/ubuntu/VPSsync/01-WorkspaceSync/modelica-shared/CustomLib/PropulsionSystem/.git/objects/dc/8dc77aedc7f92c5b9820b520e6671121e7097d' (846)
2025-12-06 08:37:29: Copy New 'C:/Users/grabacr/VPSsync/01-WorkspaceSync/modelica-shared/CustomLib/PropulsionSystem/.git/objects/e2/5615cef13dd164b3a99b2eb399d4b5c73f834f' -> 'sftp://os3-310-44666.vs.sakura.ne.jp/home/ubuntu/VPSsync/01-WorkspaceSync/modelica-shared/CustomLib/PropulsionSystem/.git/objects/e2/5615cef13dd164b3a99b2eb399d4b5c73f834f' (844)
2025-12-06 08:37:30: Copy New 'C:/Users/grabacr/VPSsync/01-WorkspaceSync/modelica-shared/CustomLib/PropulsionSystem/.git/objects/e3/ac5cd8bf3f99d1b89d9199b4113d58a2989ea2' -> 'sftp://os3-310-44666.vs.sakura.ne.jp/home/ubuntu/VPSsync/01-WorkspaceSync/modelica-shared/CustomLib/PropulsionSystem/.git/objects/e3/ac5cd8bf3f99d1b89d9199b4113d58a2989ea2' (675)
2025-12-06 08:37:30: Copy New 'C:/Users/grabacr/VPSsync/01-WorkspaceSync/modelica-shared/CustomLib/PropulsionSystem/.git/objects/e3/ebbe6993dc6fe5af01229f245fe08459b39db0' -> 'sftp://os3-310-44666.vs.sakura.ne.jp/home/ubuntu/VPSsync/01-WorkspaceSync/modelica-shared/CustomLib/PropulsionSystem/.git/objects/e3/ebbe6993dc6fe5af01229f245fe08459b39db0' (845)
2025-12-06 08:37:30: Copy New 'C:/Users/grabacr/VPSsync/01-WorkspaceSync/modelica-shared/CustomLib/PropulsionSystem/.git/objects/e4/13ffaab0f88ac96afd65cca504f1e1f1378eb8' -> 'sftp://os3-310-44666.vs.sakura.ne.jp/home/ubuntu/VPSsync/01-WorkspaceSync/modelica-shared/CustomLib/PropulsionSystem/.git/objects/e4/13ffaab0f88ac96afd65cca504f1e1f1378eb8' (1,152)
2025-12-06 08:37:30: Copy New 'C:/Users/grabacr/VPSsync/01-WorkspaceSync/modelica-shared/CustomLib/PropulsionSystem/.git/objects/e6/a00e2623a3683565c175b9bf7e735badf3e5c5' -> 'sftp://os3-310-44666.vs.sakura.ne.jp/home/ubuntu/VPSsync/01-WorkspaceSync/modelica-shared/CustomLib/PropulsionSystem/.git/objects/e6/a00e2623a3683565c175b9bf7e735badf3e5c5' (780)
2025-12-06 08:37:30: Copy New 'C:/Users/grabacr/VPSsync/01-WorkspaceSync/modelica-shared/CustomLib/PropulsionSystem/.git/objects/e4/fd7b069987d9f63c1ac8b64c941f5a690ed935' -> 'sftp://os3-310-44666.vs.sakura.ne.jp/home/ubuntu/VPSsync/01-WorkspaceSync/modelica-shared/CustomLib/PropulsionSystem/.git/objects/e4/fd7b069987d9f63c1ac8b64c941f5a690ed935' (779)
2025-12-06 08:37:30: Copy New 'C:/Users/grabacr/VPSsync/01-WorkspaceSync/modelica-shared/CustomLib/PropulsionSystem/.git/objects/e9/54b31275b0b8a863c71a538e419c02370afc71' -> 'sftp://os3-310-44666.vs.sakura.ne.jp/home/ubuntu/VPSsync/01-WorkspaceSync/modelica-shared/CustomLib/PropulsionSystem/.git/objects/e9/54b31275b0b8a863c71a538e419c02370afc71' (844)
2025-12-06 08:37:30: Copy New 'C:/Users/grabacr/VPSsync/01-WorkspaceSync/modelica-shared/CustomLib/PropulsionSystem/.git/objects/ea/d83b6f3cd86fd899ae787472489fc408d34058' -> 'sftp://os3-310-44666.vs.sakura.ne.jp/home/ubuntu/VPSsync/01-WorkspaceSync/modelica-shared/CustomLib/PropulsionSystem/.git/objects/ea/d83b6f3cd86fd899ae787472489fc408d34058' (844)
2025-12-06 08:37:30: Copy New 'C:/Users/grabacr/VPSsync/01-WorkspaceSync/modelica-shared/CustomLib/PropulsionSystem/.git/objects/ea/7e085bec3373eca79113db880a09f923c4b182' -> 'sftp://os3-310-44666.vs.sakura.ne.jp/home/ubuntu/VPSsync/01-WorkspaceSync/modelica-shared/CustomLib/PropulsionSystem/.git/objects/ea/7e085bec3373eca79113db880a09f923c4b182' (844)
2025-12-06 08:37:30: Copy New 'C:/Users/grabacr/VPSsync/01-WorkspaceSync/modelica-shared/CustomLib/PropulsionSystem/.git/objects/ed/bec2e459f052361a52da720e7cdfd3f8da2f07' -> 'sftp://os3-310-44666.vs.sakura.ne.jp/home/ubuntu/VPSsync/01-WorkspaceSync/modelica-shared/CustomLib/PropulsionSystem/.git/objects/ed/bec2e459f052361a52da720e7cdfd3f8da2f07' (843)
2025-12-06 08:37:30: Copy New 'C:/Users/grabacr/VPSsync/01-WorkspaceSync/modelica-shared/CustomLib/PropulsionSystem/.git/objects/ef/5882221fda9fb5b575f07d1f4c7aab79bb4b3d' -> 'sftp://os3-310-44666.vs.sakura.ne.jp/home/ubuntu/VPSsync/01-WorkspaceSync/modelica-shared/CustomLib/PropulsionSystem/.git/objects/ef/5882221fda9fb5b575f07d1f4c7aab79bb4b3d' (534)
2025-12-06 08:37:30: Copy Over 'C:/Users/grabacr/VPSsync/01-WorkspaceSync/modelica-shared/CustomLib/PropulsionSystem/.git/objects/ef/6f7844257eb01dfd808fa387c023584e6a56d5' -> 'sftp://os3-310-44666.vs.sakura.ne.jp/home/ubuntu/VPSsync/01-WorkspaceSync/modelica-shared/CustomLib/PropulsionSystem/.git/objects/ef/6f7844257eb01dfd808fa387c023584e6a56d5' (61)
2025-12-06 08:37:30: Copy New 'C:/Users/grabacr/VPSsync/01-WorkspaceSync/modelica-shared/CustomLib/PropulsionSystem/.git/objects/f7/58546d00f4adc2fe1c9ba5aaa71d8b993979c0' -> 'sftp://os3-310-44666.vs.sakura.ne.jp/home/ubuntu/VPSsync/01-WorkspaceSync/modelica-shared/CustomLib/PropulsionSystem/.git/objects/f7/58546d00f4adc2fe1c9ba5aaa71d8b993979c0' (845)
2025-12-06 08:37:30: Copy Over 'C:/Users/grabacr/VPSsync/01-WorkspaceSync/modelica-shared/CustomLib/PropulsionSystem/.git/objects/f2/018ad030fb90d09eced12abf0efddd7c19bcbe' -> 'sftp://os3-310-44666.vs.sakura.ne.jp/home/ubuntu/VPSsync/01-WorkspaceSync/modelica-shared/CustomLib/PropulsionSystem/.git/objects/f2/018ad030fb90d09eced12abf0efddd7c19bcbe' (115)
2025-12-06 08:37:30: Copy New 'C:/Users/grabacr/VPSsync/01-WorkspaceSync/modelica-shared/CustomLib/PropulsionSystem/.git/objects/f8/2fe3d6044ed952502f01537a305a1f608fd02c' -> 'sftp://os3-310-44666.vs.sakura.ne.jp/home/ubuntu/VPSsync/01-WorkspaceSync/modelica-shared/CustomLib/PropulsionSystem/.git/objects/f8/2fe3d6044ed952502f01537a305a1f608fd02c' (191)
2025-12-06 08:37:30: Copy New 'C:/Users/grabacr/VPSsync/01-WorkspaceSync/modelica-shared/CustomLib/PropulsionSystem/.git/objects/fa/a2466ad9087506d56104c214f6a8343affd69e' -> 'sftp://os3-310-44666.vs.sakura.ne.jp/home/ubuntu/VPSsync/01-WorkspaceSync/modelica-shared/CustomLib/PropulsionSystem/.git/objects/fa/a2466ad9087506d56104c214f6a8343affd69e' (2,183)
2025-12-06 08:37:31: Copy New 'C:/Users/grabacr/VPSsync/01-WorkspaceSync/modelica-shared/CustomLib/PropulsionSystem/.git/objects/fb/edc8cf688c281704cbae2c371cdbeb6f038360' -> 'sftp://os3-310-44666.vs.sakura.ne.jp/home/ubuntu/VPSsync/01-WorkspaceSync/modelica-shared/CustomLib/PropulsionSystem/.git/objects/fb/edc8cf688c281704cbae2c371cdbeb6f038360' (807)
2025-12-06 08:37:31: Copy New 'C:/Users/grabacr/VPSsync/01-WorkspaceSync/modelica-shared/CustomLib/PropulsionSystem/.git/objects/fc/7da8aa7a0f8e49f50c1bbc1f67eb330cc4a404' -> 'sftp://os3-310-44666.vs.sakura.ne.jp/home/ubuntu/VPSsync/01-WorkspaceSync/modelica-shared/CustomLib/PropulsionSystem/.git/objects/fc/7da8aa7a0f8e49f50c1bbc1f67eb330cc4a404' (842)
2025-12-06 08:37:31: Copy New 'C:/Users/grabacr/VPSsync/01-WorkspaceSync/modelica-shared/CustomLib/PropulsionSystem/.git/objects/ff/8d3af3d21e36a2bc7c8993b908007013fbd6f2' -> 'sftp://os3-310-44666.vs.sakura.ne.jp/home/ubuntu/VPSsync/01-WorkspaceSync/modelica-shared/CustomLib/PropulsionSystem/.git/objects/ff/8d3af3d21e36a2bc7c8993b908007013fbd6f2' (846)
2025-12-06 08:37:31: > Copy Over 'C:/Users/grabacr/VPSsync/01-WorkspaceSync/modelica-shared/CustomLib/PropulsionSystem/.git/objects/pack/pack-097042b34043b55f4cea305cc4487110dc98c799.pack' -> 'sftp://os3-310-44666.vs.sakura.ne.jp/home/ubuntu/VPSsync/01-WorkspaceSync/modelica-shared/CustomLib/PropulsionSystem/.git/objects/pack/pack-097042b34043b55f4cea305cc4487110dc98c799.pack' (74,878,441)
2025-12-06 08:37:31: Copy New 'C:/Users/grabacr/VPSsync/01-WorkspaceSync/modelica-shared/CustomLib/PropulsionSystem/.git/objects/fd/fd9acd60d6c62bad114aa7e366b3f42f906224' -> 'sftp://os3-310-44666.vs.sakura.ne.jp/home/ubuntu/VPSsync/01-WorkspaceSync/modelica-shared/CustomLib/PropulsionSystem/.git/objects/fd/fd9acd60d6c62bad114aa7e366b3f42f906224' (779)
2025-12-06 08:37:31: > Copy Over 'C:/Users/grabacr/VPSsync/01-WorkspaceSync/modelica-shared/CustomLib/PropulsionSystem/.git/objects/pack/pack-e7a24c9e68c7f4b50bf6241104c679d660faf33a.pack' -> 'sftp://os3-310-44666.vs.sakura.ne.jp/home/ubuntu/VPSsync/01-WorkspaceSync/modelica-shared/CustomLib/PropulsionSystem/.git/objects/pack/pack-e7a24c9e68c7f4b50bf6241104c679d660faf33a.pack' (13,925,850)
2025-12-06 08:37:32: C:/Users/grabacr/VPSsync/01-WorkspaceSync/modelica-shared/CustomLib/PropulsionSystem/.git/sourcetreeconfig.json: Source file has changed between Analyze and Sync from '[file] size=842 accu-time=2025-12-06 08:35:59 attr=Archive,WArchive cktype=0' to 'size=844 time=2025-12-06 08:36:38', noted in source file state
2025-12-06 08:37:32: Copy Over 'C:/Users/grabacr/VPSsync/01-WorkspaceSync/modelica-shared/CustomLib/PropulsionSystem/.git/sourcetreeconfig.json' -> 'sftp://os3-310-44666.vs.sakura.ne.jp/home/ubuntu/VPSsync/01-WorkspaceSync/modelica-shared/CustomLib/PropulsionSystem/.git/sourcetreeconfig.json' (842)
2025-12-06 08:37:58: < Copy Over 'C:/Users/grabacr/VPSsync/01-WorkspaceSync/modelica-shared/CustomLib/PropulsionSystem/.git/objects/pack/pack-e7a24c9e68c7f4b50bf6241104c679d660faf33a.pack' -> 'sftp://os3-310-44666.vs.sakura.ne.jp/home/ubuntu/VPSsync/01-WorkspaceSync/modelica-shared/CustomLib/PropulsionSystem/.git/objects/pack/pack-e7a24c9e68c7f4b50bf6241104c679d660faf33a.pack' (13,925,850)
2025-12-06 08:39:22: < Copy Over 'C:/Users/grabacr/VPSsync/01-WorkspaceSync/modelica-shared/CustomLib/PropulsionSystem/.git/objects/pack/pack-097042b34043b55f4cea305cc4487110dc98c799.pack' -> 'sftp://os3-310-44666.vs.sakura.ne.jp/home/ubuntu/VPSsync/01-WorkspaceSync/modelica-shared/CustomLib/PropulsionSystem/.git/objects/pack/pack-097042b34043b55f4cea305cc4487110dc98c799.pack' (74,878,441)
2025-12-06 08:39:22: Save State File C:/Users/grabacr/VPSsync/01-WorkspaceSync/modelica-shared/CustomLib/PropulsionSystem/_gsdata_/_file_state_v4._gs
2025-12-06 08:39:23: Save State File sftp://os3-310-44666.vs.sakura.ne.jp/home/ubuntu/VPSsync/01-WorkspaceSync/modelica-shared/CustomLib/PropulsionSystem/_gsdata_/_file_state_v4._gs
2025-12-06 08:39:33: == Sync Complete. Time: 00:02:15, Speed: 724.96 KB/s, OK: 170, Errors: 0
