2025-12-12 23:21:14: Server: SSH-2.0-OpenSSH_9.6p1 Ubuntu-3ubuntu13.14
2025-12-12 23:21:14: Server KEXes: sntrup761x25519-sha512@openssh.com,curve25519-sha256,curve25519-sha256@libssh.org,ecdh-sha2-nistp256,ecdh-sha2-nistp384,ecdh-sha2-nistp521,diffie-hellman-group-exchange-sha256,diffie-hellman-group16-sha512,diffie-hellman-group18-sha512,diffie-hellman-group14-sha256,ext-info-s,kex-strict-s-v00@openssh.com
2025-12-12 23:21:14: Server Host Keys: rsa-sha2-512,rsa-sha2-256,ecdsa-sha2-nistp256,ssh-ed25519
2025-12-12 23:21:14: Chosen Host Key: ssh-ed25519
2025-12-12 23:21:14: Ciphers: chacha20-poly1305@openssh.com,aes128-ctr,aes192-ctr,aes256-ctr,aes128-gcm@openssh.com,aes256-gcm@openssh.com
2025-12-12 23:21:14: MACs: umac-64-etm@openssh.com,umac-128-etm@openssh.com,hmac-sha2-256-etm@openssh.com,hmac-sha2-512-etm@openssh.com,hmac-sha1-etm@openssh.com,umac-64@openssh.com,umac-128@openssh.com,hmac-sha2-256,hmac-sha2-512,hmac-sha1
2025-12-12 23:21:14: Auth: start: publickey
2025-12-12 23:21:14: Auth: publickey: no keys available
2025-12-12 23:21:14: Auth: start: password
2025-12-12 23:21:15: -- Analysis Started by User Command
2025-12-12 23:21:15: L: Reading State File C:/Users/grabacr/VPSsync/01-WorkspaceSync/modelica-shared/CustomLib/PropulsionSystem/_gsdata_/_file_state_v4._gs
2025-12-12 23:21:16: R: Reading State File sftp://os3-310-44666.vs.sakura.ne.jp/home/ubuntu/VPSsync/01-WorkspaceSync/modelica-shared/CustomLib/PropulsionSystem/_gsdata_/_file_state_v4._gs
2025-12-12 23:22:25: Changes: 50, Conflicts: 0, CopyTime: 0, FixState: 0, Errors: 0, All: 3796
2025-12-12 23:22:25: Right to Left: Copy File: 6 Rename/Move File/Folder: 44 
2025-12-12 23:22:25: == Sync Started by User Command
2025-12-12 23:22:25: ConnectCloned connected to file:///~grabacr/VPSsync/01-WorkspaceSync/modelica-shared/CustomLib/PropulsionSystem
2025-12-12 23:22:25: ConnectCloned connected to file:///~grabacr/VPSsync/01-WorkspaceSync/modelica-shared/CustomLib/PropulsionSystem
2025-12-12 23:22:25: ConnectCloned connected to file:///~grabacr/VPSsync/01-WorkspaceSync/modelica-shared/CustomLib/PropulsionSystem
2025-12-12 23:22:25: Server: SSH-2.0-OpenSSH_9.6p1 Ubuntu-3ubuntu13.14
2025-12-12 23:22:25: Server: SSH-2.0-OpenSSH_9.6p1 Ubuntu-3ubuntu13.14
2025-12-12 23:22:25: Server: SSH-2.0-OpenSSH_9.6p1 Ubuntu-3ubuntu13.14
2025-12-12 23:22:25: Server KEXes: sntrup761x25519-sha512@openssh.com,curve25519-sha256,curve25519-sha256@libssh.org,ecdh-sha2-nistp256,ecdh-sha2-nistp384,ecdh-sha2-nistp521,diffie-hellman-group-exchange-sha256,diffie-hellman-group16-sha512,diffie-hellman-group18-sha512,diffie-hellman-group14-sha256,ext-info-s,kex-strict-s-v00@openssh.com
2025-12-12 23:22:25: Server Host Keys: rsa-sha2-512,rsa-sha2-256,ecdsa-sha2-nistp256,ssh-ed25519
2025-12-12 23:22:25: Chosen Host Key: ssh-ed25519
2025-12-12 23:22:25: Ciphers: chacha20-poly1305@openssh.com,aes128-ctr,aes192-ctr,aes256-ctr,aes128-gcm@openssh.com,aes256-gcm@openssh.com
2025-12-12 23:22:25: MACs: umac-64-etm@openssh.com,umac-128-etm@openssh.com,hmac-sha2-256-etm@openssh.com,hmac-sha2-512-etm@openssh.com,hmac-sha1-etm@openssh.com,umac-64@openssh.com,umac-128@openssh.com,hmac-sha2-256,hmac-sha2-512,hmac-sha1
2025-12-12 23:22:25: Server KEXes: sntrup761x25519-sha512@openssh.com,curve25519-sha256,curve25519-sha256@libssh.org,ecdh-sha2-nistp256,ecdh-sha2-nistp384,ecdh-sha2-nistp521,diffie-hellman-group-exchange-sha256,diffie-hellman-group16-sha512,diffie-hellman-group18-sha512,diffie-hellman-group14-sha256,ext-info-s,kex-strict-s-v00@openssh.com
2025-12-12 23:22:25: Server Host Keys: rsa-sha2-512,rsa-sha2-256,ecdsa-sha2-nistp256,ssh-ed25519
2025-12-12 23:22:25: Chosen Host Key: ssh-ed25519
2025-12-12 23:22:25: Ciphers: chacha20-poly1305@openssh.com,aes128-ctr,aes192-ctr,aes256-ctr,aes128-gcm@openssh.com,aes256-gcm@openssh.com
2025-12-12 23:22:25: MACs: umac-64-etm@openssh.com,umac-128-etm@openssh.com,hmac-sha2-256-etm@openssh.com,hmac-sha2-512-etm@openssh.com,hmac-sha1-etm@openssh.com,umac-64@openssh.com,umac-128@openssh.com,hmac-sha2-256,hmac-sha2-512,hmac-sha1
2025-12-12 23:22:25: Server KEXes: sntrup761x25519-sha512@openssh.com,curve25519-sha256,curve25519-sha256@libssh.org,ecdh-sha2-nistp256,ecdh-sha2-nistp384,ecdh-sha2-nistp521,diffie-hellman-group-exchange-sha256,diffie-hellman-group16-sha512,diffie-hellman-group18-sha512,diffie-hellman-group14-sha256,ext-info-s,kex-strict-s-v00@openssh.com
2025-12-12 23:22:25: Server Host Keys: rsa-sha2-512,rsa-sha2-256,ecdsa-sha2-nistp256,ssh-ed25519
2025-12-12 23:22:25: Chosen Host Key: ssh-ed25519
2025-12-12 23:22:25: Ciphers: chacha20-poly1305@openssh.com,aes128-ctr,aes192-ctr,aes256-ctr,aes128-gcm@openssh.com,aes256-gcm@openssh.com
2025-12-12 23:22:25: MACs: umac-64-etm@openssh.com,umac-128-etm@openssh.com,hmac-sha2-256-etm@openssh.com,hmac-sha2-512-etm@openssh.com,hmac-sha1-etm@openssh.com,umac-64@openssh.com,umac-128@openssh.com,hmac-sha2-256,hmac-sha2-512,hmac-sha1
2025-12-12 23:22:25: Auth: start: publickey
2025-12-12 23:22:25: Auth: start: publickey
2025-12-12 23:22:25: Auth: publickey: no keys available
2025-12-12 23:22:25: Auth: start: password
2025-12-12 23:22:25: Auth: publickey: no keys available
2025-12-12 23:22:25: Auth: start: password
2025-12-12 23:22:25: Auth: start: publickey
2025-12-12 23:22:25: Auth: publickey: no keys available
2025-12-12 23:22:25: Auth: start: password
2025-12-12 23:22:26: GsConnectAndSetRoot1 connected to sftp://os3-310-44666.vs.sakura.ne.jp/home/ubuntu/VPSsync/01-WorkspaceSync/modelica-shared/CustomLib/PropulsionSystem
2025-12-12 23:22:26: GsConnectAndSetRoot1 connected to sftp://os3-310-44666.vs.sakura.ne.jp/home/ubuntu/VPSsync/01-WorkspaceSync/modelica-shared/CustomLib/PropulsionSystem
2025-12-12 23:22:26: GsConnectAndSetRoot1 connected to sftp://os3-310-44666.vs.sakura.ne.jp/home/ubuntu/VPSsync/01-WorkspaceSync/modelica-shared/CustomLib/PropulsionSystem
2025-12-12 23:22:26: Move File C:/Users/grabacr/VPSsync/01-WorkspaceSync/modelica-shared/CustomLib/PropulsionSystem/Elements/BasicElements/Compressor.mo -> C:/Users/grabacr/VPSsync/01-WorkspaceSync/modelica-shared/CustomLib/PropulsionSystem/Elements/BasicElements/Compressor.bak-mo
2025-12-12 23:22:26: Move File C:/Users/grabacr/VPSsync/01-WorkspaceSync/modelica-shared/CustomLib/PropulsionSystem/Elements/BasicElements/Compressor_ellipticalCurve.mo -> C:/Users/grabacr/VPSsync/01-WorkspaceSync/modelica-shared/CustomLib/PropulsionSystem/Elements/BasicElements/Compressor_ellipticalCurve.bak-mo
2025-12-12 23:22:26: Copy Over 'sftp://os3-310-44666.vs.sakura.ne.jp/home/ubuntu/VPSsync/01-WorkspaceSync/modelica-shared/CustomLib/PropulsionSystem/BaseClasses/BasicElements/package.order' -> 'C:/Users/grabacr/VPSsync/01-WorkspaceSync/modelica-shared/CustomLib/PropulsionSystem/BaseClasses/BasicElements/package.order' (741)
2025-12-12 23:22:26: Move File C:/Users/grabacr/VPSsync/01-WorkspaceSync/modelica-shared/CustomLib/PropulsionSystem/Elements/BasicElements/Compressor_Map_WcPReff.mo -> C:/Users/grabacr/VPSsync/01-WorkspaceSync/modelica-shared/CustomLib/PropulsionSystem/Elements/BasicElements/Compressor_Map_WcPReff.bak-mo
2025-12-12 23:22:26: Move File C:/Users/grabacr/VPSsync/01-WorkspaceSync/modelica-shared/CustomLib/PropulsionSystem/Elements/BasicElements/constrain_dm.mo -> C:/Users/grabacr/VPSsync/01-WorkspaceSync/modelica-shared/CustomLib/PropulsionSystem/Elements/BasicElements/constrain_dm.bak-mo
2025-12-12 23:22:26: Move File C:/Users/grabacr/VPSsync/01-WorkspaceSync/modelica-shared/CustomLib/PropulsionSystem/Elements/BasicElements/constrain_Nmech.mo -> C:/Users/grabacr/VPSsync/01-WorkspaceSync/modelica-shared/CustomLib/PropulsionSystem/Elements/BasicElements/constrain_Nmech.bak-mo
2025-12-12 23:22:26: Move File C:/Users/grabacr/VPSsync/01-WorkspaceSync/modelica-shared/CustomLib/PropulsionSystem/Elements/BasicElements/constrain_T.mo -> C:/Users/grabacr/VPSsync/01-WorkspaceSync/modelica-shared/CustomLib/PropulsionSystem/Elements/BasicElements/constrain_T.bak-mo
2025-12-12 23:22:26: Move File C:/Users/grabacr/VPSsync/01-WorkspaceSync/modelica-shared/CustomLib/PropulsionSystem/Elements/BasicElements/Duct.mo -> C:/Users/grabacr/VPSsync/01-WorkspaceSync/modelica-shared/CustomLib/PropulsionSystem/Elements/BasicElements/Duct.bak-mo
2025-12-12 23:22:26: Move File C:/Users/grabacr/VPSsync/01-WorkspaceSync/modelica-shared/CustomLib/PropulsionSystem/Elements/BasicElements/Duct_Wc2ndOrder.mo -> C:/Users/grabacr/VPSsync/01-WorkspaceSync/modelica-shared/CustomLib/PropulsionSystem/Elements/BasicElements/Duct_Wc2ndOrder.bak-mo
2025-12-12 23:22:26: Move File C:/Users/grabacr/VPSsync/01-WorkspaceSync/modelica-shared/CustomLib/PropulsionSystem/Elements/BasicElements/EnginePerformance.mo -> C:/Users/grabacr/VPSsync/01-WorkspaceSync/modelica-shared/CustomLib/PropulsionSystem/Elements/BasicElements/EnginePerformance.bak-mo
2025-12-12 23:22:26: Move File C:/Users/grabacr/VPSsync/01-WorkspaceSync/modelica-shared/CustomLib/PropulsionSystem/Elements/BasicElements/extractPwr.mo -> C:/Users/grabacr/VPSsync/01-WorkspaceSync/modelica-shared/CustomLib/PropulsionSystem/Elements/BasicElements/extractPwr.bak-mo
2025-12-12 23:22:26: Copy Over 'sftp://os3-310-44666.vs.sakura.ne.jp/home/ubuntu/VPSsync/01-WorkspaceSync/modelica-shared/CustomLib/PropulsionSystem/BaseClasses/BasicElements/NozzleBase02.mo' -> 'C:/Users/grabacr/VPSsync/01-WorkspaceSync/modelica-shared/CustomLib/PropulsionSystem/BaseClasses/BasicElements/NozzleBase02.mo' (19,053)
2025-12-12 23:22:26: Move File C:/Users/grabacr/VPSsync/01-WorkspaceSync/modelica-shared/CustomLib/PropulsionSystem/Elements/BasicElements/FlightToEngine.mo -> C:/Users/grabacr/VPSsync/01-WorkspaceSync/modelica-shared/CustomLib/PropulsionSystem/Elements/BasicElements/FlightToEngine.bak-mo
2025-12-12 23:22:26: Move File C:/Users/grabacr/VPSsync/01-WorkspaceSync/modelica-shared/CustomLib/PropulsionSystem/Elements/BasicElements/Inlet.mo -> C:/Users/grabacr/VPSsync/01-WorkspaceSync/modelica-shared/CustomLib/PropulsionSystem/Elements/BasicElements/Inlet.bak-mo
2025-12-12 23:22:26: Move File C:/Users/grabacr/VPSsync/01-WorkspaceSync/modelica-shared/CustomLib/PropulsionSystem/Elements/BasicElements/Inlet_Map_effRam.mo -> C:/Users/grabacr/VPSsync/01-WorkspaceSync/modelica-shared/CustomLib/PropulsionSystem/Elements/BasicElements/Inlet_Map_effRam.bak-mo
2025-12-12 23:22:26: Move File C:/Users/grabacr/VPSsync/01-WorkspaceSync/modelica-shared/CustomLib/PropulsionSystem/Elements/BasicElements/NozzleConv.mo -> C:/Users/grabacr/VPSsync/01-WorkspaceSync/modelica-shared/CustomLib/PropulsionSystem/Elements/BasicElements/NozzleConv.bak-mo
2025-12-12 23:22:26: Move File C:/Users/grabacr/VPSsync/01-WorkspaceSync/modelica-shared/CustomLib/PropulsionSystem/Elements/BasicElements/NozzleConv_defAmech.mo -> C:/Users/grabacr/VPSsync/01-WorkspaceSync/modelica-shared/CustomLib/PropulsionSystem/Elements/BasicElements/NozzleConv_defAmech.bak-mo
2025-12-12 23:22:26: Move File C:/Users/grabacr/VPSsync/01-WorkspaceSync/modelica-shared/CustomLib/PropulsionSystem/Elements/BasicElements/NozzleConv_defAmech_Map_CdThCv.mo -> C:/Users/grabacr/VPSsync/01-WorkspaceSync/modelica-shared/CustomLib/PropulsionSystem/Elements/BasicElements/NozzleConv_defAmech_Map_CdThCv.bak-mo
2025-12-12 23:22:26: Move File C:/Users/grabacr/VPSsync/01-WorkspaceSync/modelica-shared/CustomLib/PropulsionSystem/Elements/BasicElements/NzlDefAeByFlowCharFixed01.mo -> C:/Users/grabacr/VPSsync/01-WorkspaceSync/modelica-shared/CustomLib/PropulsionSystem/Elements/BasicElements/NzlDefAeByFlowCharFixed01.bak-mo
2025-12-12 23:22:26: Move File C:/Users/grabacr/VPSsync/01-WorkspaceSync/modelica-shared/CustomLib/PropulsionSystem/Elements/BasicElements/NzlDefAeByFlowCharFixed02.mo -> C:/Users/grabacr/VPSsync/01-WorkspaceSync/modelica-shared/CustomLib/PropulsionSystem/Elements/BasicElements/NzlDefAeByFlowCharFixed02.bak-mo
2025-12-12 23:22:26: Copy Over 'sftp://os3-310-44666.vs.sakura.ne.jp/home/ubuntu/VPSsync/01-WorkspaceSync/modelica-shared/CustomLib/PropulsionSystem/Examples/Elements/JetNozzles/NozzleDesignPoint00_ex00.mo' -> 'C:/Users/grabacr/VPSsync/01-WorkspaceSync/modelica-shared/CustomLib/PropulsionSystem/Examples/Elements/JetNozzles/NozzleDesignPoint00_ex00.mo' (3,664)
2025-12-12 23:22:26: Move File C:/Users/grabacr/VPSsync/01-WorkspaceSync/modelica-shared/CustomLib/PropulsionSystem/Elements/BasicElements/PropellerActDisk.mo -> C:/Users/grabacr/VPSsync/01-WorkspaceSync/modelica-shared/CustomLib/PropulsionSystem/Elements/BasicElements/PropellerActDisk.bak-mo
2025-12-12 23:22:26: Move File C:/Users/grabacr/VPSsync/01-WorkspaceSync/modelica-shared/CustomLib/PropulsionSystem/Elements/BasicElements/Turbine.mo -> C:/Users/grabacr/VPSsync/01-WorkspaceSync/modelica-shared/CustomLib/PropulsionSystem/Elements/BasicElements/Turbine.bak-mo
2025-12-12 23:22:26: Move File C:/Users/grabacr/VPSsync/01-WorkspaceSync/modelica-shared/CustomLib/PropulsionSystem/Elements/BasicElements/Turbine_exponentialCurve.mo -> C:/Users/grabacr/VPSsync/01-WorkspaceSync/modelica-shared/CustomLib/PropulsionSystem/Elements/BasicElements/Turbine_exponentialCurve.bak-mo
2025-12-12 23:22:26: Move File C:/Users/grabacr/VPSsync/01-WorkspaceSync/modelica-shared/CustomLib/PropulsionSystem/Elements/BasicElements/Turbine_Map_WcEff.mo -> C:/Users/grabacr/VPSsync/01-WorkspaceSync/modelica-shared/CustomLib/PropulsionSystem/Elements/BasicElements/Turbine_Map_WcEff.bak-mo
2025-12-12 23:22:26: Copy Over 'sftp://os3-310-44666.vs.sakura.ne.jp/home/ubuntu/VPSsync/01-WorkspaceSync/modelica-shared/CustomLib/PropulsionSystem/Examples/Elements/JetNozzles/package.order' -> 'C:/Users/grabacr/VPSsync/01-WorkspaceSync/modelica-shared/CustomLib/PropulsionSystem/Examples/Elements/JetNozzles/package.order' (25)
2025-12-12 23:22:26: Copy Over 'sftp://os3-310-44666.vs.sakura.ne.jp/home/ubuntu/VPSsync/01-WorkspaceSync/modelica-shared/CustomLib/PropulsionSystem/Elements/BasicElements/package.mo' -> 'C:/Users/grabacr/VPSsync/01-WorkspaceSync/modelica-shared/CustomLib/PropulsionSystem/Elements/BasicElements/package.mo' (118)
2025-12-12 23:22:26: Copy Over 'sftp://os3-310-44666.vs.sakura.ne.jp/home/ubuntu/VPSsync/01-WorkspaceSync/modelica-shared/CustomLib/PropulsionSystem/Elements/BasicElements/package.order' -> 'C:/Users/grabacr/VPSsync/01-WorkspaceSync/modelica-shared/CustomLib/PropulsionSystem/Elements/BasicElements/package.order' (829)
2025-12-12 23:22:27: Save State File C:/Users/grabacr/VPSsync/01-WorkspaceSync/modelica-shared/CustomLib/PropulsionSystem/_gsdata_/_file_state_v4._gs
2025-12-12 23:22:27: Save State File sftp://os3-310-44666.vs.sakura.ne.jp/home/ubuntu/VPSsync/01-WorkspaceSync/modelica-shared/CustomLib/PropulsionSystem/_gsdata_/_file_state_v4._gs
2025-12-12 23:22:41: == Sync Complete. Time: 00:00:16, Speed: 0.00/s, OK: 50, Errors: 0
