2025-11-25 21:46:19: Server: SSH-2.0-OpenSSH_9.6p1 Ubuntu-3ubuntu13.14
2025-11-25 21:46:19: Server KEXes: sntrup761x25519-sha512@openssh.com,curve25519-sha256,curve25519-sha256@libssh.org,ecdh-sha2-nistp256,ecdh-sha2-nistp384,ecdh-sha2-nistp521,diffie-hellman-group-exchange-sha256,diffie-hellman-group16-sha512,diffie-hellman-group18-sha512,diffie-hellman-group14-sha256,ext-info-s,kex-strict-s-v00@openssh.com
2025-11-25 21:46:19: Server Host Keys: rsa-sha2-512,rsa-sha2-256,ecdsa-sha2-nistp256,ssh-ed25519
2025-11-25 21:46:19: Chosen Host Key: ssh-ed25519
2025-11-25 21:46:19: Ciphers: chacha20-poly1305@openssh.com,aes128-ctr,aes192-ctr,aes256-ctr,aes128-gcm@openssh.com,aes256-gcm@openssh.com
2025-11-25 21:46:19: MACs: umac-64-etm@openssh.com,umac-128-etm@openssh.com,hmac-sha2-256-etm@openssh.com,hmac-sha2-512-etm@openssh.com,hmac-sha1-etm@openssh.com,umac-64@openssh.com,umac-128@openssh.com,hmac-sha2-256,hmac-sha2-512,hmac-sha1
2025-11-25 21:46:19: Auth: start: publickey
2025-11-25 21:46:19: Auth: publickey: no keys available
2025-11-25 21:46:19: Auth: start: password
2025-11-25 21:46:21: -- Analysis Started by On File Change Incremental
2025-11-25 21:46:21: L: Reading State File C:/Users/grabacr/VPSsync/01-WorkspaceSync/modelica-shared/CustomLib/PropulsionSystem/_gsdata_/_file_state_v4._gs
2025-11-25 21:46:21: R: Reading State File sftp://os3-310-44666.vs.sakura.ne.jp/home/ubuntu/VPSsync/01-WorkspaceSync/modelica-shared/CustomLib/PropulsionSystem/_gsdata_/_file_state_v4._gs
2025-11-25 21:47:28: Changes: 123, Conflicts: 0, CopyTime: 0, FixState: 0, Errors: 0, All: 3228
2025-11-25 21:47:28: Left to Right: Copy File: 123 
2025-11-25 21:47:28: == Sync Started by On File Change Incremental
2025-11-25 21:47:29: ConnectCloned connected to file:///~grabacr/VPSsync/01-WorkspaceSync/modelica-shared/CustomLib/PropulsionSystem
2025-11-25 21:47:29: ConnectCloned connected to file:///~grabacr/VPSsync/01-WorkspaceSync/modelica-shared/CustomLib/PropulsionSystem
2025-11-25 21:47:29: ConnectCloned connected to file:///~grabacr/VPSsync/01-WorkspaceSync/modelica-shared/CustomLib/PropulsionSystem
2025-11-25 21:47:29: Server: SSH-2.0-OpenSSH_9.6p1 Ubuntu-3ubuntu13.14
2025-11-25 21:47:29: Server: SSH-2.0-OpenSSH_9.6p1 Ubuntu-3ubuntu13.14
2025-11-25 21:47:29: Server: SSH-2.0-OpenSSH_9.6p1 Ubuntu-3ubuntu13.14
2025-11-25 21:47:29: Server KEXes: sntrup761x25519-sha512@openssh.com,curve25519-sha256,curve25519-sha256@libssh.org,ecdh-sha2-nistp256,ecdh-sha2-nistp384,ecdh-sha2-nistp521,diffie-hellman-group-exchange-sha256,diffie-hellman-group16-sha512,diffie-hellman-group18-sha512,diffie-hellman-group14-sha256,ext-info-s,kex-strict-s-v00@openssh.com
2025-11-25 21:47:29: Server Host Keys: rsa-sha2-512,rsa-sha2-256,ecdsa-sha2-nistp256,ssh-ed25519
2025-11-25 21:47:29: Chosen Host Key: ssh-ed25519
2025-11-25 21:47:29: Ciphers: chacha20-poly1305@openssh.com,aes128-ctr,aes192-ctr,aes256-ctr,aes128-gcm@openssh.com,aes256-gcm@openssh.com
2025-11-25 21:47:29: MACs: umac-64-etm@openssh.com,umac-128-etm@openssh.com,hmac-sha2-256-etm@openssh.com,hmac-sha2-512-etm@openssh.com,hmac-sha1-etm@openssh.com,umac-64@openssh.com,umac-128@openssh.com,hmac-sha2-256,hmac-sha2-512,hmac-sha1
2025-11-25 21:47:29: Server KEXes: sntrup761x25519-sha512@openssh.com,curve25519-sha256,curve25519-sha256@libssh.org,ecdh-sha2-nistp256,ecdh-sha2-nistp384,ecdh-sha2-nistp521,diffie-hellman-group-exchange-sha256,diffie-hellman-group16-sha512,diffie-hellman-group18-sha512,diffie-hellman-group14-sha256,ext-info-s,kex-strict-s-v00@openssh.com
2025-11-25 21:47:29: Server Host Keys: rsa-sha2-512,rsa-sha2-256,ecdsa-sha2-nistp256,ssh-ed25519
2025-11-25 21:47:29: Chosen Host Key: ssh-ed25519
2025-11-25 21:47:29: Ciphers: chacha20-poly1305@openssh.com,aes128-ctr,aes192-ctr,aes256-ctr,aes128-gcm@openssh.com,aes256-gcm@openssh.com
2025-11-25 21:47:29: MACs: umac-64-etm@openssh.com,umac-128-etm@openssh.com,hmac-sha2-256-etm@openssh.com,hmac-sha2-512-etm@openssh.com,hmac-sha1-etm@openssh.com,umac-64@openssh.com,umac-128@openssh.com,hmac-sha2-256,hmac-sha2-512,hmac-sha1
2025-11-25 21:47:29: Server KEXes: sntrup761x25519-sha512@openssh.com,curve25519-sha256,curve25519-sha256@libssh.org,ecdh-sha2-nistp256,ecdh-sha2-nistp384,ecdh-sha2-nistp521,diffie-hellman-group-exchange-sha256,diffie-hellman-group16-sha512,diffie-hellman-group18-sha512,diffie-hellman-group14-sha256,ext-info-s,kex-strict-s-v00@openssh.com
2025-11-25 21:47:29: Server Host Keys: rsa-sha2-512,rsa-sha2-256,ecdsa-sha2-nistp256,ssh-ed25519
2025-11-25 21:47:29: Chosen Host Key: ssh-ed25519
2025-11-25 21:47:29: Ciphers: chacha20-poly1305@openssh.com,aes128-ctr,aes192-ctr,aes256-ctr,aes128-gcm@openssh.com,aes256-gcm@openssh.com
2025-11-25 21:47:29: MACs: umac-64-etm@openssh.com,umac-128-etm@openssh.com,hmac-sha2-256-etm@openssh.com,hmac-sha2-512-etm@openssh.com,hmac-sha1-etm@openssh.com,umac-64@openssh.com,umac-128@openssh.com,hmac-sha2-256,hmac-sha2-512,hmac-sha1
2025-11-25 21:47:29: Auth: start: publickey
2025-11-25 21:47:29: Auth: start: publickey
2025-11-25 21:47:29: Auth: publickey: no keys available
2025-11-25 21:47:29: Auth: start: password
2025-11-25 21:47:29: Auth: publickey: no keys available
2025-11-25 21:47:29: Auth: start: password
2025-11-25 21:47:29: Auth: start: publickey
2025-11-25 21:47:29: Auth: publickey: no keys available
2025-11-25 21:47:29: Auth: start: password
2025-11-25 21:47:30: GsConnectAndSetRoot1 connected to sftp://os3-310-44666.vs.sakura.ne.jp/home/ubuntu/VPSsync/01-WorkspaceSync/modelica-shared/CustomLib/PropulsionSystem
2025-11-25 21:47:30: GsConnectAndSetRoot1 connected to sftp://os3-310-44666.vs.sakura.ne.jp/home/ubuntu/VPSsync/01-WorkspaceSync/modelica-shared/CustomLib/PropulsionSystem
2025-11-25 21:47:30: GsConnectAndSetRoot1 connected to sftp://os3-310-44666.vs.sakura.ne.jp/home/ubuntu/VPSsync/01-WorkspaceSync/modelica-shared/CustomLib/PropulsionSystem
2025-11-25 21:47:31: Copy Over 'C:/Users/grabacr/VPSsync/01-WorkspaceSync/modelica-shared/CustomLib/PropulsionSystem/.git/logs/HEAD' -> 'sftp://os3-310-44666.vs.sakura.ne.jp/home/ubuntu/VPSsync/01-WorkspaceSync/modelica-shared/CustomLib/PropulsionSystem/.git/logs/HEAD' (9,814)
2025-11-25 21:47:31: Copy Over 'C:/Users/grabacr/VPSsync/01-WorkspaceSync/modelica-shared/CustomLib/PropulsionSystem/.git/COMMIT_EDITMSG' -> 'sftp://os3-310-44666.vs.sakura.ne.jp/home/ubuntu/VPSsync/01-WorkspaceSync/modelica-shared/CustomLib/PropulsionSystem/.git/COMMIT_EDITMSG' (11)
2025-11-25 21:47:31: Copy New 'C:/Users/grabacr/VPSsync/01-WorkspaceSync/modelica-shared/CustomLib/PropulsionSystem/.git/objects/01/cae5d0b47f5ef18a8a31a9c3f532a812ce02ac' -> 'sftp://os3-310-44666.vs.sakura.ne.jp/home/ubuntu/VPSsync/01-WorkspaceSync/modelica-shared/CustomLib/PropulsionSystem/.git/objects/01/cae5d0b47f5ef18a8a31a9c3f532a812ce02ac' (1,237)
2025-11-25 21:47:31: Copy Over 'C:/Users/grabacr/VPSsync/01-WorkspaceSync/modelica-shared/CustomLib/PropulsionSystem/.git/index' -> 'sftp://os3-310-44666.vs.sakura.ne.jp/home/ubuntu/VPSsync/01-WorkspaceSync/modelica-shared/CustomLib/PropulsionSystem/.git/index' (262,131)
2025-11-25 21:47:31: Copy Over 'C:/Users/grabacr/VPSsync/01-WorkspaceSync/modelica-shared/CustomLib/PropulsionSystem/.git/logs/refs/heads/master' -> 'sftp://os3-310-44666.vs.sakura.ne.jp/home/ubuntu/VPSsync/01-WorkspaceSync/modelica-shared/CustomLib/PropulsionSystem/.git/logs/refs/heads/master' (9,814)
2025-11-25 21:47:31: Copy New 'C:/Users/grabacr/VPSsync/01-WorkspaceSync/modelica-shared/CustomLib/PropulsionSystem/.git/objects/07/d6aac7d3d406c5f4154e32badbc972803bc92a' -> 'sftp://os3-310-44666.vs.sakura.ne.jp/home/ubuntu/VPSsync/01-WorkspaceSync/modelica-shared/CustomLib/PropulsionSystem/.git/objects/07/d6aac7d3d406c5f4154e32badbc972803bc92a' (517)
2025-11-25 21:47:31: Copy Over 'C:/Users/grabacr/VPSsync/01-WorkspaceSync/modelica-shared/CustomLib/PropulsionSystem/.git/objects/01/d3704e06175dd2f07b83067157153c63ff0487' -> 'sftp://os3-310-44666.vs.sakura.ne.jp/home/ubuntu/VPSsync/01-WorkspaceSync/modelica-shared/CustomLib/PropulsionSystem/.git/objects/01/d3704e06175dd2f07b83067157153c63ff0487' (52)
2025-11-25 21:47:32: Copy New 'C:/Users/grabacr/VPSsync/01-WorkspaceSync/modelica-shared/CustomLib/PropulsionSystem/.git/objects/09/3182a2b9118325ac7e37f5dcb0513aa8a1dd02' -> 'sftp://os3-310-44666.vs.sakura.ne.jp/home/ubuntu/VPSsync/01-WorkspaceSync/modelica-shared/CustomLib/PropulsionSystem/.git/objects/09/3182a2b9118325ac7e37f5dcb0513aa8a1dd02' (58)
2025-11-25 21:47:32: Copy New 'C:/Users/grabacr/VPSsync/01-WorkspaceSync/modelica-shared/CustomLib/PropulsionSystem/.git/objects/09/7687205e54b65e00f4aa76d17e373dfdcac6a1' -> 'sftp://os3-310-44666.vs.sakura.ne.jp/home/ubuntu/VPSsync/01-WorkspaceSync/modelica-shared/CustomLib/PropulsionSystem/.git/objects/09/7687205e54b65e00f4aa76d17e373dfdcac6a1' (58)
2025-11-25 21:47:32: Create Folder sftp://os3-310-44666.vs.sakura.ne.jp/home/ubuntu/VPSsync/01-WorkspaceSync/modelica-shared/CustomLib/PropulsionSystem/.git/objects/0e
2025-11-25 21:47:32: Copy New 'C:/Users/grabacr/VPSsync/01-WorkspaceSync/modelica-shared/CustomLib/PropulsionSystem/.git/objects/0b/ad48025261da76b1f991a114463addc1e9bb3a' -> 'sftp://os3-310-44666.vs.sakura.ne.jp/home/ubuntu/VPSsync/01-WorkspaceSync/modelica-shared/CustomLib/PropulsionSystem/.git/objects/0b/ad48025261da76b1f991a114463addc1e9bb3a' (58)
2025-11-25 21:47:32: Copy New 'C:/Users/grabacr/VPSsync/01-WorkspaceSync/modelica-shared/CustomLib/PropulsionSystem/.git/objects/0c/ac8067c820eec2e05bae4201daee4ead825918' -> 'sftp://os3-310-44666.vs.sakura.ne.jp/home/ubuntu/VPSsync/01-WorkspaceSync/modelica-shared/CustomLib/PropulsionSystem/.git/objects/0c/ac8067c820eec2e05bae4201daee4ead825918' (103)
2025-11-25 21:47:32: Copy New 'C:/Users/grabacr/VPSsync/01-WorkspaceSync/modelica-shared/CustomLib/PropulsionSystem/.git/objects/0e/528baf6dd6d5590c4814d33c0dd3502df7320f' -> 'sftp://os3-310-44666.vs.sakura.ne.jp/home/ubuntu/VPSsync/01-WorkspaceSync/modelica-shared/CustomLib/PropulsionSystem/.git/objects/0e/528baf6dd6d5590c4814d33c0dd3502df7320f' (91)
2025-11-25 21:47:32: Copy New 'C:/Users/grabacr/VPSsync/01-WorkspaceSync/modelica-shared/CustomLib/PropulsionSystem/.git/objects/12/91f0aaa9f2c15ae45b63998ac2c52e138cdd10' -> 'sftp://os3-310-44666.vs.sakura.ne.jp/home/ubuntu/VPSsync/01-WorkspaceSync/modelica-shared/CustomLib/PropulsionSystem/.git/objects/12/91f0aaa9f2c15ae45b63998ac2c52e138cdd10' (58)
2025-11-25 21:47:32: Copy New 'C:/Users/grabacr/VPSsync/01-WorkspaceSync/modelica-shared/CustomLib/PropulsionSystem/.git/objects/22/66d931604c2f9957b4506224f8fed48724f0aa' -> 'sftp://os3-310-44666.vs.sakura.ne.jp/home/ubuntu/VPSsync/01-WorkspaceSync/modelica-shared/CustomLib/PropulsionSystem/.git/objects/22/66d931604c2f9957b4506224f8fed48724f0aa' (695)
2025-11-25 21:47:32: Copy New 'C:/Users/grabacr/VPSsync/01-WorkspaceSync/modelica-shared/CustomLib/PropulsionSystem/.git/objects/23/1b13eb572a7ba22eb973baf1c870d53076f9ef' -> 'sftp://os3-310-44666.vs.sakura.ne.jp/home/ubuntu/VPSsync/01-WorkspaceSync/modelica-shared/CustomLib/PropulsionSystem/.git/objects/23/1b13eb572a7ba22eb973baf1c870d53076f9ef' (1,315)
2025-11-25 21:47:32: Copy New 'C:/Users/grabacr/VPSsync/01-WorkspaceSync/modelica-shared/CustomLib/PropulsionSystem/.git/objects/22/7290dac6dd74438f1f1fab59a7f8ea63479eaf' -> 'sftp://os3-310-44666.vs.sakura.ne.jp/home/ubuntu/VPSsync/01-WorkspaceSync/modelica-shared/CustomLib/PropulsionSystem/.git/objects/22/7290dac6dd74438f1f1fab59a7f8ea63479eaf' (58)
2025-11-25 21:47:32: Copy New 'C:/Users/grabacr/VPSsync/01-WorkspaceSync/modelica-shared/CustomLib/PropulsionSystem/.git/objects/25/26bc2328f53598d2f5e2ed57351a826a72dc13' -> 'sftp://os3-310-44666.vs.sakura.ne.jp/home/ubuntu/VPSsync/01-WorkspaceSync/modelica-shared/CustomLib/PropulsionSystem/.git/objects/25/26bc2328f53598d2f5e2ed57351a826a72dc13' (674)
2025-11-25 21:47:32: Copy New 'C:/Users/grabacr/VPSsync/01-WorkspaceSync/modelica-shared/CustomLib/PropulsionSystem/.git/objects/26/9aafedbb317e76b6ee7490ac150f9b76864bbe' -> 'sftp://os3-310-44666.vs.sakura.ne.jp/home/ubuntu/VPSsync/01-WorkspaceSync/modelica-shared/CustomLib/PropulsionSystem/.git/objects/26/9aafedbb317e76b6ee7490ac150f9b76864bbe' (58)
2025-11-25 21:47:32: Copy New 'C:/Users/grabacr/VPSsync/01-WorkspaceSync/modelica-shared/CustomLib/PropulsionSystem/.git/objects/27/a0cab72997683003fce6b3c6bbee439f14ae44' -> 'sftp://os3-310-44666.vs.sakura.ne.jp/home/ubuntu/VPSsync/01-WorkspaceSync/modelica-shared/CustomLib/PropulsionSystem/.git/objects/27/a0cab72997683003fce6b3c6bbee439f14ae44' (57)
2025-11-25 21:47:32: Copy New 'C:/Users/grabacr/VPSsync/01-WorkspaceSync/modelica-shared/CustomLib/PropulsionSystem/.git/objects/28/6f0b827f90ee871f1105f3b0fc742fce1ee0dc' -> 'sftp://os3-310-44666.vs.sakura.ne.jp/home/ubuntu/VPSsync/01-WorkspaceSync/modelica-shared/CustomLib/PropulsionSystem/.git/objects/28/6f0b827f90ee871f1105f3b0fc742fce1ee0dc' (492)
2025-11-25 21:47:32: Copy New 'C:/Users/grabacr/VPSsync/01-WorkspaceSync/modelica-shared/CustomLib/PropulsionSystem/.git/objects/2d/4f9e5f486d619ef0d600437b896daf071605be' -> 'sftp://os3-310-44666.vs.sakura.ne.jp/home/ubuntu/VPSsync/01-WorkspaceSync/modelica-shared/CustomLib/PropulsionSystem/.git/objects/2d/4f9e5f486d619ef0d600437b896daf071605be' (118)
2025-11-25 21:47:32: Copy New 'C:/Users/grabacr/VPSsync/01-WorkspaceSync/modelica-shared/CustomLib/PropulsionSystem/.git/objects/2b/1e45fc386d359a36d9bf884b62b7008f5c6086' -> 'sftp://os3-310-44666.vs.sakura.ne.jp/home/ubuntu/VPSsync/01-WorkspaceSync/modelica-shared/CustomLib/PropulsionSystem/.git/objects/2b/1e45fc386d359a36d9bf884b62b7008f5c6086' (80,585)
2025-11-25 21:47:33: Copy New 'C:/Users/grabacr/VPSsync/01-WorkspaceSync/modelica-shared/CustomLib/PropulsionSystem/.git/objects/32/009de097ea9d4f85ac712055df54ea7d22b566' -> 'sftp://os3-310-44666.vs.sakura.ne.jp/home/ubuntu/VPSsync/01-WorkspaceSync/modelica-shared/CustomLib/PropulsionSystem/.git/objects/32/009de097ea9d4f85ac712055df54ea7d22b566' (846)
2025-11-25 21:47:33: Copy Over 'C:/Users/grabacr/VPSsync/01-WorkspaceSync/modelica-shared/CustomLib/PropulsionSystem/.git/objects/2e/afac63d1bb2081f89616c79b6a9030f1aae35d' -> 'sftp://os3-310-44666.vs.sakura.ne.jp/home/ubuntu/VPSsync/01-WorkspaceSync/modelica-shared/CustomLib/PropulsionSystem/.git/objects/2e/afac63d1bb2081f89616c79b6a9030f1aae35d' (260)
2025-11-25 21:47:33: Copy Over 'C:/Users/grabacr/VPSsync/01-WorkspaceSync/modelica-shared/CustomLib/PropulsionSystem/.git/objects/31/54fbcac0884606491daeac4c1372d6f08ad8f3' -> 'sftp://os3-310-44666.vs.sakura.ne.jp/home/ubuntu/VPSsync/01-WorkspaceSync/modelica-shared/CustomLib/PropulsionSystem/.git/objects/31/54fbcac0884606491daeac4c1372d6f08ad8f3' (66)
2025-11-25 21:47:33: Copy New 'C:/Users/grabacr/VPSsync/01-WorkspaceSync/modelica-shared/CustomLib/PropulsionSystem/.git/objects/33/26c83c8c6169be5a86dc4f56d04ab037580240' -> 'sftp://os3-310-44666.vs.sakura.ne.jp/home/ubuntu/VPSsync/01-WorkspaceSync/modelica-shared/CustomLib/PropulsionSystem/.git/objects/33/26c83c8c6169be5a86dc4f56d04ab037580240' (57)
2025-11-25 21:47:33: Copy New 'C:/Users/grabacr/VPSsync/01-WorkspaceSync/modelica-shared/CustomLib/PropulsionSystem/.git/objects/36/560a0fa3c9f248e85f31ed827eeb0302dd4357' -> 'sftp://os3-310-44666.vs.sakura.ne.jp/home/ubuntu/VPSsync/01-WorkspaceSync/modelica-shared/CustomLib/PropulsionSystem/.git/objects/36/560a0fa3c9f248e85f31ed827eeb0302dd4357' (58)
2025-11-25 21:47:33: Copy New 'C:/Users/grabacr/VPSsync/01-WorkspaceSync/modelica-shared/CustomLib/PropulsionSystem/.git/objects/39/0d5d382222f4d96271377eeb553959a87c0daa' -> 'sftp://os3-310-44666.vs.sakura.ne.jp/home/ubuntu/VPSsync/01-WorkspaceSync/modelica-shared/CustomLib/PropulsionSystem/.git/objects/39/0d5d382222f4d96271377eeb553959a87c0daa' (58)
2025-11-25 21:47:33: Copy Over 'C:/Users/grabacr/VPSsync/01-WorkspaceSync/modelica-shared/CustomLib/PropulsionSystem/.git/objects/33/ea969aecd50d10899283470b902893019f08a7' -> 'sftp://os3-310-44666.vs.sakura.ne.jp/home/ubuntu/VPSsync/01-WorkspaceSync/modelica-shared/CustomLib/PropulsionSystem/.git/objects/33/ea969aecd50d10899283470b902893019f08a7' (731)
2025-11-25 21:47:33: Copy New 'C:/Users/grabacr/VPSsync/01-WorkspaceSync/modelica-shared/CustomLib/PropulsionSystem/.git/objects/39/fece399f1476fdee99a2aac19cb01725f01504' -> 'sftp://os3-310-44666.vs.sakura.ne.jp/home/ubuntu/VPSsync/01-WorkspaceSync/modelica-shared/CustomLib/PropulsionSystem/.git/objects/39/fece399f1476fdee99a2aac19cb01725f01504' (97)
2025-11-25 21:47:33: Copy New 'C:/Users/grabacr/VPSsync/01-WorkspaceSync/modelica-shared/CustomLib/PropulsionSystem/.git/objects/36/9a20b67ec492b33b1a83e4b74230652b9f8872' -> 'sftp://os3-310-44666.vs.sakura.ne.jp/home/ubuntu/VPSsync/01-WorkspaceSync/modelica-shared/CustomLib/PropulsionSystem/.git/objects/36/9a20b67ec492b33b1a83e4b74230652b9f8872' (57)
2025-11-25 21:47:33: Copy New 'C:/Users/grabacr/VPSsync/01-WorkspaceSync/modelica-shared/CustomLib/PropulsionSystem/.git/objects/36/e6084e53e2a55bc9bf04ff7ac4761c1837e28c' -> 'sftp://os3-310-44666.vs.sakura.ne.jp/home/ubuntu/VPSsync/01-WorkspaceSync/modelica-shared/CustomLib/PropulsionSystem/.git/objects/36/e6084e53e2a55bc9bf04ff7ac4761c1837e28c' (137)
2025-11-25 21:47:33: Copy New 'C:/Users/grabacr/VPSsync/01-WorkspaceSync/modelica-shared/CustomLib/PropulsionSystem/.git/objects/43/1f5e5002e829698adde4c4cb4240d92d06fdad' -> 'sftp://os3-310-44666.vs.sakura.ne.jp/home/ubuntu/VPSsync/01-WorkspaceSync/modelica-shared/CustomLib/PropulsionSystem/.git/objects/43/1f5e5002e829698adde4c4cb4240d92d06fdad' (837)
2025-11-25 21:47:33: Copy New 'C:/Users/grabacr/VPSsync/01-WorkspaceSync/modelica-shared/CustomLib/PropulsionSystem/.git/objects/47/c70318a584c6eafbc1a347c2315ffe9f8e3d99' -> 'sftp://os3-310-44666.vs.sakura.ne.jp/home/ubuntu/VPSsync/01-WorkspaceSync/modelica-shared/CustomLib/PropulsionSystem/.git/objects/47/c70318a584c6eafbc1a347c2315ffe9f8e3d99' (58)
2025-11-25 21:47:33: Copy New 'C:/Users/grabacr/VPSsync/01-WorkspaceSync/modelica-shared/CustomLib/PropulsionSystem/.git/objects/43/3360c4dddd3a6f53706f507b3c090fe400c1ab' -> 'sftp://os3-310-44666.vs.sakura.ne.jp/home/ubuntu/VPSsync/01-WorkspaceSync/modelica-shared/CustomLib/PropulsionSystem/.git/objects/43/3360c4dddd3a6f53706f507b3c090fe400c1ab' (180)
2025-11-25 21:47:33: Copy New 'C:/Users/grabacr/VPSsync/01-WorkspaceSync/modelica-shared/CustomLib/PropulsionSystem/.git/objects/50/71e4d7defabc9a9c108cbf41af90012445e27c' -> 'sftp://os3-310-44666.vs.sakura.ne.jp/home/ubuntu/VPSsync/01-WorkspaceSync/modelica-shared/CustomLib/PropulsionSystem/.git/objects/50/71e4d7defabc9a9c108cbf41af90012445e27c' (494)
2025-11-25 21:47:33: Copy New 'C:/Users/grabacr/VPSsync/01-WorkspaceSync/modelica-shared/CustomLib/PropulsionSystem/.git/objects/51/199f4151f585edf7ae6c6c546dd4d9689fc643' -> 'sftp://os3-310-44666.vs.sakura.ne.jp/home/ubuntu/VPSsync/01-WorkspaceSync/modelica-shared/CustomLib/PropulsionSystem/.git/objects/51/199f4151f585edf7ae6c6c546dd4d9689fc643' (785)
2025-11-25 21:47:33: Copy Over 'C:/Users/grabacr/VPSsync/01-WorkspaceSync/modelica-shared/CustomLib/PropulsionSystem/.git/objects/4b/92cc5ded11ae4ebb73f277ea28e47407641796' -> 'sftp://os3-310-44666.vs.sakura.ne.jp/home/ubuntu/VPSsync/01-WorkspaceSync/modelica-shared/CustomLib/PropulsionSystem/.git/objects/4b/92cc5ded11ae4ebb73f277ea28e47407641796' (137)
2025-11-25 21:47:34: Copy New 'C:/Users/grabacr/VPSsync/01-WorkspaceSync/modelica-shared/CustomLib/PropulsionSystem/.git/objects/55/379ad79606ad118daa70dccd218be9bafa0b0d' -> 'sftp://os3-310-44666.vs.sakura.ne.jp/home/ubuntu/VPSsync/01-WorkspaceSync/modelica-shared/CustomLib/PropulsionSystem/.git/objects/55/379ad79606ad118daa70dccd218be9bafa0b0d' (491)
2025-11-25 21:47:34: Copy New 'C:/Users/grabacr/VPSsync/01-WorkspaceSync/modelica-shared/CustomLib/PropulsionSystem/.git/objects/51/6962455a7a2ac79fbb1ac265ece6ca5a8cd381' -> 'sftp://os3-310-44666.vs.sakura.ne.jp/home/ubuntu/VPSsync/01-WorkspaceSync/modelica-shared/CustomLib/PropulsionSystem/.git/objects/51/6962455a7a2ac79fbb1ac265ece6ca5a8cd381' (782)
2025-11-25 21:47:34: Copy New 'C:/Users/grabacr/VPSsync/01-WorkspaceSync/modelica-shared/CustomLib/PropulsionSystem/.git/objects/59/b327a80bdfbba632ec6b1cb0096e33c4bab506' -> 'sftp://os3-310-44666.vs.sakura.ne.jp/home/ubuntu/VPSsync/01-WorkspaceSync/modelica-shared/CustomLib/PropulsionSystem/.git/objects/59/b327a80bdfbba632ec6b1cb0096e33c4bab506' (1,085)
2025-11-25 21:47:34: Copy Over 'C:/Users/grabacr/VPSsync/01-WorkspaceSync/modelica-shared/CustomLib/PropulsionSystem/.git/objects/58/63120ebb1bce173b08a99c99cbba589193254c' -> 'sftp://os3-310-44666.vs.sakura.ne.jp/home/ubuntu/VPSsync/01-WorkspaceSync/modelica-shared/CustomLib/PropulsionSystem/.git/objects/58/63120ebb1bce173b08a99c99cbba589193254c' (54)
2025-11-25 21:47:34: Copy New 'C:/Users/grabacr/VPSsync/01-WorkspaceSync/modelica-shared/CustomLib/PropulsionSystem/.git/objects/5b/20d02a5c3e34d6708faa8d57d0380500f4c8a9' -> 'sftp://os3-310-44666.vs.sakura.ne.jp/home/ubuntu/VPSsync/01-WorkspaceSync/modelica-shared/CustomLib/PropulsionSystem/.git/objects/5b/20d02a5c3e34d6708faa8d57d0380500f4c8a9' (671)
2025-11-25 21:47:34: Copy New 'C:/Users/grabacr/VPSsync/01-WorkspaceSync/modelica-shared/CustomLib/PropulsionSystem/.git/objects/5c/7d7ecd69b9960f418ba29b3b7a9e18b33ec99d' -> 'sftp://os3-310-44666.vs.sakura.ne.jp/home/ubuntu/VPSsync/01-WorkspaceSync/modelica-shared/CustomLib/PropulsionSystem/.git/objects/5c/7d7ecd69b9960f418ba29b3b7a9e18b33ec99d' (841)
2025-11-25 21:47:34: Copy Over 'C:/Users/grabacr/VPSsync/01-WorkspaceSync/modelica-shared/CustomLib/PropulsionSystem/.git/objects/5a/d144511abbeec46ede1b426c1dac27b2cb1150' -> 'sftp://os3-310-44666.vs.sakura.ne.jp/home/ubuntu/VPSsync/01-WorkspaceSync/modelica-shared/CustomLib/PropulsionSystem/.git/objects/5a/d144511abbeec46ede1b426c1dac27b2cb1150' (497)
2025-11-25 21:47:34: Copy New 'C:/Users/grabacr/VPSsync/01-WorkspaceSync/modelica-shared/CustomLib/PropulsionSystem/.git/objects/6d/74496ba423f9985492f3ff73672f7d47497f88' -> 'sftp://os3-310-44666.vs.sakura.ne.jp/home/ubuntu/VPSsync/01-WorkspaceSync/modelica-shared/CustomLib/PropulsionSystem/.git/objects/6d/74496ba423f9985492f3ff73672f7d47497f88' (119)
2025-11-25 21:47:34: Copy New 'C:/Users/grabacr/VPSsync/01-WorkspaceSync/modelica-shared/CustomLib/PropulsionSystem/.git/objects/6e/ff4d00d6b0de0f25486f1f5379c00ebdd254a8' -> 'sftp://os3-310-44666.vs.sakura.ne.jp/home/ubuntu/VPSsync/01-WorkspaceSync/modelica-shared/CustomLib/PropulsionSystem/.git/objects/6e/ff4d00d6b0de0f25486f1f5379c00ebdd254a8' (57)
2025-11-25 21:47:34: Copy Over 'C:/Users/grabacr/VPSsync/01-WorkspaceSync/modelica-shared/CustomLib/PropulsionSystem/.git/objects/63/f58275deb734291463b185e6885c341341b24c' -> 'sftp://os3-310-44666.vs.sakura.ne.jp/home/ubuntu/VPSsync/01-WorkspaceSync/modelica-shared/CustomLib/PropulsionSystem/.git/objects/63/f58275deb734291463b185e6885c341341b24c' (283)
2025-11-25 21:47:34: Copy New 'C:/Users/grabacr/VPSsync/01-WorkspaceSync/modelica-shared/CustomLib/PropulsionSystem/.git/objects/70/c881bd0fa44170047aaeba6026fe21010f4cac' -> 'sftp://os3-310-44666.vs.sakura.ne.jp/home/ubuntu/VPSsync/01-WorkspaceSync/modelica-shared/CustomLib/PropulsionSystem/.git/objects/70/c881bd0fa44170047aaeba6026fe21010f4cac' (448)
2025-11-25 21:47:34: Copy New 'C:/Users/grabacr/VPSsync/01-WorkspaceSync/modelica-shared/CustomLib/PropulsionSystem/.git/objects/6f/b7b4c76d2c5c1c2290b4461585bb16266fa80f' -> 'sftp://os3-310-44666.vs.sakura.ne.jp/home/ubuntu/VPSsync/01-WorkspaceSync/modelica-shared/CustomLib/PropulsionSystem/.git/objects/6f/b7b4c76d2c5c1c2290b4461585bb16266fa80f' (491)
2025-11-25 21:47:34: Copy New 'C:/Users/grabacr/VPSsync/01-WorkspaceSync/modelica-shared/CustomLib/PropulsionSystem/.git/objects/71/e73c4e5660e5ecf7788b64f6dac11b42d6a6db' -> 'sftp://os3-310-44666.vs.sakura.ne.jp/home/ubuntu/VPSsync/01-WorkspaceSync/modelica-shared/CustomLib/PropulsionSystem/.git/objects/71/e73c4e5660e5ecf7788b64f6dac11b42d6a6db' (101)
2025-11-25 21:47:35: Copy New 'C:/Users/grabacr/VPSsync/01-WorkspaceSync/modelica-shared/CustomLib/PropulsionSystem/.git/objects/78/2755198d1371ea609902d2387e90b52633ddce' -> 'sftp://os3-310-44666.vs.sakura.ne.jp/home/ubuntu/VPSsync/01-WorkspaceSync/modelica-shared/CustomLib/PropulsionSystem/.git/objects/78/2755198d1371ea609902d2387e90b52633ddce' (58)
2025-11-25 21:47:35: Copy New 'C:/Users/grabacr/VPSsync/01-WorkspaceSync/modelica-shared/CustomLib/PropulsionSystem/.git/objects/7b/dfe6aed19eb0a8d9816073c8747011aa764cb1' -> 'sftp://os3-310-44666.vs.sakura.ne.jp/home/ubuntu/VPSsync/01-WorkspaceSync/modelica-shared/CustomLib/PropulsionSystem/.git/objects/7b/dfe6aed19eb0a8d9816073c8747011aa764cb1' (119)
2025-11-25 21:47:35: Copy New 'C:/Users/grabacr/VPSsync/01-WorkspaceSync/modelica-shared/CustomLib/PropulsionSystem/.git/objects/78/5935563868a7e61cf8f5ec8b74ab866fcf8f6c' -> 'sftp://os3-310-44666.vs.sakura.ne.jp/home/ubuntu/VPSsync/01-WorkspaceSync/modelica-shared/CustomLib/PropulsionSystem/.git/objects/78/5935563868a7e61cf8f5ec8b74ab866fcf8f6c' (95)
2025-11-25 21:47:35: Copy New 'C:/Users/grabacr/VPSsync/01-WorkspaceSync/modelica-shared/CustomLib/PropulsionSystem/.git/objects/78/ecc5b271e0bad7653fb5b1ab91775c15a57d79' -> 'sftp://os3-310-44666.vs.sakura.ne.jp/home/ubuntu/VPSsync/01-WorkspaceSync/modelica-shared/CustomLib/PropulsionSystem/.git/objects/78/ecc5b271e0bad7653fb5b1ab91775c15a57d79' (58)
2025-11-25 21:47:35: Copy New 'C:/Users/grabacr/VPSsync/01-WorkspaceSync/modelica-shared/CustomLib/PropulsionSystem/.git/objects/7c/11e245a9100e076da3f7c170dab5927dea0d96' -> 'sftp://os3-310-44666.vs.sakura.ne.jp/home/ubuntu/VPSsync/01-WorkspaceSync/modelica-shared/CustomLib/PropulsionSystem/.git/objects/7c/11e245a9100e076da3f7c170dab5927dea0d96' (536)
2025-11-25 21:47:35: Copy New 'C:/Users/grabacr/VPSsync/01-WorkspaceSync/modelica-shared/CustomLib/PropulsionSystem/.git/objects/7d/66a0a3f9f74f8768aa2bba87f35cd3158f1c2e' -> 'sftp://os3-310-44666.vs.sakura.ne.jp/home/ubuntu/VPSsync/01-WorkspaceSync/modelica-shared/CustomLib/PropulsionSystem/.git/objects/7d/66a0a3f9f74f8768aa2bba87f35cd3158f1c2e' (58)
2025-11-25 21:47:35: Create Folder sftp://os3-310-44666.vs.sakura.ne.jp/home/ubuntu/VPSsync/01-WorkspaceSync/modelica-shared/CustomLib/PropulsionSystem/.git/objects/7e
2025-11-25 21:47:35: Copy New 'C:/Users/grabacr/VPSsync/01-WorkspaceSync/modelica-shared/CustomLib/PropulsionSystem/.git/objects/7c/ead579f18f0e079f298f238a2852eb10dca843' -> 'sftp://os3-310-44666.vs.sakura.ne.jp/home/ubuntu/VPSsync/01-WorkspaceSync/modelica-shared/CustomLib/PropulsionSystem/.git/objects/7c/ead579f18f0e079f298f238a2852eb10dca843' (137)
2025-11-25 21:47:35: Copy New 'C:/Users/grabacr/VPSsync/01-WorkspaceSync/modelica-shared/CustomLib/PropulsionSystem/.git/objects/7c/f14fce89dda76473b656fa6e25c409ab46012d' -> 'sftp://os3-310-44666.vs.sakura.ne.jp/home/ubuntu/VPSsync/01-WorkspaceSync/modelica-shared/CustomLib/PropulsionSystem/.git/objects/7c/f14fce89dda76473b656fa6e25c409ab46012d' (159)
2025-11-25 21:47:35: Copy New 'C:/Users/grabacr/VPSsync/01-WorkspaceSync/modelica-shared/CustomLib/PropulsionSystem/.git/objects/7e/f779d7ff468e222b8acab059b2f20f0c399301' -> 'sftp://os3-310-44666.vs.sakura.ne.jp/home/ubuntu/VPSsync/01-WorkspaceSync/modelica-shared/CustomLib/PropulsionSystem/.git/objects/7e/f779d7ff468e222b8acab059b2f20f0c399301' (58)
2025-11-25 21:47:35: Copy New 'C:/Users/grabacr/VPSsync/01-WorkspaceSync/modelica-shared/CustomLib/PropulsionSystem/.git/objects/7f/d74e40b78fefd05206a47399bd658a73ea0e13' -> 'sftp://os3-310-44666.vs.sakura.ne.jp/home/ubuntu/VPSsync/01-WorkspaceSync/modelica-shared/CustomLib/PropulsionSystem/.git/objects/7f/d74e40b78fefd05206a47399bd658a73ea0e13' (57)
2025-11-25 21:47:35: Copy New 'C:/Users/grabacr/VPSsync/01-WorkspaceSync/modelica-shared/CustomLib/PropulsionSystem/.git/objects/80/1d2a64e99ec03a6d5b75b70dcd0c1fcc26cf23' -> 'sftp://os3-310-44666.vs.sakura.ne.jp/home/ubuntu/VPSsync/01-WorkspaceSync/modelica-shared/CustomLib/PropulsionSystem/.git/objects/80/1d2a64e99ec03a6d5b75b70dcd0c1fcc26cf23' (58)
2025-11-25 21:47:35: Copy New 'C:/Users/grabacr/VPSsync/01-WorkspaceSync/modelica-shared/CustomLib/PropulsionSystem/.git/objects/87/f8ca93892955ed1e8c67735e88a2f5ca60a2db' -> 'sftp://os3-310-44666.vs.sakura.ne.jp/home/ubuntu/VPSsync/01-WorkspaceSync/modelica-shared/CustomLib/PropulsionSystem/.git/objects/87/f8ca93892955ed1e8c67735e88a2f5ca60a2db' (538)
2025-11-25 21:47:35: Copy New 'C:/Users/grabacr/VPSsync/01-WorkspaceSync/modelica-shared/CustomLib/PropulsionSystem/.git/objects/8a/312173d4b82647de3c4a0095014e249fac7e55' -> 'sftp://os3-310-44666.vs.sakura.ne.jp/home/ubuntu/VPSsync/01-WorkspaceSync/modelica-shared/CustomLib/PropulsionSystem/.git/objects/8a/312173d4b82647de3c4a0095014e249fac7e55' (887)
2025-11-25 21:47:35: Copy Over 'C:/Users/grabacr/VPSsync/01-WorkspaceSync/modelica-shared/CustomLib/PropulsionSystem/.git/objects/85/d6a93beb3b978d4a228f7f57b89c7f38dea241' -> 'sftp://os3-310-44666.vs.sakura.ne.jp/home/ubuntu/VPSsync/01-WorkspaceSync/modelica-shared/CustomLib/PropulsionSystem/.git/objects/85/d6a93beb3b978d4a228f7f57b89c7f38dea241' (42)
2025-11-25 21:47:35: Create Folder sftp://os3-310-44666.vs.sakura.ne.jp/home/ubuntu/VPSsync/01-WorkspaceSync/modelica-shared/CustomLib/PropulsionSystem/.git/objects/8d
2025-11-25 21:47:35: Copy New 'C:/Users/grabacr/VPSsync/01-WorkspaceSync/modelica-shared/CustomLib/PropulsionSystem/.git/objects/8c/723f08cad7cd0d8313d823dfba8b79e6b1aaf3' -> 'sftp://os3-310-44666.vs.sakura.ne.jp/home/ubuntu/VPSsync/01-WorkspaceSync/modelica-shared/CustomLib/PropulsionSystem/.git/objects/8c/723f08cad7cd0d8313d823dfba8b79e6b1aaf3' (94)
2025-11-25 21:47:35: Copy New 'C:/Users/grabacr/VPSsync/01-WorkspaceSync/modelica-shared/CustomLib/PropulsionSystem/.git/objects/8a/5ae9fa4259c607931276683d85d4666dabc3d9' -> 'sftp://os3-310-44666.vs.sakura.ne.jp/home/ubuntu/VPSsync/01-WorkspaceSync/modelica-shared/CustomLib/PropulsionSystem/.git/objects/8a/5ae9fa4259c607931276683d85d4666dabc3d9' (168)
2025-11-25 21:47:35: Copy New 'C:/Users/grabacr/VPSsync/01-WorkspaceSync/modelica-shared/CustomLib/PropulsionSystem/.git/objects/8d/743e272fe46e4ff5da043ebbb706ec24b9a867' -> 'sftp://os3-310-44666.vs.sakura.ne.jp/home/ubuntu/VPSsync/01-WorkspaceSync/modelica-shared/CustomLib/PropulsionSystem/.git/objects/8d/743e272fe46e4ff5da043ebbb706ec24b9a867' (139)
2025-11-25 21:47:35: Copy New 'C:/Users/grabacr/VPSsync/01-WorkspaceSync/modelica-shared/CustomLib/PropulsionSystem/.git/objects/94/0d4e8eaf4b3f09b88b8e071994c2fc9f584cbb' -> 'sftp://os3-310-44666.vs.sakura.ne.jp/home/ubuntu/VPSsync/01-WorkspaceSync/modelica-shared/CustomLib/PropulsionSystem/.git/objects/94/0d4e8eaf4b3f09b88b8e071994c2fc9f584cbb' (58)
2025-11-25 21:47:36: Copy New 'C:/Users/grabacr/VPSsync/01-WorkspaceSync/modelica-shared/CustomLib/PropulsionSystem/.git/objects/97/42343fe513304f022795276fc67f7e7ae4a2d3' -> 'sftp://os3-310-44666.vs.sakura.ne.jp/home/ubuntu/VPSsync/01-WorkspaceSync/modelica-shared/CustomLib/PropulsionSystem/.git/objects/97/42343fe513304f022795276fc67f7e7ae4a2d3' (95)
2025-11-25 21:47:36: Copy New 'C:/Users/grabacr/VPSsync/01-WorkspaceSync/modelica-shared/CustomLib/PropulsionSystem/.git/objects/9c/2b8a83abd2e8862d683fba897d059ecd58aabe' -> 'sftp://os3-310-44666.vs.sakura.ne.jp/home/ubuntu/VPSsync/01-WorkspaceSync/modelica-shared/CustomLib/PropulsionSystem/.git/objects/9c/2b8a83abd2e8862d683fba897d059ecd58aabe' (129)
2025-11-25 21:47:36: Copy New 'C:/Users/grabacr/VPSsync/01-WorkspaceSync/modelica-shared/CustomLib/PropulsionSystem/.git/objects/9c/874c0d33e9fae3999cbf9856b6cbbe6cc8f703' -> 'sftp://os3-310-44666.vs.sakura.ne.jp/home/ubuntu/VPSsync/01-WorkspaceSync/modelica-shared/CustomLib/PropulsionSystem/.git/objects/9c/874c0d33e9fae3999cbf9856b6cbbe6cc8f703' (58)
2025-11-25 21:47:36: Copy New 'C:/Users/grabacr/VPSsync/01-WorkspaceSync/modelica-shared/CustomLib/PropulsionSystem/.git/objects/9d/c32001cabeeae58a246646cdd628a9815f7aa9' -> 'sftp://os3-310-44666.vs.sakura.ne.jp/home/ubuntu/VPSsync/01-WorkspaceSync/modelica-shared/CustomLib/PropulsionSystem/.git/objects/9d/c32001cabeeae58a246646cdd628a9815f7aa9' (841)
2025-11-25 21:47:36: Copy New 'C:/Users/grabacr/VPSsync/01-WorkspaceSync/modelica-shared/CustomLib/PropulsionSystem/.git/objects/9e/0dfd6c0f0894d0c7048caae3925151ac0dde9e' -> 'sftp://os3-310-44666.vs.sakura.ne.jp/home/ubuntu/VPSsync/01-WorkspaceSync/modelica-shared/CustomLib/PropulsionSystem/.git/objects/9e/0dfd6c0f0894d0c7048caae3925151ac0dde9e' (58)
2025-11-25 21:47:36: Create Folder sftp://os3-310-44666.vs.sakura.ne.jp/home/ubuntu/VPSsync/01-WorkspaceSync/modelica-shared/CustomLib/PropulsionSystem/.git/objects/aa
2025-11-25 21:47:36: Copy New 'C:/Users/grabacr/VPSsync/01-WorkspaceSync/modelica-shared/CustomLib/PropulsionSystem/.git/objects/9f/08261443ab404d032f034969f7addbc541df3e' -> 'sftp://os3-310-44666.vs.sakura.ne.jp/home/ubuntu/VPSsync/01-WorkspaceSync/modelica-shared/CustomLib/PropulsionSystem/.git/objects/9f/08261443ab404d032f034969f7addbc541df3e' (126)
2025-11-25 21:47:36: Copy New 'C:/Users/grabacr/VPSsync/01-WorkspaceSync/modelica-shared/CustomLib/PropulsionSystem/.git/objects/a2/875db69cbcc3f0dc6039405f2236887098e4d4' -> 'sftp://os3-310-44666.vs.sakura.ne.jp/home/ubuntu/VPSsync/01-WorkspaceSync/modelica-shared/CustomLib/PropulsionSystem/.git/objects/a2/875db69cbcc3f0dc6039405f2236887098e4d4' (2,231)
2025-11-25 21:47:36: Copy New 'C:/Users/grabacr/VPSsync/01-WorkspaceSync/modelica-shared/CustomLib/PropulsionSystem/.git/objects/a9/9660c7717f12535cc1b806a93a3f9bdd3bf92c' -> 'sftp://os3-310-44666.vs.sakura.ne.jp/home/ubuntu/VPSsync/01-WorkspaceSync/modelica-shared/CustomLib/PropulsionSystem/.git/objects/a9/9660c7717f12535cc1b806a93a3f9bdd3bf92c' (158)
2025-11-25 21:47:36: Copy New 'C:/Users/grabacr/VPSsync/01-WorkspaceSync/modelica-shared/CustomLib/PropulsionSystem/.git/objects/aa/50bb6e7fae9bd353b84dae64aeeb2bd8fdb944' -> 'sftp://os3-310-44666.vs.sakura.ne.jp/home/ubuntu/VPSsync/01-WorkspaceSync/modelica-shared/CustomLib/PropulsionSystem/.git/objects/aa/50bb6e7fae9bd353b84dae64aeeb2bd8fdb944' (1,618)
2025-11-25 21:47:36: Copy New 'C:/Users/grabacr/VPSsync/01-WorkspaceSync/modelica-shared/CustomLib/PropulsionSystem/.git/objects/a9/c47d03977abad4a5d20f1a2b4781d9c31c84e7' -> 'sftp://os3-310-44666.vs.sakura.ne.jp/home/ubuntu/VPSsync/01-WorkspaceSync/modelica-shared/CustomLib/PropulsionSystem/.git/objects/a9/c47d03977abad4a5d20f1a2b4781d9c31c84e7' (174)
2025-11-25 21:47:36: Copy New 'C:/Users/grabacr/VPSsync/01-WorkspaceSync/modelica-shared/CustomLib/PropulsionSystem/.git/objects/ab/9e74cc3b4784fab4ab9cbb9182cd482a62d4de' -> 'sftp://os3-310-44666.vs.sakura.ne.jp/home/ubuntu/VPSsync/01-WorkspaceSync/modelica-shared/CustomLib/PropulsionSystem/.git/objects/ab/9e74cc3b4784fab4ab9cbb9182cd482a62d4de' (203)
2025-11-25 21:47:36: Copy New 'C:/Users/grabacr/VPSsync/01-WorkspaceSync/modelica-shared/CustomLib/PropulsionSystem/.git/objects/ad/f502fef20ef928a4015b5ef8fb0be7df6a07b9' -> 'sftp://os3-310-44666.vs.sakura.ne.jp/home/ubuntu/VPSsync/01-WorkspaceSync/modelica-shared/CustomLib/PropulsionSystem/.git/objects/ad/f502fef20ef928a4015b5ef8fb0be7df6a07b9' (58)
2025-11-25 21:47:36: Copy New 'C:/Users/grabacr/VPSsync/01-WorkspaceSync/modelica-shared/CustomLib/PropulsionSystem/.git/objects/b3/666bd6c3a6724491e41fdafb30c1c8dc8615ac' -> 'sftp://os3-310-44666.vs.sakura.ne.jp/home/ubuntu/VPSsync/01-WorkspaceSync/modelica-shared/CustomLib/PropulsionSystem/.git/objects/b3/666bd6c3a6724491e41fdafb30c1c8dc8615ac' (676)
2025-11-25 21:47:36: Copy New 'C:/Users/grabacr/VPSsync/01-WorkspaceSync/modelica-shared/CustomLib/PropulsionSystem/.git/objects/b5/385f430f8e26a588733ab295382f64199a260b' -> 'sftp://os3-310-44666.vs.sakura.ne.jp/home/ubuntu/VPSsync/01-WorkspaceSync/modelica-shared/CustomLib/PropulsionSystem/.git/objects/b5/385f430f8e26a588733ab295382f64199a260b' (58)
2025-11-25 21:47:36: Copy New 'C:/Users/grabacr/VPSsync/01-WorkspaceSync/modelica-shared/CustomLib/PropulsionSystem/.git/objects/bb/33d436f3a28e56e17c8f150d1ea9f6f35e9600' -> 'sftp://os3-310-44666.vs.sakura.ne.jp/home/ubuntu/VPSsync/01-WorkspaceSync/modelica-shared/CustomLib/PropulsionSystem/.git/objects/bb/33d436f3a28e56e17c8f150d1ea9f6f35e9600' (118)
2025-11-25 21:47:36: Copy New 'C:/Users/grabacr/VPSsync/01-WorkspaceSync/modelica-shared/CustomLib/PropulsionSystem/.git/objects/bb/e1233e7bfb533bdd4da2bac429680c5aa7e1a0' -> 'sftp://os3-310-44666.vs.sakura.ne.jp/home/ubuntu/VPSsync/01-WorkspaceSync/modelica-shared/CustomLib/PropulsionSystem/.git/objects/bb/e1233e7bfb533bdd4da2bac429680c5aa7e1a0' (7,356)
2025-11-25 21:47:36: Copy New 'C:/Users/grabacr/VPSsync/01-WorkspaceSync/modelica-shared/CustomLib/PropulsionSystem/.git/objects/b5/8b1c3edbad77b51d7d0ace108f1dbbbfac8004' -> 'sftp://os3-310-44666.vs.sakura.ne.jp/home/ubuntu/VPSsync/01-WorkspaceSync/modelica-shared/CustomLib/PropulsionSystem/.git/objects/b5/8b1c3edbad77b51d7d0ace108f1dbbbfac8004' (32)
2025-11-25 21:47:37: Copy New 'C:/Users/grabacr/VPSsync/01-WorkspaceSync/modelica-shared/CustomLib/PropulsionSystem/.git/objects/c0/8c654555686c3ef1d77a890f0fb16fae0bd4d2' -> 'sftp://os3-310-44666.vs.sakura.ne.jp/home/ubuntu/VPSsync/01-WorkspaceSync/modelica-shared/CustomLib/PropulsionSystem/.git/objects/c0/8c654555686c3ef1d77a890f0fb16fae0bd4d2' (58)
2025-11-25 21:47:37: Copy New 'C:/Users/grabacr/VPSsync/01-WorkspaceSync/modelica-shared/CustomLib/PropulsionSystem/.git/objects/c1/6ca1f979292f851e84ee50c72ff3c6d0cc19f4' -> 'sftp://os3-310-44666.vs.sakura.ne.jp/home/ubuntu/VPSsync/01-WorkspaceSync/modelica-shared/CustomLib/PropulsionSystem/.git/objects/c1/6ca1f979292f851e84ee50c72ff3c6d0cc19f4' (58)
2025-11-25 21:47:37: Copy Over 'C:/Users/grabacr/VPSsync/01-WorkspaceSync/modelica-shared/CustomLib/PropulsionSystem/.git/objects/bf/e2a142b08a7714a8ded35adbb875fe107fd63f' -> 'sftp://os3-310-44666.vs.sakura.ne.jp/home/ubuntu/VPSsync/01-WorkspaceSync/modelica-shared/CustomLib/PropulsionSystem/.git/objects/bf/e2a142b08a7714a8ded35adbb875fe107fd63f' (521)
2025-11-25 21:47:37: Copy New 'C:/Users/grabacr/VPSsync/01-WorkspaceSync/modelica-shared/CustomLib/PropulsionSystem/.git/objects/c2/edd40c1ec8995e95cc2808748d1dcd1108b28b' -> 'sftp://os3-310-44666.vs.sakura.ne.jp/home/ubuntu/VPSsync/01-WorkspaceSync/modelica-shared/CustomLib/PropulsionSystem/.git/objects/c2/edd40c1ec8995e95cc2808748d1dcd1108b28b' (57)
2025-11-25 21:47:37: Copy New 'C:/Users/grabacr/VPSsync/01-WorkspaceSync/modelica-shared/CustomLib/PropulsionSystem/.git/objects/c4/2b90618c333b176edf9d844ef05a0fb221f6cb' -> 'sftp://os3-310-44666.vs.sakura.ne.jp/home/ubuntu/VPSsync/01-WorkspaceSync/modelica-shared/CustomLib/PropulsionSystem/.git/objects/c4/2b90618c333b176edf9d844ef05a0fb221f6cb' (885)
2025-11-25 21:47:37: Copy New 'C:/Users/grabacr/VPSsync/01-WorkspaceSync/modelica-shared/CustomLib/PropulsionSystem/.git/objects/ce/9c6e25190bfc231708baf74212c482cbd8ba5d' -> 'sftp://os3-310-44666.vs.sakura.ne.jp/home/ubuntu/VPSsync/01-WorkspaceSync/modelica-shared/CustomLib/PropulsionSystem/.git/objects/ce/9c6e25190bfc231708baf74212c482cbd8ba5d' (58)
2025-11-25 21:47:37: Copy New 'C:/Users/grabacr/VPSsync/01-WorkspaceSync/modelica-shared/CustomLib/PropulsionSystem/.git/objects/ce/a18730cd94e2b5469ddc2338a3017bcfe8f919' -> 'sftp://os3-310-44666.vs.sakura.ne.jp/home/ubuntu/VPSsync/01-WorkspaceSync/modelica-shared/CustomLib/PropulsionSystem/.git/objects/ce/a18730cd94e2b5469ddc2338a3017bcfe8f919' (118)
2025-11-25 21:47:37: Copy Over 'C:/Users/grabacr/VPSsync/01-WorkspaceSync/modelica-shared/CustomLib/PropulsionSystem/.git/objects/c5/008a99dec210885d19d6e94aa4c4ceb16963f3' -> 'sftp://os3-310-44666.vs.sakura.ne.jp/home/ubuntu/VPSsync/01-WorkspaceSync/modelica-shared/CustomLib/PropulsionSystem/.git/objects/c5/008a99dec210885d19d6e94aa4c4ceb16963f3' (45)
2025-11-25 21:47:37: Copy New 'C:/Users/grabacr/VPSsync/01-WorkspaceSync/modelica-shared/CustomLib/PropulsionSystem/.git/objects/d0/37fcae0134e49741b1fd81a5ab52322036df3e' -> 'sftp://os3-310-44666.vs.sakura.ne.jp/home/ubuntu/VPSsync/01-WorkspaceSync/modelica-shared/CustomLib/PropulsionSystem/.git/objects/d0/37fcae0134e49741b1fd81a5ab52322036df3e' (57)
2025-11-25 21:47:37: Copy New 'C:/Users/grabacr/VPSsync/01-WorkspaceSync/modelica-shared/CustomLib/PropulsionSystem/.git/objects/d1/8ca19fe0d5e3d49eecaf7b734a6d12a5c94b1b' -> 'sftp://os3-310-44666.vs.sakura.ne.jp/home/ubuntu/VPSsync/01-WorkspaceSync/modelica-shared/CustomLib/PropulsionSystem/.git/objects/d1/8ca19fe0d5e3d49eecaf7b734a6d12a5c94b1b' (92)
2025-11-25 21:47:37: Copy New 'C:/Users/grabacr/VPSsync/01-WorkspaceSync/modelica-shared/CustomLib/PropulsionSystem/.git/objects/d9/05ee81068d09b5afa405a980d0ba54692f649b' -> 'sftp://os3-310-44666.vs.sakura.ne.jp/home/ubuntu/VPSsync/01-WorkspaceSync/modelica-shared/CustomLib/PropulsionSystem/.git/objects/d9/05ee81068d09b5afa405a980d0ba54692f649b' (92)
2025-11-25 21:47:37: Copy Over 'C:/Users/grabacr/VPSsync/01-WorkspaceSync/modelica-shared/CustomLib/PropulsionSystem/.git/objects/d7/7fcafe17bf7bac5f0c537be4a7f1e7813e7160' -> 'sftp://os3-310-44666.vs.sakura.ne.jp/home/ubuntu/VPSsync/01-WorkspaceSync/modelica-shared/CustomLib/PropulsionSystem/.git/objects/d7/7fcafe17bf7bac5f0c537be4a7f1e7813e7160' (138)
2025-11-25 21:47:37: Copy New 'C:/Users/grabacr/VPSsync/01-WorkspaceSync/modelica-shared/CustomLib/PropulsionSystem/.git/objects/db/91bd119fb7b38ab664958998399d6a4dcda0b4' -> 'sftp://os3-310-44666.vs.sakura.ne.jp/home/ubuntu/VPSsync/01-WorkspaceSync/modelica-shared/CustomLib/PropulsionSystem/.git/objects/db/91bd119fb7b38ab664958998399d6a4dcda0b4' (106)
2025-11-25 21:47:37: Copy New 'C:/Users/grabacr/VPSsync/01-WorkspaceSync/modelica-shared/CustomLib/PropulsionSystem/.git/objects/db/c69b82e318b4abf814020f3a9e2ea5c0efd478' -> 'sftp://os3-310-44666.vs.sakura.ne.jp/home/ubuntu/VPSsync/01-WorkspaceSync/modelica-shared/CustomLib/PropulsionSystem/.git/objects/db/c69b82e318b4abf814020f3a9e2ea5c0efd478' (58)
2025-11-25 21:47:37: Copy New 'C:/Users/grabacr/VPSsync/01-WorkspaceSync/modelica-shared/CustomLib/PropulsionSystem/.git/objects/d9/9fdcd27f6af741143c4221b22ef3e6ffb4e4d1' -> 'sftp://os3-310-44666.vs.sakura.ne.jp/home/ubuntu/VPSsync/01-WorkspaceSync/modelica-shared/CustomLib/PropulsionSystem/.git/objects/d9/9fdcd27f6af741143c4221b22ef3e6ffb4e4d1' (842)
2025-11-25 21:47:37: Copy New 'C:/Users/grabacr/VPSsync/01-WorkspaceSync/modelica-shared/CustomLib/PropulsionSystem/.git/objects/dc/c2d806a10c9a650a80f90dfd06ff04756e3566' -> 'sftp://os3-310-44666.vs.sakura.ne.jp/home/ubuntu/VPSsync/01-WorkspaceSync/modelica-shared/CustomLib/PropulsionSystem/.git/objects/dc/c2d806a10c9a650a80f90dfd06ff04756e3566' (58)
2025-11-25 21:47:38: Copy New 'C:/Users/grabacr/VPSsync/01-WorkspaceSync/modelica-shared/CustomLib/PropulsionSystem/.git/objects/de/517bbb234f91add3a9feab900d6a51fccbc6a2' -> 'sftp://os3-310-44666.vs.sakura.ne.jp/home/ubuntu/VPSsync/01-WorkspaceSync/modelica-shared/CustomLib/PropulsionSystem/.git/objects/de/517bbb234f91add3a9feab900d6a51fccbc6a2' (128)
2025-11-25 21:47:38: Copy New 'C:/Users/grabacr/VPSsync/01-WorkspaceSync/modelica-shared/CustomLib/PropulsionSystem/.git/objects/df/a822b6779caddaec6987e5469b602d76320e14' -> 'sftp://os3-310-44666.vs.sakura.ne.jp/home/ubuntu/VPSsync/01-WorkspaceSync/modelica-shared/CustomLib/PropulsionSystem/.git/objects/df/a822b6779caddaec6987e5469b602d76320e14' (58)
2025-11-25 21:47:38: Copy New 'C:/Users/grabacr/VPSsync/01-WorkspaceSync/modelica-shared/CustomLib/PropulsionSystem/.git/objects/e5/f42d20c23a1546f8dc394e32cfd1c080b7b45e' -> 'sftp://os3-310-44666.vs.sakura.ne.jp/home/ubuntu/VPSsync/01-WorkspaceSync/modelica-shared/CustomLib/PropulsionSystem/.git/objects/e5/f42d20c23a1546f8dc394e32cfd1c080b7b45e' (58)
2025-11-25 21:47:38: Copy New 'C:/Users/grabacr/VPSsync/01-WorkspaceSync/modelica-shared/CustomLib/PropulsionSystem/.git/objects/df/e308ee4de8ffbaad38cf8ebc16176e71454d86' -> 'sftp://os3-310-44666.vs.sakura.ne.jp/home/ubuntu/VPSsync/01-WorkspaceSync/modelica-shared/CustomLib/PropulsionSystem/.git/objects/df/e308ee4de8ffbaad38cf8ebc16176e71454d86' (119)
2025-11-25 21:47:38: Copy New 'C:/Users/grabacr/VPSsync/01-WorkspaceSync/modelica-shared/CustomLib/PropulsionSystem/.git/objects/ed/ba42fa93bedb0b7454796b32bc9bd941b1c624' -> 'sftp://os3-310-44666.vs.sakura.ne.jp/home/ubuntu/VPSsync/01-WorkspaceSync/modelica-shared/CustomLib/PropulsionSystem/.git/objects/ed/ba42fa93bedb0b7454796b32bc9bd941b1c624' (691)
2025-11-25 21:47:38: Copy New 'C:/Users/grabacr/VPSsync/01-WorkspaceSync/modelica-shared/CustomLib/PropulsionSystem/.git/objects/ed/bd4f001c7b092608d6204d50dd7cf7aa217d16' -> 'sftp://os3-310-44666.vs.sakura.ne.jp/home/ubuntu/VPSsync/01-WorkspaceSync/modelica-shared/CustomLib/PropulsionSystem/.git/objects/ed/bd4f001c7b092608d6204d50dd7cf7aa217d16' (201)
2025-11-25 21:47:38: Copy Over 'C:/Users/grabacr/VPSsync/01-WorkspaceSync/modelica-shared/CustomLib/PropulsionSystem/.git/objects/ef/6f7844257eb01dfd808fa387c023584e6a56d5' -> 'sftp://os3-310-44666.vs.sakura.ne.jp/home/ubuntu/VPSsync/01-WorkspaceSync/modelica-shared/CustomLib/PropulsionSystem/.git/objects/ef/6f7844257eb01dfd808fa387c023584e6a56d5' (61)
2025-11-25 21:47:38: Copy New 'C:/Users/grabacr/VPSsync/01-WorkspaceSync/modelica-shared/CustomLib/PropulsionSystem/.git/objects/f1/25c22e9e18a91592451dc829a94997e977d45e' -> 'sftp://os3-310-44666.vs.sakura.ne.jp/home/ubuntu/VPSsync/01-WorkspaceSync/modelica-shared/CustomLib/PropulsionSystem/.git/objects/f1/25c22e9e18a91592451dc829a94997e977d45e' (118)
2025-11-25 21:47:38: > Copy Over 'C:/Users/grabacr/VPSsync/01-WorkspaceSync/modelica-shared/CustomLib/PropulsionSystem/.git/objects/pack/pack-097042b34043b55f4cea305cc4487110dc98c799.pack' -> 'sftp://os3-310-44666.vs.sakura.ne.jp/home/ubuntu/VPSsync/01-WorkspaceSync/modelica-shared/CustomLib/PropulsionSystem/.git/objects/pack/pack-097042b34043b55f4cea305cc4487110dc98c799.pack' (74,878,441)
2025-11-25 21:47:38: Create Folder sftp://os3-310-44666.vs.sakura.ne.jp/home/ubuntu/VPSsync/01-WorkspaceSync/modelica-shared/CustomLib/PropulsionSystem/.git/objects/f4
2025-11-25 21:47:38: Copy Over 'C:/Users/grabacr/VPSsync/01-WorkspaceSync/modelica-shared/CustomLib/PropulsionSystem/.git/objects/f2/018ad030fb90d09eced12abf0efddd7c19bcbe' -> 'sftp://os3-310-44666.vs.sakura.ne.jp/home/ubuntu/VPSsync/01-WorkspaceSync/modelica-shared/CustomLib/PropulsionSystem/.git/objects/f2/018ad030fb90d09eced12abf0efddd7c19bcbe' (115)
2025-11-25 21:47:39: Copy Over 'C:/Users/grabacr/VPSsync/01-WorkspaceSync/modelica-shared/CustomLib/PropulsionSystem/.git/logs/refs/remotes/PropulsionSystem/master' -> 'sftp://os3-310-44666.vs.sakura.ne.jp/home/ubuntu/VPSsync/01-WorkspaceSync/modelica-shared/CustomLib/PropulsionSystem/.git/logs/refs/remotes/PropulsionSystem/master' (8,957)
2025-11-25 21:47:39: > Copy Over 'C:/Users/grabacr/VPSsync/01-WorkspaceSync/modelica-shared/CustomLib/PropulsionSystem/.git/objects/pack/pack-e7a24c9e68c7f4b50bf6241104c679d660faf33a.pack' -> 'sftp://os3-310-44666.vs.sakura.ne.jp/home/ubuntu/VPSsync/01-WorkspaceSync/modelica-shared/CustomLib/PropulsionSystem/.git/objects/pack/pack-e7a24c9e68c7f4b50bf6241104c679d660faf33a.pack' (13,925,850)
2025-11-25 21:47:40: Copy New 'C:/Users/grabacr/VPSsync/01-WorkspaceSync/modelica-shared/CustomLib/PropulsionSystem/.git/objects/f4/60cf7d1d50d1915f3645541dbbe6c856405f09' -> 'sftp://os3-310-44666.vs.sakura.ne.jp/home/ubuntu/VPSsync/01-WorkspaceSync/modelica-shared/CustomLib/PropulsionSystem/.git/objects/f4/60cf7d1d50d1915f3645541dbbe6c856405f09' (491)
2025-11-25 21:47:44: Copy Over 'C:/Users/grabacr/VPSsync/01-WorkspaceSync/modelica-shared/CustomLib/PropulsionSystem/.git/sourcetreeconfig.json' -> 'sftp://os3-310-44666.vs.sakura.ne.jp/home/ubuntu/VPSsync/01-WorkspaceSync/modelica-shared/CustomLib/PropulsionSystem/.git/sourcetreeconfig.json' (842)
2025-11-25 21:47:45: Copy Over 'C:/Users/grabacr/VPSsync/01-WorkspaceSync/modelica-shared/CustomLib/PropulsionSystem/.git/refs/heads/master' -> 'sftp://os3-310-44666.vs.sakura.ne.jp/home/ubuntu/VPSsync/01-WorkspaceSync/modelica-shared/CustomLib/PropulsionSystem/.git/refs/heads/master' (41)
2025-11-25 21:47:46: Copy Over 'C:/Users/grabacr/VPSsync/01-WorkspaceSync/modelica-shared/CustomLib/PropulsionSystem/.git/refs/remotes/PropulsionSystem/master' -> 'sftp://os3-310-44666.vs.sakura.ne.jp/home/ubuntu/VPSsync/01-WorkspaceSync/modelica-shared/CustomLib/PropulsionSystem/.git/refs/remotes/PropulsionSystem/master' (41)
2025-11-25 21:47:58: < Copy Over 'C:/Users/grabacr/VPSsync/01-WorkspaceSync/modelica-shared/CustomLib/PropulsionSystem/.git/objects/pack/pack-e7a24c9e68c7f4b50bf6241104c679d660faf33a.pack' -> 'sftp://os3-310-44666.vs.sakura.ne.jp/home/ubuntu/VPSsync/01-WorkspaceSync/modelica-shared/CustomLib/PropulsionSystem/.git/objects/pack/pack-e7a24c9e68c7f4b50bf6241104c679d660faf33a.pack' (13,925,850)
2025-11-25 21:48:29: < Copy Over 'C:/Users/grabacr/VPSsync/01-WorkspaceSync/modelica-shared/CustomLib/PropulsionSystem/.git/objects/pack/pack-097042b34043b55f4cea305cc4487110dc98c799.pack' -> 'sftp://os3-310-44666.vs.sakura.ne.jp/home/ubuntu/VPSsync/01-WorkspaceSync/modelica-shared/CustomLib/PropulsionSystem/.git/objects/pack/pack-097042b34043b55f4cea305cc4487110dc98c799.pack' (74,878,441)
2025-11-25 21:48:29: Save State File C:/Users/grabacr/VPSsync/01-WorkspaceSync/modelica-shared/CustomLib/PropulsionSystem/_gsdata_/_file_state_v4._gs
2025-11-25 21:48:30: Save State File sftp://os3-310-44666.vs.sakura.ne.jp/home/ubuntu/VPSsync/01-WorkspaceSync/modelica-shared/CustomLib/PropulsionSystem/_gsdata_/_file_state_v4._gs
2025-11-25 21:48:39: == Sync Complete. Time: 00:01:10, Speed: 1.47 MB/s, OK: 123, Errors: 0
