2025-11-21 17:19:47: Server: SSH-2.0-OpenSSH_9.6p1 Ubuntu-3ubuntu13.14
2025-11-21 17:19:47: Server KEXes: sntrup761x25519-sha512@openssh.com,curve25519-sha256,curve25519-sha256@libssh.org,ecdh-sha2-nistp256,ecdh-sha2-nistp384,ecdh-sha2-nistp521,diffie-hellman-group-exchange-sha256,diffie-hellman-group16-sha512,diffie-hellman-group18-sha512,diffie-hellman-group14-sha256,ext-info-s,kex-strict-s-v00@openssh.com
2025-11-21 17:19:47: Server Host Keys: rsa-sha2-512,rsa-sha2-256,ecdsa-sha2-nistp256,ssh-ed25519
2025-11-21 17:19:47: Chosen Host Key: ssh-ed25519
2025-11-21 17:19:47: Ciphers: chacha20-poly1305@openssh.com,aes128-ctr,aes192-ctr,aes256-ctr,aes128-gcm@openssh.com,aes256-gcm@openssh.com
2025-11-21 17:19:47: MACs: umac-64-etm@openssh.com,umac-128-etm@openssh.com,hmac-sha2-256-etm@openssh.com,hmac-sha2-512-etm@openssh.com,hmac-sha1-etm@openssh.com,umac-64@openssh.com,umac-128@openssh.com,hmac-sha2-256,hmac-sha2-512,hmac-sha1
2025-11-21 17:19:47: Auth: start: publickey
2025-11-21 17:19:47: Auth: publickey: no keys available
2025-11-21 17:19:47: Auth: start: password
2025-11-21 17:19:49: -- Analysis Started by On File Change First Full Analyze Upon Folder Connect
2025-11-21 17:19:49: L: Reading State File C:/Users/grabacr/VPSsync/01-WorkspaceSync/modelica-shared/CustomLib/PropulsionSystem/_gsdata_/_file_state_v4._gs
2025-11-21 17:19:51: R: Reading State File sftp://os3-310-44666.vs.sakura.ne.jp/home/ubuntu/VPSsync/01-WorkspaceSync/modelica-shared/CustomLib/PropulsionSystem/_gsdata_/_file_state_v4._gs
2025-11-21 17:25:37: Waiting for 19+1(90) sec on verb FXP_READDIR: [receiving data os3-310-44666.vs.sakura.ne.jp:22]: Time out
2025-11-21 17:25:51: Waiting for 33+2(90) sec on verb FXP_CLOSE: Cannot resolve IP name (bad name or no connection); name=os3-310-44666.vs.sakura.ne.jp; port=22
2025-11-21 17:25:53: Waiting for 35+4(90) sec on verb FXP_OPENDIR: Cannot resolve IP name (bad name or no connection); name=os3-310-44666.vs.sakura.ne.jp; port=22
2025-11-21 17:26:09: Waiting for 51+8(90) sec on verb FXP_REMOVE: Cannot resolve IP name (bad name or no connection); name=os3-310-44666.vs.sakura.ne.jp; port=22
2025-11-21 17:26:19: Server: SSH-2.0-OpenSSH_9.6p1 Ubuntu-3ubuntu13.14
2025-11-21 17:26:19: Server KEXes: sntrup761x25519-sha512@openssh.com,curve25519-sha256,curve25519-sha256@libssh.org,ecdh-sha2-nistp256,ecdh-sha2-nistp384,ecdh-sha2-nistp521,diffie-hellman-group-exchange-sha256,diffie-hellman-group16-sha512,diffie-hellman-group18-sha512,diffie-hellman-group14-sha256,ext-info-s,kex-strict-s-v00@openssh.com
2025-11-21 17:26:19: Server Host Keys: rsa-sha2-512,rsa-sha2-256,ecdsa-sha2-nistp256,ssh-ed25519
2025-11-21 17:26:19: Chosen Host Key: ssh-ed25519
2025-11-21 17:26:19: Ciphers: chacha20-poly1305@openssh.com,aes128-ctr,aes192-ctr,aes256-ctr,aes128-gcm@openssh.com,aes256-gcm@openssh.com
2025-11-21 17:26:19: MACs: umac-64-etm@openssh.com,umac-128-etm@openssh.com,hmac-sha2-256-etm@openssh.com,hmac-sha2-512-etm@openssh.com,hmac-sha1-etm@openssh.com,umac-64@openssh.com,umac-128@openssh.com,hmac-sha2-256,hmac-sha2-512,hmac-sha1
2025-11-21 17:26:20: Auth: start: publickey
2025-11-21 17:26:20: Auth: publickey: no keys available
2025-11-21 17:26:20: Auth: start: password
2025-11-21 17:26:22: Recovered the connection, continuing operations
2025-11-21 17:26:22: Error analyzing sftp://os3-310-44666.vs.sakura.ne.jp/home/ubuntu/VPSsync/01-WorkspaceSync/modelica-shared/CustomLib/PropulsionSystem: Cannot resolve IP name (bad name or no connection); name=os3-310-44666.vs.sakura.ne.jp; port=22
