2025-12-11 14:55:33: Server: SSH-2.0-OpenSSH_9.6p1 Ubuntu-3ubuntu13.14
2025-12-11 14:55:33: Server KEXes: sntrup761x25519-sha512@openssh.com,curve25519-sha256,curve25519-sha256@libssh.org,ecdh-sha2-nistp256,ecdh-sha2-nistp384,ecdh-sha2-nistp521,diffie-hellman-group-exchange-sha256,diffie-hellman-group16-sha512,diffie-hellman-group18-sha512,diffie-hellman-group14-sha256,ext-info-s,kex-strict-s-v00@openssh.com
2025-12-11 14:55:33: Server Host Keys: rsa-sha2-512,rsa-sha2-256,ecdsa-sha2-nistp256,ssh-ed25519
2025-12-11 14:55:33: Chosen Host Key: ssh-ed25519
2025-12-11 14:55:33: Ciphers: chacha20-poly1305@openssh.com,aes128-ctr,aes192-ctr,aes256-ctr,aes128-gcm@openssh.com,aes256-gcm@openssh.com
2025-12-11 14:55:33: MACs: umac-64-etm@openssh.com,umac-128-etm@openssh.com,hmac-sha2-256-etm@openssh.com,hmac-sha2-512-etm@openssh.com,hmac-sha1-etm@openssh.com,umac-64@openssh.com,umac-128@openssh.com,hmac-sha2-256,hmac-sha2-512,hmac-sha1
2025-12-11 14:55:33: Auth: start: publickey
2025-12-11 14:55:33: Auth: publickey: no keys available
2025-12-11 14:55:33: Auth: start: password
2025-12-11 14:55:35: -- Analysis Started by On File Change, After Delay
2025-12-11 14:55:35: L: State File has changed, so re-read it: C:/Users/grabacr/VPSsync/01-WorkspaceSync/modelica-shared/CustomLib/PropulsionSystem/_gsdata_/_file_state_v4._gs
2025-12-11 14:55:35: L: Reading State File C:/Users/grabacr/VPSsync/01-WorkspaceSync/modelica-shared/CustomLib/PropulsionSystem/_gsdata_/_file_state_v4._gs
2025-12-11 14:55:35: R: State File has changed, so re-read it: sftp://os3-310-44666.vs.sakura.ne.jp/home/ubuntu/VPSsync/01-WorkspaceSync/modelica-shared/CustomLib/PropulsionSystem/_gsdata_/_file_state_v4._gs
2025-12-11 14:55:35: R: Reading State File sftp://os3-310-44666.vs.sakura.ne.jp/home/ubuntu/VPSsync/01-WorkspaceSync/modelica-shared/CustomLib/PropulsionSystem/_gsdata_/_file_state_v4._gs
2025-12-11 14:55:36: /BaseClasses/BasicElements/NozzleBase02.mo: R:TimeSize<>; Warning: Older file to replace Newer file
2025-12-11 14:55:36: /BaseClasses/BasicElements/package.order: R:TimeSize<>; Warning: Older file to replace Newer file
2025-12-11 14:55:36: /BaseClasses/DetailedModels/package.order: R:TimeSize<>; Warning: Older file to replace Newer file
2025-12-11 14:55:36: /BaseClasses/package.order: R:TimeSize<>; Warning: Older file to replace Newer file
2025-12-11 14:55:36: /Constants/package.order: R:TimeSize<>; Warning: Older file to replace Newer file
2025-12-11 14:55:36: /Elements/BasicElements/package.order: R:TimeSize<>; Warning: Older file to replace Newer file
2025-12-11 14:55:36: /Elements/DetailedModels/package.order: R:TimeSize<>; Warning: Older file to replace Newer file
2025-12-11 14:55:36: /Elements/package.order: R:TimeSize<>; Warning: Older file to replace Newer file
2025-12-11 14:55:36: /Examples/Elements/BasicElements/package.order: R:TimeSize<>; Warning: Older file to replace Newer file
2025-12-11 14:55:36: /Examples/Elements/Compressors/package.order: R:TimeSize<>; Warning: Older file to replace Newer file
2025-12-11 14:55:36: /Examples/Elements/DetailedModels/package.order: R:TimeSize<>; Warning: Older file to replace Newer file
2025-12-11 14:55:36: /Examples/Elements/JetNozzles/package.mo: R:TimeSize<>; Warning: Older file to replace Newer file
2025-12-11 14:55:36: /Examples/Elements/package.order: R:TimeSize<>; Warning: Older file to replace Newer file
2025-12-11 14:55:36: /Examples/Elements/Turbines/package.order: R:TimeSize<>; Warning: Older file to replace Newer file
2025-12-11 14:55:36: /Examples/EngineeringStudies/package.order: R:TimeSize<>; Warning: Older file to replace Newer file
2025-12-11 14:55:36: /Examples/Engines/DesignPoint/package.order: R:TimeSize<>; Warning: Older file to replace Newer file
2025-12-11 14:55:36: /Examples/Engines/IntegrateDesPtOffDes/package.order: R:TimeSize<>; Warning: Older file to replace Newer file
2025-12-11 14:55:36: /Examples/Engines/IntegrateDesPtOffDes/saveFailed/package.order: R:TimeSize<>; Warning: Older file to replace Newer file
2025-12-11 14:55:36: /Examples/Engines/OffDesignSim/package.order: R:TimeSize<>; Warning: Older file to replace Newer file
2025-12-11 14:55:36: /Examples/Engines/package.order: R:TimeSize<>; Warning: Older file to replace Newer file
2025-12-11 14:55:36: /Examples/Engines/Transient/package.order: R:TimeSize<>; Warning: Older file to replace Newer file
2025-12-11 14:55:36: /Examples/Functions/Examples/package.order: R:TimeSize<>; Warning: Older file to replace Newer file
2025-12-11 14:55:36: /Examples/Functions/package.order: R:TimeSize<>; Warning: Older file to replace Newer file
2025-12-11 14:55:36: /Examples/Functions/tests/package.order: R:TimeSize<>; Warning: Older file to replace Newer file
2025-12-11 14:55:36: /Examples/package.order: R:TimeSize<>; Warning: Older file to replace Newer file
2025-12-11 14:55:36: /Examples/Subelements/package.order: R:TimeSize<>; Warning: Older file to replace Newer file
2025-12-11 14:55:36: /Examples/temp/package.order: R:TimeSize<>; Warning: Older file to replace Newer file
2025-12-11 14:55:36: /Examples/ThermoCycleSystems/DesignPoint/package.order: R:TimeSize<>; Warning: Older file to replace Newer file
2025-12-11 14:55:36: /Examples/ThermoCycleSystems/package.order: R:TimeSize<>; Warning: Older file to replace Newer file
2025-12-11 14:55:36: /Examples/ThermoCycleSystems/Transient/package.order: R:TimeSize<>; Warning: Older file to replace Newer file
2025-12-11 14:55:36: /Examples/ThermodynamicCycles/package.order: R:TimeSize<>; Warning: Older file to replace Newer file
2025-12-11 14:55:36: /Examples/Utilities/package.order: R:TimeSize<>; Warning: Older file to replace Newer file
2025-12-11 14:55:36: /Examples/WalkingInWorldOfThermoFluid/package.order: R:TimeSize<>; Warning: Older file to replace Newer file
2025-12-11 14:55:36: /FluidFunctios/package.order: R:TimeSize<>; Warning: Older file to replace Newer file
2025-12-11 14:55:36: /Functions/CompressorFunctionPackage/package.order: R:TimeSize<>; Warning: Older file to replace Newer file
2025-12-11 14:55:36: /Functions/NozzleFunctionPackage/package.order: R:TimeSize<>; Warning: Older file to replace Newer file
2025-12-11 14:55:36: /Functions/package.order: R:TimeSize<>; Warning: Older file to replace Newer file
2025-12-11 14:55:36: /Functions/PropellerFunctionPackage/package.order: R:TimeSize<>; Warning: Older file to replace Newer file
2025-12-11 14:55:36: /Functions/TurbineFunctionPackage/package.order: R:TimeSize<>; Warning: Older file to replace Newer file
2025-12-11 14:55:36: /Icons/package.order: R:TimeSize<>; Warning: Older file to replace Newer file
2025-12-11 14:55:36: /Interfaces/ElementFrames/package.order: R:TimeSize<>; Warning: Older file to replace Newer file
2025-12-11 14:55:36: /Interfaces/package.order: R:TimeSize<>; Warning: Older file to replace Newer file
2025-12-11 14:55:36: /Interfaces/SubelementFrames/package.order: R:TimeSize<>; Warning: Older file to replace Newer file
2025-12-11 14:55:36: /Media/EngineBreathingAir/DryAirMethaneMixture00/package.order: R:TimeSize<>; Warning: Older file to replace Newer file
2025-12-11 14:55:36: /Media/EngineBreathingAir/package.order: R:TimeSize<>; Warning: Older file to replace Newer file
2025-12-11 14:55:36: /Media/package.order: R:TimeSize<>; Warning: Older file to replace Newer file
2025-12-11 14:55:36: /Records/package.order: R:TimeSize<>; Warning: Older file to replace Newer file
2025-12-11 14:55:36: /Sources/BaseClasses/package.order: R:TimeSize<>; Warning: Older file to replace Newer file
2025-12-11 14:55:36: /Sources/package.order: R:TimeSize<>; Warning: Older file to replace Newer file
2025-12-11 14:55:36: /Subelements/Functions/Combustion/package.order: R:TimeSize<>; Warning: Older file to replace Newer file
2025-12-11 14:55:36: /Subelements/Functions/package.order: R:TimeSize<>; Warning: Older file to replace Newer file
2025-12-11 14:55:36: /Subelements/package.order: R:TimeSize<>; Warning: Older file to replace Newer file
2025-12-11 14:55:36: /Types/package.order: R:TimeSize<>; Warning: Older file to replace Newer file
2025-12-11 14:55:36: /Types/switches/package.order: R:TimeSize<>; Warning: Older file to replace Newer file
2025-12-11 14:55:36: /Utilities/package.order: R:TimeSize<>; Warning: Older file to replace Newer file
2025-12-11 14:55:36: /Visualizers/package.order: R:TimeSize<>; Warning: Older file to replace Newer file
2025-12-11 14:55:36: Changes: 57, Conflicts: 0, CopyTime: 0, FixState: 0, Errors: 0, All: 3770
2025-12-11 14:55:36: Left to Right: Copy File: 1 
2025-12-11 14:55:36: Right to Left: Copy File: 56 
2025-12-11 14:55:36: == Sync Started by On File Change, After Delay
2025-12-11 14:55:36: ConnectCloned connected to file:///~grabacr/VPSsync/01-WorkspaceSync/modelica-shared/CustomLib/PropulsionSystem
2025-12-11 14:55:36: ConnectCloned connected to file:///~grabacr/VPSsync/01-WorkspaceSync/modelica-shared/CustomLib/PropulsionSystem
2025-12-11 14:55:36: ConnectCloned connected to file:///~grabacr/VPSsync/01-WorkspaceSync/modelica-shared/CustomLib/PropulsionSystem
2025-12-11 14:55:36: Server: SSH-2.0-OpenSSH_9.6p1 Ubuntu-3ubuntu13.14
2025-12-11 14:55:36: Server: SSH-2.0-OpenSSH_9.6p1 Ubuntu-3ubuntu13.14
2025-12-11 14:55:36: Server: SSH-2.0-OpenSSH_9.6p1 Ubuntu-3ubuntu13.14
2025-12-11 14:55:36: Server KEXes: sntrup761x25519-sha512@openssh.com,curve25519-sha256,curve25519-sha256@libssh.org,ecdh-sha2-nistp256,ecdh-sha2-nistp384,ecdh-sha2-nistp521,diffie-hellman-group-exchange-sha256,diffie-hellman-group16-sha512,diffie-hellman-group18-sha512,diffie-hellman-group14-sha256,ext-info-s,kex-strict-s-v00@openssh.com
2025-12-11 14:55:36: Server Host Keys: rsa-sha2-512,rsa-sha2-256,ecdsa-sha2-nistp256,ssh-ed25519
2025-12-11 14:55:36: Chosen Host Key: ssh-ed25519
2025-12-11 14:55:36: Server KEXes: sntrup761x25519-sha512@openssh.com,curve25519-sha256,curve25519-sha256@libssh.org,ecdh-sha2-nistp256,ecdh-sha2-nistp384,ecdh-sha2-nistp521,diffie-hellman-group-exchange-sha256,diffie-hellman-group16-sha512,diffie-hellman-group18-sha512,diffie-hellman-group14-sha256,ext-info-s,kex-strict-s-v00@openssh.com
2025-12-11 14:55:36: Server KEXes: sntrup761x25519-sha512@openssh.com,curve25519-sha256,curve25519-sha256@libssh.org,ecdh-sha2-nistp256,ecdh-sha2-nistp384,ecdh-sha2-nistp521,diffie-hellman-group-exchange-sha256,diffie-hellman-group16-sha512,diffie-hellman-group18-sha512,diffie-hellman-group14-sha256,ext-info-s,kex-strict-s-v00@openssh.com
2025-12-11 14:55:36: Server Host Keys: rsa-sha2-512,rsa-sha2-256,ecdsa-sha2-nistp256,ssh-ed25519
2025-12-11 14:55:36: Chosen Host Key: ssh-ed25519
2025-12-11 14:55:36: Ciphers: chacha20-poly1305@openssh.com,aes128-ctr,aes192-ctr,aes256-ctr,aes128-gcm@openssh.com,aes256-gcm@openssh.com
2025-12-11 14:55:36: Server Host Keys: rsa-sha2-512,rsa-sha2-256,ecdsa-sha2-nistp256,ssh-ed25519
2025-12-11 14:55:36: Ciphers: chacha20-poly1305@openssh.com,aes128-ctr,aes192-ctr,aes256-ctr,aes128-gcm@openssh.com,aes256-gcm@openssh.com
2025-12-11 14:55:36: MACs: umac-64-etm@openssh.com,umac-128-etm@openssh.com,hmac-sha2-256-etm@openssh.com,hmac-sha2-512-etm@openssh.com,hmac-sha1-etm@openssh.com,umac-64@openssh.com,umac-128@openssh.com,hmac-sha2-256,hmac-sha2-512,hmac-sha1
2025-12-11 14:55:36: Chosen Host Key: ssh-ed25519
2025-12-11 14:55:36: Ciphers: chacha20-poly1305@openssh.com,aes128-ctr,aes192-ctr,aes256-ctr,aes128-gcm@openssh.com,aes256-gcm@openssh.com
2025-12-11 14:55:36: MACs: umac-64-etm@openssh.com,umac-128-etm@openssh.com,hmac-sha2-256-etm@openssh.com,hmac-sha2-512-etm@openssh.com,hmac-sha1-etm@openssh.com,umac-64@openssh.com,umac-128@openssh.com,hmac-sha2-256,hmac-sha2-512,hmac-sha1
2025-12-11 14:55:36: MACs: umac-64-etm@openssh.com,umac-128-etm@openssh.com,hmac-sha2-256-etm@openssh.com,hmac-sha2-512-etm@openssh.com,hmac-sha1-etm@openssh.com,umac-64@openssh.com,umac-128@openssh.com,hmac-sha2-256,hmac-sha2-512,hmac-sha1
2025-12-11 14:55:36: Auth: start: publickey
2025-12-11 14:55:36: Auth: start: publickey
2025-12-11 14:55:36: Auth: start: publickey
2025-12-11 14:55:36: Auth: publickey: no keys available
2025-12-11 14:55:36: Auth: start: password
2025-12-11 14:55:36: Auth: publickey: no keys available
2025-12-11 14:55:36: Auth: start: password
2025-12-11 14:55:36: Auth: publickey: no keys available
2025-12-11 14:55:36: Auth: start: password
2025-12-11 14:55:38: GsConnectAndSetRoot1 connected to sftp://os3-310-44666.vs.sakura.ne.jp/home/ubuntu/VPSsync/01-WorkspaceSync/modelica-shared/CustomLib/PropulsionSystem
2025-12-11 14:55:38: GsConnectAndSetRoot1 connected to sftp://os3-310-44666.vs.sakura.ne.jp/home/ubuntu/VPSsync/01-WorkspaceSync/modelica-shared/CustomLib/PropulsionSystem
2025-12-11 14:55:38: GsConnectAndSetRoot1 connected to sftp://os3-310-44666.vs.sakura.ne.jp/home/ubuntu/VPSsync/01-WorkspaceSync/modelica-shared/CustomLib/PropulsionSystem
2025-12-11 14:55:38: Copy Over 'sftp://os3-310-44666.vs.sakura.ne.jp/home/ubuntu/VPSsync/01-WorkspaceSync/modelica-shared/CustomLib/PropulsionSystem/BaseClasses/BasicElements/NozzleBase02.mo' -> 'C:/Users/grabacr/VPSsync/01-WorkspaceSync/modelica-shared/CustomLib/PropulsionSystem/BaseClasses/BasicElements/NozzleBase02.mo' (4,283)
2025-12-11 14:55:38: Copy Over 'sftp://os3-310-44666.vs.sakura.ne.jp/home/ubuntu/VPSsync/01-WorkspaceSync/modelica-shared/CustomLib/PropulsionSystem/BaseClasses/package.order' -> 'C:/Users/grabacr/VPSsync/01-WorkspaceSync/modelica-shared/CustomLib/PropulsionSystem/BaseClasses/package.order' (29)
2025-12-11 14:55:38: Copy Over 'sftp://os3-310-44666.vs.sakura.ne.jp/home/ubuntu/VPSsync/01-WorkspaceSync/modelica-shared/CustomLib/PropulsionSystem/BaseClasses/DetailedModels/package.order' -> 'C:/Users/grabacr/VPSsync/01-WorkspaceSync/modelica-shared/CustomLib/PropulsionSystem/BaseClasses/DetailedModels/package.order' (0)
2025-12-11 14:55:38: Copy Over 'sftp://os3-310-44666.vs.sakura.ne.jp/home/ubuntu/VPSsync/01-WorkspaceSync/modelica-shared/CustomLib/PropulsionSystem/BaseClasses/BasicElements/package.order' -> 'C:/Users/grabacr/VPSsync/01-WorkspaceSync/modelica-shared/CustomLib/PropulsionSystem/BaseClasses/BasicElements/package.order' (741)
2025-12-11 14:55:38: Copy Over 'sftp://os3-310-44666.vs.sakura.ne.jp/home/ubuntu/VPSsync/01-WorkspaceSync/modelica-shared/CustomLib/PropulsionSystem/Elements/BasicElements/package.order' -> 'C:/Users/grabacr/VPSsync/01-WorkspaceSync/modelica-shared/CustomLib/PropulsionSystem/Elements/BasicElements/package.order' (1,189)
2025-12-11 14:55:38: Copy Over 'sftp://os3-310-44666.vs.sakura.ne.jp/home/ubuntu/VPSsync/01-WorkspaceSync/modelica-shared/CustomLib/PropulsionSystem/Constants/package.order' -> 'C:/Users/grabacr/VPSsync/01-WorkspaceSync/modelica-shared/CustomLib/PropulsionSystem/Constants/package.order' (16)
2025-12-11 14:55:38: Copy Over 'C:/Users/grabacr/VPSsync/01-WorkspaceSync/modelica-shared/CustomLib/PropulsionSystem/.git/FETCH_HEAD' -> 'sftp://os3-310-44666.vs.sakura.ne.jp/home/ubuntu/VPSsync/01-WorkspaceSync/modelica-shared/CustomLib/PropulsionSystem/.git/FETCH_HEAD' (0)
2025-12-11 14:55:39: Copy Over 'sftp://os3-310-44666.vs.sakura.ne.jp/home/ubuntu/VPSsync/01-WorkspaceSync/modelica-shared/CustomLib/PropulsionSystem/Examples/Elements/BasicElements/package.order' -> 'C:/Users/grabacr/VPSsync/01-WorkspaceSync/modelica-shared/CustomLib/PropulsionSystem/Examples/Elements/BasicElements/package.order' (1,904)
2025-12-11 14:55:39: Copy Over 'sftp://os3-310-44666.vs.sakura.ne.jp/home/ubuntu/VPSsync/01-WorkspaceSync/modelica-shared/CustomLib/PropulsionSystem/Examples/Elements/Compressors/package.order' -> 'C:/Users/grabacr/VPSsync/01-WorkspaceSync/modelica-shared/CustomLib/PropulsionSystem/Examples/Elements/Compressors/package.order' (29)
2025-12-11 14:55:39: Copy Over 'sftp://os3-310-44666.vs.sakura.ne.jp/home/ubuntu/VPSsync/01-WorkspaceSync/modelica-shared/CustomLib/PropulsionSystem/Examples/Elements/DetailedModels/package.order' -> 'C:/Users/grabacr/VPSsync/01-WorkspaceSync/modelica-shared/CustomLib/PropulsionSystem/Examples/Elements/DetailedModels/package.order' (144)
2025-12-11 14:55:39: Copy Over 'sftp://os3-310-44666.vs.sakura.ne.jp/home/ubuntu/VPSsync/01-WorkspaceSync/modelica-shared/CustomLib/PropulsionSystem/Examples/Elements/JetNozzles/package.mo' -> 'C:/Users/grabacr/VPSsync/01-WorkspaceSync/modelica-shared/CustomLib/PropulsionSystem/Examples/Elements/JetNozzles/package.mo' (120)
2025-12-11 14:55:39: Copy Over 'sftp://os3-310-44666.vs.sakura.ne.jp/home/ubuntu/VPSsync/01-WorkspaceSync/modelica-shared/CustomLib/PropulsionSystem/Examples/Elements/package.order' -> 'C:/Users/grabacr/VPSsync/01-WorkspaceSync/modelica-shared/CustomLib/PropulsionSystem/Examples/Elements/package.order' (61)
2025-12-11 14:55:39: Copy Over 'sftp://os3-310-44666.vs.sakura.ne.jp/home/ubuntu/VPSsync/01-WorkspaceSync/modelica-shared/CustomLib/PropulsionSystem/Examples/Elements/Turbines/package.order' -> 'C:/Users/grabacr/VPSsync/01-WorkspaceSync/modelica-shared/CustomLib/PropulsionSystem/Examples/Elements/Turbines/package.order' (26)
2025-12-11 14:55:39: Copy Over 'sftp://os3-310-44666.vs.sakura.ne.jp/home/ubuntu/VPSsync/01-WorkspaceSync/modelica-shared/CustomLib/PropulsionSystem/Examples/Engines/DesignPoint/package.order' -> 'C:/Users/grabacr/VPSsync/01-WorkspaceSync/modelica-shared/CustomLib/PropulsionSystem/Examples/Engines/DesignPoint/package.order' (325)
2025-12-11 14:55:39: Copy Over 'sftp://os3-310-44666.vs.sakura.ne.jp/home/ubuntu/VPSsync/01-WorkspaceSync/modelica-shared/CustomLib/PropulsionSystem/Examples/EngineeringStudies/package.order' -> 'C:/Users/grabacr/VPSsync/01-WorkspaceSync/modelica-shared/CustomLib/PropulsionSystem/Examples/EngineeringStudies/package.order' (76)
2025-12-11 14:55:39: Copy Over 'sftp://os3-310-44666.vs.sakura.ne.jp/home/ubuntu/VPSsync/01-WorkspaceSync/modelica-shared/CustomLib/PropulsionSystem/Examples/Functions/Examples/package.order' -> 'C:/Users/grabacr/VPSsync/01-WorkspaceSync/modelica-shared/CustomLib/PropulsionSystem/Examples/Functions/Examples/package.order' (29)
2025-12-11 14:55:39: Copy Over 'sftp://os3-310-44666.vs.sakura.ne.jp/home/ubuntu/VPSsync/01-WorkspaceSync/modelica-shared/CustomLib/PropulsionSystem/Examples/Functions/package.order' -> 'C:/Users/grabacr/VPSsync/01-WorkspaceSync/modelica-shared/CustomLib/PropulsionSystem/Examples/Functions/package.order' (15)
2025-12-11 14:55:39: Copy Over 'sftp://os3-310-44666.vs.sakura.ne.jp/home/ubuntu/VPSsync/01-WorkspaceSync/modelica-shared/CustomLib/PropulsionSystem/Examples/Functions/tests/package.order' -> 'C:/Users/grabacr/VPSsync/01-WorkspaceSync/modelica-shared/CustomLib/PropulsionSystem/Examples/Functions/tests/package.order' (29)
2025-12-11 14:55:39: Copy Over 'sftp://os3-310-44666.vs.sakura.ne.jp/home/ubuntu/VPSsync/01-WorkspaceSync/modelica-shared/CustomLib/PropulsionSystem/Examples/Engines/IntegrateDesPtOffDes/package.order' -> 'C:/Users/grabacr/VPSsync/01-WorkspaceSync/modelica-shared/CustomLib/PropulsionSystem/Examples/Engines/IntegrateDesPtOffDes/package.order' (209)
2025-12-11 14:55:39: Copy Over 'sftp://os3-310-44666.vs.sakura.ne.jp/home/ubuntu/VPSsync/01-WorkspaceSync/modelica-shared/CustomLib/PropulsionSystem/Examples/Engines/IntegrateDesPtOffDes/saveFailed/package.order' -> 'C:/Users/grabacr/VPSsync/01-WorkspaceSync/modelica-shared/CustomLib/PropulsionSystem/Examples/Engines/IntegrateDesPtOffDes/saveFailed/package.order' (84)
2025-12-11 14:55:39: Copy Over 'sftp://os3-310-44666.vs.sakura.ne.jp/home/ubuntu/VPSsync/01-WorkspaceSync/modelica-shared/CustomLib/PropulsionSystem/Examples/Engines/package.order' -> 'C:/Users/grabacr/VPSsync/01-WorkspaceSync/modelica-shared/CustomLib/PropulsionSystem/Examples/Engines/package.order' (56)
2025-12-11 14:55:39: Copy Over 'sftp://os3-310-44666.vs.sakura.ne.jp/home/ubuntu/VPSsync/01-WorkspaceSync/modelica-shared/CustomLib/PropulsionSystem/Examples/Engines/OffDesignSim/package.order' -> 'C:/Users/grabacr/VPSsync/01-WorkspaceSync/modelica-shared/CustomLib/PropulsionSystem/Examples/Engines/OffDesignSim/package.order' (177)
2025-12-11 14:55:39: Copy Over 'sftp://os3-310-44666.vs.sakura.ne.jp/home/ubuntu/VPSsync/01-WorkspaceSync/modelica-shared/CustomLib/PropulsionSystem/Examples/package.order' -> 'C:/Users/grabacr/VPSsync/01-WorkspaceSync/modelica-shared/CustomLib/PropulsionSystem/Examples/package.order' (140)
2025-12-11 14:55:40: Copy Over 'sftp://os3-310-44666.vs.sakura.ne.jp/home/ubuntu/VPSsync/01-WorkspaceSync/modelica-shared/CustomLib/PropulsionSystem/Examples/Engines/Transient/package.order' -> 'C:/Users/grabacr/VPSsync/01-WorkspaceSync/modelica-shared/CustomLib/PropulsionSystem/Examples/Engines/Transient/package.order' (284)
2025-12-11 14:55:40: Copy Over 'sftp://os3-310-44666.vs.sakura.ne.jp/home/ubuntu/VPSsync/01-WorkspaceSync/modelica-shared/CustomLib/PropulsionSystem/Examples/Subelements/package.order' -> 'C:/Users/grabacr/VPSsync/01-WorkspaceSync/modelica-shared/CustomLib/PropulsionSystem/Examples/Subelements/package.order' (394)
2025-12-11 14:55:40: Copy Over 'sftp://os3-310-44666.vs.sakura.ne.jp/home/ubuntu/VPSsync/01-WorkspaceSync/modelica-shared/CustomLib/PropulsionSystem/Examples/temp/package.order' -> 'C:/Users/grabacr/VPSsync/01-WorkspaceSync/modelica-shared/CustomLib/PropulsionSystem/Examples/temp/package.order' (441)
2025-12-11 14:55:40: Copy Over 'sftp://os3-310-44666.vs.sakura.ne.jp/home/ubuntu/VPSsync/01-WorkspaceSync/modelica-shared/CustomLib/PropulsionSystem/Examples/ThermodynamicCycles/package.order' -> 'C:/Users/grabacr/VPSsync/01-WorkspaceSync/modelica-shared/CustomLib/PropulsionSystem/Examples/ThermodynamicCycles/package.order' (161)
2025-12-11 14:55:40: Copy Over 'sftp://os3-310-44666.vs.sakura.ne.jp/home/ubuntu/VPSsync/01-WorkspaceSync/modelica-shared/CustomLib/PropulsionSystem/Examples/ThermoCycleSystems/package.order' -> 'C:/Users/grabacr/VPSsync/01-WorkspaceSync/modelica-shared/CustomLib/PropulsionSystem/Examples/ThermoCycleSystems/package.order' (22)
2025-12-11 14:55:40: Copy Over 'sftp://os3-310-44666.vs.sakura.ne.jp/home/ubuntu/VPSsync/01-WorkspaceSync/modelica-shared/CustomLib/PropulsionSystem/Examples/ThermoCycleSystems/DesignPoint/package.order' -> 'C:/Users/grabacr/VPSsync/01-WorkspaceSync/modelica-shared/CustomLib/PropulsionSystem/Examples/ThermoCycleSystems/DesignPoint/package.order' (296)
2025-12-11 14:55:40: Copy Over 'sftp://os3-310-44666.vs.sakura.ne.jp/home/ubuntu/VPSsync/01-WorkspaceSync/modelica-shared/CustomLib/PropulsionSystem/Examples/Utilities/package.order' -> 'C:/Users/grabacr/VPSsync/01-WorkspaceSync/modelica-shared/CustomLib/PropulsionSystem/Examples/Utilities/package.order' (149)
2025-12-11 14:55:40: Copy Over 'sftp://os3-310-44666.vs.sakura.ne.jp/home/ubuntu/VPSsync/01-WorkspaceSync/modelica-shared/CustomLib/PropulsionSystem/Examples/ThermoCycleSystems/Transient/package.order' -> 'C:/Users/grabacr/VPSsync/01-WorkspaceSync/modelica-shared/CustomLib/PropulsionSystem/Examples/ThermoCycleSystems/Transient/package.order' (44)
2025-12-11 14:55:40: Copy Over 'sftp://os3-310-44666.vs.sakura.ne.jp/home/ubuntu/VPSsync/01-WorkspaceSync/modelica-shared/CustomLib/PropulsionSystem/Examples/WalkingInWorldOfThermoFluid/package.order' -> 'C:/Users/grabacr/VPSsync/01-WorkspaceSync/modelica-shared/CustomLib/PropulsionSystem/Examples/WalkingInWorldOfThermoFluid/package.order' (60)
2025-12-11 14:55:40: Copy Over 'sftp://os3-310-44666.vs.sakura.ne.jp/home/ubuntu/VPSsync/01-WorkspaceSync/modelica-shared/CustomLib/PropulsionSystem/Elements/package.order' -> 'C:/Users/grabacr/VPSsync/01-WorkspaceSync/modelica-shared/CustomLib/PropulsionSystem/Elements/package.order' (29)
2025-12-11 14:55:40: Copy Over 'sftp://os3-310-44666.vs.sakura.ne.jp/home/ubuntu/VPSsync/01-WorkspaceSync/modelica-shared/CustomLib/PropulsionSystem/Elements/DetailedModels/package.order' -> 'C:/Users/grabacr/VPSsync/01-WorkspaceSync/modelica-shared/CustomLib/PropulsionSystem/Elements/DetailedModels/package.order' (57)
2025-12-11 14:55:40: Copy Over 'sftp://os3-310-44666.vs.sakura.ne.jp/home/ubuntu/VPSsync/01-WorkspaceSync/modelica-shared/CustomLib/PropulsionSystem/Functions/CompressorFunctionPackage/package.order' -> 'C:/Users/grabacr/VPSsync/01-WorkspaceSync/modelica-shared/CustomLib/PropulsionSystem/Functions/CompressorFunctionPackage/package.order' (0)
2025-12-11 14:55:40: Copy Over 'sftp://os3-310-44666.vs.sakura.ne.jp/home/ubuntu/VPSsync/01-WorkspaceSync/modelica-shared/CustomLib/PropulsionSystem/Functions/NozzleFunctionPackage/package.order' -> 'C:/Users/grabacr/VPSsync/01-WorkspaceSync/modelica-shared/CustomLib/PropulsionSystem/Functions/NozzleFunctionPackage/package.order' (0)
2025-12-11 14:55:40: Copy Over 'sftp://os3-310-44666.vs.sakura.ne.jp/home/ubuntu/VPSsync/01-WorkspaceSync/modelica-shared/CustomLib/PropulsionSystem/Functions/package.order' -> 'C:/Users/grabacr/VPSsync/01-WorkspaceSync/modelica-shared/CustomLib/PropulsionSystem/Functions/package.order' (143)
2025-12-11 14:55:40: Copy Over 'sftp://os3-310-44666.vs.sakura.ne.jp/home/ubuntu/VPSsync/01-WorkspaceSync/modelica-shared/CustomLib/PropulsionSystem/Functions/PropellerFunctionPackage/package.order' -> 'C:/Users/grabacr/VPSsync/01-WorkspaceSync/modelica-shared/CustomLib/PropulsionSystem/Functions/PropellerFunctionPackage/package.order' (151)
2025-12-11 14:55:40: Copy Over 'sftp://os3-310-44666.vs.sakura.ne.jp/home/ubuntu/VPSsync/01-WorkspaceSync/modelica-shared/CustomLib/PropulsionSystem/Functions/TurbineFunctionPackage/package.order' -> 'C:/Users/grabacr/VPSsync/01-WorkspaceSync/modelica-shared/CustomLib/PropulsionSystem/Functions/TurbineFunctionPackage/package.order' (47)
2025-12-11 14:55:41: Copy Over 'sftp://os3-310-44666.vs.sakura.ne.jp/home/ubuntu/VPSsync/01-WorkspaceSync/modelica-shared/CustomLib/PropulsionSystem/FluidFunctios/package.order' -> 'C:/Users/grabacr/VPSsync/01-WorkspaceSync/modelica-shared/CustomLib/PropulsionSystem/FluidFunctios/package.order' (14)
2025-12-11 14:55:41: Copy Over 'sftp://os3-310-44666.vs.sakura.ne.jp/home/ubuntu/VPSsync/01-WorkspaceSync/modelica-shared/CustomLib/PropulsionSystem/Icons/package.order' -> 'C:/Users/grabacr/VPSsync/01-WorkspaceSync/modelica-shared/CustomLib/PropulsionSystem/Icons/package.order' (212)
2025-12-11 14:55:41: Copy Over 'sftp://os3-310-44666.vs.sakura.ne.jp/home/ubuntu/VPSsync/01-WorkspaceSync/modelica-shared/CustomLib/PropulsionSystem/Interfaces/ElementFrames/package.order' -> 'C:/Users/grabacr/VPSsync/01-WorkspaceSync/modelica-shared/CustomLib/PropulsionSystem/Interfaces/ElementFrames/package.order' (171)
2025-12-11 14:55:41: Copy Over 'sftp://os3-310-44666.vs.sakura.ne.jp/home/ubuntu/VPSsync/01-WorkspaceSync/modelica-shared/CustomLib/PropulsionSystem/Interfaces/package.order' -> 'C:/Users/grabacr/VPSsync/01-WorkspaceSync/modelica-shared/CustomLib/PropulsionSystem/Interfaces/package.order' (57)
2025-12-11 14:55:41: Copy Over 'sftp://os3-310-44666.vs.sakura.ne.jp/home/ubuntu/VPSsync/01-WorkspaceSync/modelica-shared/CustomLib/PropulsionSystem/Interfaces/SubelementFrames/package.order' -> 'C:/Users/grabacr/VPSsync/01-WorkspaceSync/modelica-shared/CustomLib/PropulsionSystem/Interfaces/SubelementFrames/package.order' (16)
2025-12-11 14:55:41: Copy Over 'sftp://os3-310-44666.vs.sakura.ne.jp/home/ubuntu/VPSsync/01-WorkspaceSync/modelica-shared/CustomLib/PropulsionSystem/Records/package.order' -> 'C:/Users/grabacr/VPSsync/01-WorkspaceSync/modelica-shared/CustomLib/PropulsionSystem/Records/package.order' (110)
2025-12-11 14:55:41: Copy Over 'sftp://os3-310-44666.vs.sakura.ne.jp/home/ubuntu/VPSsync/01-WorkspaceSync/modelica-shared/CustomLib/PropulsionSystem/Media/EngineBreathingAir/package.order' -> 'C:/Users/grabacr/VPSsync/01-WorkspaceSync/modelica-shared/CustomLib/PropulsionSystem/Media/EngineBreathingAir/package.order' (23)
2025-12-11 14:55:41: Copy Over 'sftp://os3-310-44666.vs.sakura.ne.jp/home/ubuntu/VPSsync/01-WorkspaceSync/modelica-shared/CustomLib/PropulsionSystem/Media/EngineBreathingAir/DryAirMethaneMixture00/package.order' -> 'C:/Users/grabacr/VPSsync/01-WorkspaceSync/modelica-shared/CustomLib/PropulsionSystem/Media/EngineBreathingAir/DryAirMethaneMixture00/package.order' (0)
2025-12-11 14:55:41: Copy Over 'sftp://os3-310-44666.vs.sakura.ne.jp/home/ubuntu/VPSsync/01-WorkspaceSync/modelica-shared/CustomLib/PropulsionSystem/Media/package.order' -> 'C:/Users/grabacr/VPSsync/01-WorkspaceSync/modelica-shared/CustomLib/PropulsionSystem/Media/package.order' (19)
2025-12-11 14:55:41: Copy Over 'sftp://os3-310-44666.vs.sakura.ne.jp/home/ubuntu/VPSsync/01-WorkspaceSync/modelica-shared/CustomLib/PropulsionSystem/Sources/BaseClasses/package.order' -> 'C:/Users/grabacr/VPSsync/01-WorkspaceSync/modelica-shared/CustomLib/PropulsionSystem/Sources/BaseClasses/package.order' (0)
2025-12-11 14:55:41: Copy Over 'sftp://os3-310-44666.vs.sakura.ne.jp/home/ubuntu/VPSsync/01-WorkspaceSync/modelica-shared/CustomLib/PropulsionSystem/Subelements/Functions/package.order' -> 'C:/Users/grabacr/VPSsync/01-WorkspaceSync/modelica-shared/CustomLib/PropulsionSystem/Subelements/Functions/package.order' (11)
2025-12-11 14:55:41: Copy Over 'sftp://os3-310-44666.vs.sakura.ne.jp/home/ubuntu/VPSsync/01-WorkspaceSync/modelica-shared/CustomLib/PropulsionSystem/Subelements/Functions/Combustion/package.order' -> 'C:/Users/grabacr/VPSsync/01-WorkspaceSync/modelica-shared/CustomLib/PropulsionSystem/Subelements/Functions/Combustion/package.order' (130)
2025-12-11 14:55:41: Copy Over 'sftp://os3-310-44666.vs.sakura.ne.jp/home/ubuntu/VPSsync/01-WorkspaceSync/modelica-shared/CustomLib/PropulsionSystem/Subelements/package.order' -> 'C:/Users/grabacr/VPSsync/01-WorkspaceSync/modelica-shared/CustomLib/PropulsionSystem/Subelements/package.order' (516)
2025-12-11 14:55:41: Copy Over 'sftp://os3-310-44666.vs.sakura.ne.jp/home/ubuntu/VPSsync/01-WorkspaceSync/modelica-shared/CustomLib/PropulsionSystem/Sources/package.order' -> 'C:/Users/grabacr/VPSsync/01-WorkspaceSync/modelica-shared/CustomLib/PropulsionSystem/Sources/package.order' (284)
2025-12-11 14:55:42: Copy Over 'sftp://os3-310-44666.vs.sakura.ne.jp/home/ubuntu/VPSsync/01-WorkspaceSync/modelica-shared/CustomLib/PropulsionSystem/Types/package.order' -> 'C:/Users/grabacr/VPSsync/01-WorkspaceSync/modelica-shared/CustomLib/PropulsionSystem/Types/package.order' (34)
2025-12-11 14:55:42: Copy Over 'sftp://os3-310-44666.vs.sakura.ne.jp/home/ubuntu/VPSsync/01-WorkspaceSync/modelica-shared/CustomLib/PropulsionSystem/Types/switches/package.order' -> 'C:/Users/grabacr/VPSsync/01-WorkspaceSync/modelica-shared/CustomLib/PropulsionSystem/Types/switches/package.order' (301)
2025-12-11 14:55:42: Copy Over 'sftp://os3-310-44666.vs.sakura.ne.jp/home/ubuntu/VPSsync/01-WorkspaceSync/modelica-shared/CustomLib/PropulsionSystem/Utilities/package.order' -> 'C:/Users/grabacr/VPSsync/01-WorkspaceSync/modelica-shared/CustomLib/PropulsionSystem/Utilities/package.order' (239)
2025-12-11 14:55:42: Copy Over 'sftp://os3-310-44666.vs.sakura.ne.jp/home/ubuntu/VPSsync/01-WorkspaceSync/modelica-shared/CustomLib/PropulsionSystem/Visualizers/package.order' -> 'C:/Users/grabacr/VPSsync/01-WorkspaceSync/modelica-shared/CustomLib/PropulsionSystem/Visualizers/package.order' (16)
2025-12-11 14:55:42: Save State File C:/Users/grabacr/VPSsync/01-WorkspaceSync/modelica-shared/CustomLib/PropulsionSystem/_gsdata_/_file_state_v4._gs
2025-12-11 14:55:43: Save State File sftp://os3-310-44666.vs.sakura.ne.jp/home/ubuntu/VPSsync/01-WorkspaceSync/modelica-shared/CustomLib/PropulsionSystem/_gsdata_/_file_state_v4._gs
2025-12-11 14:56:09: == Sync Complete. Time: 00:00:33, Speed: 38.94 KB/s, OK: 57, Errors: 0
