2025-12-10 21:46:28: Server: SSH-2.0-OpenSSH_9.6p1 Ubuntu-3ubuntu13.14
2025-12-10 21:46:28: Server KEXes: sntrup761x25519-sha512@openssh.com,curve25519-sha256,curve25519-sha256@libssh.org,ecdh-sha2-nistp256,ecdh-sha2-nistp384,ecdh-sha2-nistp521,diffie-hellman-group-exchange-sha256,diffie-hellman-group16-sha512,diffie-hellman-group18-sha512,diffie-hellman-group14-sha256,ext-info-s,kex-strict-s-v00@openssh.com
2025-12-10 21:46:28: Server Host Keys: rsa-sha2-512,rsa-sha2-256,ecdsa-sha2-nistp256,ssh-ed25519
2025-12-10 21:46:28: Chosen Host Key: ssh-ed25519
2025-12-10 21:46:28: Ciphers: chacha20-poly1305@openssh.com,aes128-ctr,aes192-ctr,aes256-ctr,aes128-gcm@openssh.com,aes256-gcm@openssh.com
2025-12-10 21:46:28: MACs: umac-64-etm@openssh.com,umac-128-etm@openssh.com,hmac-sha2-256-etm@openssh.com,hmac-sha2-512-etm@openssh.com,hmac-sha1-etm@openssh.com,umac-64@openssh.com,umac-128@openssh.com,hmac-sha2-256,hmac-sha2-512,hmac-sha1
2025-12-10 21:46:28: Auth: start: publickey
2025-12-10 21:46:28: Auth: publickey: no keys available
2025-12-10 21:46:28: Auth: start: password
2025-12-10 21:46:30: -- Analysis Started by On File Change, After Delay
2025-12-10 21:46:30: /.git: Conflict: File Modified on Both Sides
2025-12-10 21:46:30: /.git/index: L:TimeSize<>; Conflict: File Modified on Both Sides
2025-12-10 21:46:30: /.git/objects: Conflict: File Modified on Both Sides
2025-12-10 21:46:30: /.git/objects/01: Same Deleted, Diff Gens; Deleted, Vert Cond Resolve; Conflict: File Modified on Both Sides
2025-12-10 21:46:30: /.git/objects/02: Same Deleted, Diff Gens; Deleted, Vert Cond Resolve; Conflict: File Modified on Both Sides
2025-12-10 21:46:30: /.git/objects/03: Same Deleted, Diff Gens; Deleted, Vert Cond Resolve; Conflict: File Modified on Both Sides
2025-12-10 21:46:30: /.git/objects/04: Same Deleted, Diff Gens; Deleted, Vert Cond Resolve; Conflict: File Modified on Both Sides
2025-12-10 21:46:30: /.git/objects/06: Same Deleted, Diff Gens; Deleted, Vert Cond Resolve; Conflict: File Modified on Both Sides
2025-12-10 21:46:30: /.git/objects/08: Same Deleted, Diff Gens; Deleted, Vert Cond Resolve; Conflict: File Modified on Both Sides
2025-12-10 21:46:30: /.git/objects/09: Same Deleted, Diff Gens; Deleted, Vert Cond Resolve; Conflict: File Modified on Both Sides
2025-12-10 21:46:30: /.git/objects/0f: Same Deleted, Diff Gens; Deleted, Vert Cond Resolve; Conflict: File Modified on Both Sides
2025-12-10 21:46:30: /.git/objects/10: Same Deleted, Diff Gens; Deleted, Vert Cond Resolve; Conflict: File Modified on Both Sides
2025-12-10 21:46:30: /.git/objects/13: Same Deleted, Diff Gens; Deleted, Vert Cond Resolve; Conflict: File Modified on Both Sides
2025-12-10 21:46:30: /.git/objects/16: Same Deleted, Diff Gens; Deleted, Vert Cond Resolve; Conflict: File Modified on Both Sides
2025-12-10 21:46:30: /.git/objects/19: Same Deleted, Diff Gens; Deleted, Vert Cond Resolve; Conflict: File Modified on Both Sides
2025-12-10 21:46:31: /.git/objects/1b: Same Deleted, Diff Gens; Deleted, Vert Cond Resolve; Conflict: File Modified on Both Sides
2025-12-10 21:46:31: /.git/objects/1c: Same Deleted, Diff Gens; Deleted, Vert Cond Resolve; Conflict: File Modified on Both Sides
2025-12-10 21:46:31: /.git/objects/1e: Same Deleted, Diff Gens; Deleted, Vert Cond Resolve; Conflict: File Modified on Both Sides
2025-12-10 21:46:31: /.git/objects/20: Same Deleted, Diff Gens; Deleted, Vert Cond Resolve; Conflict: File Modified on Both Sides
2025-12-10 21:46:31: /.git/objects/21: Same Deleted, Diff Gens; Deleted, Vert Cond Resolve; Conflict: File Modified on Both Sides
2025-12-10 21:46:31: /.git/objects/23: Same Deleted, Diff Gens; Deleted, Vert Cond Resolve; Conflict: File Modified on Both Sides
2025-12-10 21:46:31: /.git/objects/24: Same Deleted, Diff Gens; Deleted, Vert Cond Resolve; Conflict: File Modified on Both Sides
2025-12-10 21:46:31: /.git/objects/26: Same Deleted, Diff Gens; Deleted, Vert Cond Resolve; Conflict: File Modified on Both Sides
2025-12-10 21:46:31: /.git/objects/27: Same Deleted, Diff Gens; Deleted, Vert Cond Resolve; Conflict: File Modified on Both Sides
2025-12-10 21:46:31: /.git/objects/28: Same Deleted, Diff Gens; Deleted, Vert Cond Resolve; Conflict: File Modified on Both Sides
2025-12-10 21:46:31: /.git/objects/29: Same Deleted, Diff Gens; Deleted, Vert Cond Resolve; Conflict: File Modified on Both Sides
2025-12-10 21:46:31: /.git/objects/2a: Same Deleted, Diff Gens; Deleted, Vert Cond Resolve; Conflict: File Modified on Both Sides
2025-12-10 21:46:31: /.git/objects/2b: Same Deleted, Diff Gens; Deleted, Vert Cond Resolve; Conflict: File Modified on Both Sides
2025-12-10 21:46:31: /.git/objects/2d: Same Deleted, Diff Gens; Deleted, Vert Cond Resolve; Conflict: File Modified on Both Sides
2025-12-10 21:46:31: /.git/objects/2e: Same Deleted, Diff Gens; Deleted, Vert Cond Resolve; Conflict: File Modified on Both Sides
2025-12-10 21:46:31: /.git/objects/2f: Same Deleted, Diff Gens; Deleted, Vert Cond Resolve; Conflict: File Modified on Both Sides
2025-12-10 21:46:31: /.git/objects/30: Same Deleted, Diff Gens; Deleted, Vert Cond Resolve; Conflict: File Modified on Both Sides
2025-12-10 21:46:31: /.git/objects/31: Same Deleted, Diff Gens; Deleted, Vert Cond Resolve; Conflict: File Modified on Both Sides
2025-12-10 21:46:31: /.git/objects/32: Same Deleted, Diff Gens; Deleted, Vert Cond Resolve; Conflict: File Modified on Both Sides
2025-12-10 21:46:31: /.git/objects/33: Same Deleted, Diff Gens; Deleted, Vert Cond Resolve; Conflict: File Modified on Both Sides
2025-12-10 21:46:31: /.git/objects/34: Same Deleted, Diff Gens; Deleted, Vert Cond Resolve; Conflict: File Modified on Both Sides
2025-12-10 21:46:31: /.git/objects/35: Same Deleted, Diff Gens; Deleted, Vert Cond Resolve; Conflict: File Modified on Both Sides
2025-12-10 21:46:31: /.git/objects/39: Same Deleted, Diff Gens; Deleted, Vert Cond Resolve; Conflict: File Modified on Both Sides
2025-12-10 21:46:31: /.git/objects/3a: Same Deleted, Diff Gens; Deleted, Vert Cond Resolve; Conflict: File Modified on Both Sides
2025-12-10 21:46:31: /.git/objects/3b: Same Deleted, Diff Gens; Deleted, Vert Cond Resolve; Conflict: File Modified on Both Sides
2025-12-10 21:46:31: /.git/objects/3c: Same Deleted, Diff Gens; Deleted, Vert Cond Resolve; Conflict: File Modified on Both Sides
2025-12-10 21:46:31: /.git/objects/3d: Same Deleted, Diff Gens; Deleted, Vert Cond Resolve; Conflict: File Modified on Both Sides
2025-12-10 21:46:31: /.git/objects/3e: Same Deleted, Diff Gens; Deleted, Vert Cond Resolve; Conflict: File Modified on Both Sides
2025-12-10 21:46:31: /.git/objects/3f: Same Deleted, Diff Gens; Deleted, Vert Cond Resolve; Conflict: File Modified on Both Sides
2025-12-10 21:46:31: /.git/objects/40: Same Deleted, Diff Gens; Deleted, Vert Cond Resolve; Conflict: File Modified on Both Sides
2025-12-10 21:46:31: /.git/objects/41: Same Deleted, Diff Gens; Deleted, Vert Cond Resolve; Conflict: File Modified on Both Sides
2025-12-10 21:46:31: /.git/objects/42: Same Deleted, Diff Gens; Deleted, Vert Cond Resolve; Conflict: File Modified on Both Sides
2025-12-10 21:46:31: /.git/objects/45: Same Deleted, Diff Gens; Deleted, Vert Cond Resolve; Conflict: File Modified on Both Sides
2025-12-10 21:46:31: /.git/objects/46: Same Deleted, Diff Gens; Deleted, Vert Cond Resolve; Conflict: File Modified on Both Sides
2025-12-10 21:46:31: /.git/objects/49: Same Deleted, Diff Gens; Deleted, Vert Cond Resolve; Conflict: File Modified on Both Sides
2025-12-10 21:46:31: /.git/objects/4a: Same Deleted, Diff Gens; Deleted, Vert Cond Resolve; Conflict: File Modified on Both Sides
2025-12-10 21:46:31: /.git/objects/4b: Same Deleted, Diff Gens; Deleted, Vert Cond Resolve; Conflict: File Modified on Both Sides
2025-12-10 21:46:31: /.git/objects/4c: Same Deleted, Diff Gens; Deleted, Vert Cond Resolve; Conflict: File Modified on Both Sides
2025-12-10 21:46:31: /.git/objects/4d: Same Deleted, Diff Gens; Deleted, Vert Cond Resolve; Conflict: File Modified on Both Sides
2025-12-10 21:46:31: /.git/objects/4e: Same Deleted, Diff Gens; Deleted, Vert Cond Resolve; Conflict: File Modified on Both Sides
2025-12-10 21:46:31: /.git/objects/50: Same Deleted, Diff Gens; Deleted, Vert Cond Resolve; Conflict: File Modified on Both Sides
2025-12-10 21:46:31: /.git/objects/51: Same Deleted, Diff Gens; Deleted, Vert Cond Resolve; Conflict: File Modified on Both Sides
2025-12-10 21:46:31: /.git/objects/53: Same Deleted, Diff Gens; Deleted, Vert Cond Resolve; Conflict: File Modified on Both Sides
2025-12-10 21:46:31: /.git/objects/54: Same Deleted, Diff Gens; Deleted, Vert Cond Resolve; Conflict: File Modified on Both Sides
2025-12-10 21:46:31: /.git/objects/56: Same Deleted, Diff Gens; Deleted, Vert Cond Resolve; Conflict: File Modified on Both Sides
2025-12-10 21:46:31: /.git/objects/57: Same Deleted, Diff Gens; Deleted, Vert Cond Resolve; Conflict: File Modified on Both Sides
2025-12-10 21:46:31: /.git/objects/5a: Same Deleted, Diff Gens; Deleted, Vert Cond Resolve; Conflict: File Modified on Both Sides
2025-12-10 21:46:31: /.git/objects/5b: Same Deleted, Diff Gens; Deleted, Vert Cond Resolve; Conflict: File Modified on Both Sides
2025-12-10 21:46:31: /.git/objects/5c: Same Deleted, Diff Gens; Deleted, Vert Cond Resolve; Conflict: File Modified on Both Sides
2025-12-10 21:46:31: /.git/objects/5d: Same Deleted, Diff Gens; Deleted, Vert Cond Resolve; Conflict: File Modified on Both Sides
2025-12-10 21:46:31: /.git/objects/5e: Same Deleted, Diff Gens; Deleted, Vert Cond Resolve; Conflict: File Modified on Both Sides
2025-12-10 21:46:31: /.git/objects/60: Same Deleted, Diff Gens; Deleted, Vert Cond Resolve; Conflict: File Modified on Both Sides
2025-12-10 21:46:31: /.git/objects/62: Same Deleted, Diff Gens; Deleted, Vert Cond Resolve; Conflict: File Modified on Both Sides
2025-12-10 21:46:31: /.git/objects/68: Same Deleted, Diff Gens; Deleted, Vert Cond Resolve; Conflict: File Modified on Both Sides
2025-12-10 21:46:31: /.git/objects/69: Same Deleted, Diff Gens; Deleted, Vert Cond Resolve; Conflict: File Modified on Both Sides
2025-12-10 21:46:31: /.git/objects/6b: Same Deleted, Diff Gens; Deleted, Vert Cond Resolve; Conflict: File Modified on Both Sides
2025-12-10 21:46:31: /.git/objects/6c: Same Deleted, Diff Gens; Deleted, Vert Cond Resolve; Conflict: File Modified on Both Sides
2025-12-10 21:46:31: /.git/objects/6d: Same Deleted, Diff Gens; Deleted, Vert Cond Resolve; Conflict: File Modified on Both Sides
2025-12-10 21:46:31: /.git/objects/6f: Same Deleted, Diff Gens; Deleted, Vert Cond Resolve; Conflict: File Modified on Both Sides
2025-12-10 21:46:31: /.git/objects/71: Same Deleted, Diff Gens; Deleted, Vert Cond Resolve; Conflict: File Modified on Both Sides
2025-12-10 21:46:31: /.git/objects/72: Same Deleted, Diff Gens; Deleted, Vert Cond Resolve; Conflict: File Modified on Both Sides
2025-12-10 21:46:31: /.git/objects/73: Same Deleted, Diff Gens; Deleted, Vert Cond Resolve; Conflict: File Modified on Both Sides
2025-12-10 21:46:31: /.git/objects/74: Same Deleted, Diff Gens; Deleted, Vert Cond Resolve; Conflict: File Modified on Both Sides
2025-12-10 21:46:31: /.git/objects/75: Same Deleted, Diff Gens; Deleted, Vert Cond Resolve; Conflict: File Modified on Both Sides
2025-12-10 21:46:31: /.git/objects/76: Same Deleted, Diff Gens; Deleted, Vert Cond Resolve; Conflict: File Modified on Both Sides
2025-12-10 21:46:31: /.git/objects/78: Same Deleted, Diff Gens; Deleted, Vert Cond Resolve; Conflict: File Modified on Both Sides
2025-12-10 21:46:31: /.git/objects/7a: Same Deleted, Diff Gens; Deleted, Vert Cond Resolve; Conflict: File Modified on Both Sides
2025-12-10 21:46:31: /.git/objects/7b: Same Deleted, Diff Gens; Deleted, Vert Cond Resolve; Conflict: File Modified on Both Sides
2025-12-10 21:46:31: /.git/objects/7c: Same Deleted, Diff Gens; Deleted, Vert Cond Resolve; Conflict: File Modified on Both Sides
2025-12-10 21:46:31: /.git/objects/7e: Same Deleted, Diff Gens; Deleted, Vert Cond Resolve; Conflict: File Modified on Both Sides
2025-12-10 21:46:31: /.git/objects/7f: Same Deleted, Diff Gens; Deleted, Vert Cond Resolve; Conflict: File Modified on Both Sides
2025-12-10 21:46:31: /.git/objects/84: Same Deleted, Diff Gens; Deleted, Vert Cond Resolve; Conflict: File Modified on Both Sides
2025-12-10 21:46:31: /.git/objects/86: Same Deleted, Diff Gens; Deleted, Vert Cond Resolve; Conflict: File Modified on Both Sides
2025-12-10 21:46:31: /.git/objects/87: Same Deleted, Diff Gens; Deleted, Vert Cond Resolve; Conflict: File Modified on Both Sides
2025-12-10 21:46:31: /.git/objects/89: Same Deleted, Diff Gens; Deleted, Vert Cond Resolve; Conflict: File Modified on Both Sides
2025-12-10 21:46:31: /.git/objects/8a: Same Deleted, Diff Gens; Deleted, Vert Cond Resolve; Conflict: File Modified on Both Sides
2025-12-10 21:46:31: /.git/objects/8b: Same Deleted, Diff Gens; Deleted, Vert Cond Resolve; Conflict: File Modified on Both Sides
2025-12-10 21:46:31: /.git/objects/8c: Same Deleted, Diff Gens; Deleted, Vert Cond Resolve; Conflict: File Modified on Both Sides
2025-12-10 21:46:31: /.git/objects/8d: Same Deleted, Diff Gens; Deleted, Vert Cond Resolve; Conflict: File Modified on Both Sides
2025-12-10 21:46:31: /.git/objects/8f: Same Deleted, Diff Gens; Deleted, Vert Cond Resolve; Conflict: File Modified on Both Sides
2025-12-10 21:46:31: /.git/objects/90: Same Deleted, Diff Gens; Deleted, Vert Cond Resolve; Conflict: File Modified on Both Sides
2025-12-10 21:46:31: /.git/objects/91: Same Deleted, Diff Gens; Deleted, Vert Cond Resolve; Conflict: File Modified on Both Sides
2025-12-10 21:46:31: /.git/objects/93: Same Deleted, Diff Gens; Deleted, Vert Cond Resolve; Conflict: File Modified on Both Sides
2025-12-10 21:46:31: /.git/objects/94: Same Deleted, Diff Gens; Deleted, Vert Cond Resolve; Conflict: File Modified on Both Sides
2025-12-10 21:46:31: /.git/objects/95: Same Deleted, Diff Gens; Deleted, Vert Cond Resolve; Conflict: File Modified on Both Sides
2025-12-10 21:46:31: /.git/objects/96: Same Deleted, Diff Gens; Deleted, Vert Cond Resolve; Conflict: File Modified on Both Sides
2025-12-10 21:46:31: /.git/objects/97: Same Deleted, Diff Gens; Deleted, Vert Cond Resolve; Conflict: File Modified on Both Sides
2025-12-10 21:46:31: /.git/objects/99: Same Deleted, Diff Gens; Deleted, Vert Cond Resolve; Conflict: File Modified on Both Sides
2025-12-10 21:46:31: /.git/objects/9b: Same Deleted, Diff Gens; Deleted, Vert Cond Resolve; Conflict: File Modified on Both Sides
2025-12-10 21:46:31: /.git/objects/9c: Same Deleted, Diff Gens; Deleted, Vert Cond Resolve; Conflict: File Modified on Both Sides
2025-12-10 21:46:31: /.git/objects/9e: Same Deleted, Diff Gens; Deleted, Vert Cond Resolve; Conflict: File Modified on Both Sides
2025-12-10 21:46:31: /.git/objects/9f: Same Deleted, Diff Gens; Deleted, Vert Cond Resolve; Conflict: File Modified on Both Sides
2025-12-10 21:46:31: /.git/objects/a0: Same Deleted, Diff Gens; Deleted, Vert Cond Resolve; Conflict: File Modified on Both Sides
2025-12-10 21:46:31: /.git/objects/a3: Same Deleted, Diff Gens; Deleted, Vert Cond Resolve; Conflict: File Modified on Both Sides
2025-12-10 21:46:31: /.git/objects/a4: Same Deleted, Diff Gens; Deleted, Vert Cond Resolve; Conflict: File Modified on Both Sides
2025-12-10 21:46:31: /.git/objects/ab: Same Deleted, Diff Gens; Deleted, Vert Cond Resolve; Conflict: File Modified on Both Sides
2025-12-10 21:46:31: /.git/objects/ad: Same Deleted, Diff Gens; Deleted, Vert Cond Resolve; Conflict: File Modified on Both Sides
2025-12-10 21:46:31: /.git/objects/ae: Same Deleted, Diff Gens; Deleted, Vert Cond Resolve; Conflict: File Modified on Both Sides
2025-12-10 21:46:31: /.git/objects/af: Same Deleted, Diff Gens; Deleted, Vert Cond Resolve; Conflict: File Modified on Both Sides
2025-12-10 21:46:31: /.git/objects/b0: Same Deleted, Diff Gens; Deleted, Vert Cond Resolve; Conflict: File Modified on Both Sides
2025-12-10 21:46:31: /.git/objects/b1: Same Deleted, Diff Gens; Deleted, Vert Cond Resolve; Conflict: File Modified on Both Sides
2025-12-10 21:46:31: /.git/objects/b2: Same Deleted, Diff Gens; Deleted, Vert Cond Resolve; Conflict: File Modified on Both Sides
2025-12-10 21:46:31: /.git/objects/b3: Same Deleted, Diff Gens; Deleted, Vert Cond Resolve; Conflict: File Modified on Both Sides
2025-12-10 21:46:31: /.git/objects/b4: Same Deleted, Diff Gens; Deleted, Vert Cond Resolve; Conflict: File Modified on Both Sides
2025-12-10 21:46:31: /.git/objects/b6: Same Deleted, Diff Gens; Deleted, Vert Cond Resolve; Conflict: File Modified on Both Sides
2025-12-10 21:46:31: /.git/objects/b7: Same Deleted, Diff Gens; Deleted, Vert Cond Resolve; Conflict: File Modified on Both Sides
2025-12-10 21:46:31: /.git/objects/ba: Same Deleted, Diff Gens; Deleted, Vert Cond Resolve; Conflict: File Modified on Both Sides
2025-12-10 21:46:31: /.git/objects/bc: Same Deleted, Diff Gens; Deleted, Vert Cond Resolve; Conflict: File Modified on Both Sides
2025-12-10 21:46:31: /.git/objects/be: Same Deleted, Diff Gens; Deleted, Vert Cond Resolve; Conflict: File Modified on Both Sides
2025-12-10 21:46:31: /.git/objects/bf: Same Deleted, Diff Gens; Deleted, Vert Cond Resolve; Conflict: File Modified on Both Sides
2025-12-10 21:46:31: /.git/objects/c0: Same Deleted, Diff Gens; Deleted, Vert Cond Resolve; Conflict: File Modified on Both Sides
2025-12-10 21:46:31: /.git/objects/c3: Same Deleted, Diff Gens; Deleted, Vert Cond Resolve; Conflict: File Modified on Both Sides
2025-12-10 21:46:31: /.git/objects/cb: Same Deleted, Diff Gens; Deleted, Vert Cond Resolve; Conflict: File Modified on Both Sides
2025-12-10 21:46:31: /.git/objects/cd: Same Deleted, Diff Gens; Deleted, Vert Cond Resolve; Conflict: File Modified on Both Sides
2025-12-10 21:46:31: /.git/objects/d0: Same Deleted, Diff Gens; Deleted, Vert Cond Resolve; Conflict: File Modified on Both Sides
2025-12-10 21:46:31: /.git/objects/d1: Same Deleted, Diff Gens; Deleted, Vert Cond Resolve; Conflict: File Modified on Both Sides
2025-12-10 21:46:31: /.git/objects/d2: Same Deleted, Diff Gens; Deleted, Vert Cond Resolve; Conflict: File Modified on Both Sides
2025-12-10 21:46:31: /.git/objects/d3: Same Deleted, Diff Gens; Deleted, Vert Cond Resolve; Conflict: File Modified on Both Sides
2025-12-10 21:46:31: /.git/objects/d4: Same Deleted, Diff Gens; Deleted, Vert Cond Resolve; Conflict: File Modified on Both Sides
2025-12-10 21:46:31: /.git/objects/d6: Same Deleted, Diff Gens; Deleted, Vert Cond Resolve; Conflict: File Modified on Both Sides
2025-12-10 21:46:31: /.git/objects/d7: Same Deleted, Diff Gens; Deleted, Vert Cond Resolve; Conflict: File Modified on Both Sides
2025-12-10 21:46:31: /.git/objects/d9: Same Deleted, Diff Gens; Deleted, Vert Cond Resolve; Conflict: File Modified on Both Sides
2025-12-10 21:46:31: /.git/objects/db: Same Deleted, Diff Gens; Deleted, Vert Cond Resolve; Conflict: File Modified on Both Sides
2025-12-10 21:46:31: /.git/objects/dc: Same Deleted, Diff Gens; Deleted, Vert Cond Resolve; Conflict: File Modified on Both Sides
2025-12-10 21:46:31: /.git/objects/df: Same Deleted, Diff Gens; Deleted, Vert Cond Resolve; Conflict: File Modified on Both Sides
2025-12-10 21:46:31: /.git/objects/e1: Same Deleted, Diff Gens; Deleted, Vert Cond Resolve; Conflict: File Modified on Both Sides
2025-12-10 21:46:31: /.git/objects/e2: Same Deleted, Diff Gens; Deleted, Vert Cond Resolve; Conflict: File Modified on Both Sides
2025-12-10 21:46:31: /.git/objects/e3: Same Deleted, Diff Gens; Deleted, Vert Cond Resolve; Conflict: File Modified on Both Sides
2025-12-10 21:46:31: /.git/objects/e6: Same Deleted, Diff Gens; Deleted, Vert Cond Resolve; Conflict: File Modified on Both Sides
2025-12-10 21:46:31: /.git/objects/e8: Same Deleted, Diff Gens; Deleted, Vert Cond Resolve; Conflict: File Modified on Both Sides
2025-12-10 21:46:31: /.git/objects/e9: Same Deleted, Diff Gens; Deleted, Vert Cond Resolve; Conflict: File Modified on Both Sides
2025-12-10 21:46:31: /.git/objects/ea: Same Deleted, Diff Gens; Deleted, Vert Cond Resolve; Conflict: File Modified on Both Sides
2025-12-10 21:46:31: /.git/objects/eb: Same Deleted, Diff Gens; Deleted, Vert Cond Resolve; Conflict: File Modified on Both Sides
2025-12-10 21:46:31: /.git/objects/ef: Same Deleted, Diff Gens; Deleted, Vert Cond Resolve; Conflict: File Modified on Both Sides
2025-12-10 21:46:31: /.git/objects/f0: Same Deleted, Diff Gens; Deleted, Vert Cond Resolve; Conflict: File Modified on Both Sides
2025-12-10 21:46:31: /.git/objects/f1: Same Deleted, Diff Gens; Deleted, Vert Cond Resolve; Conflict: File Modified on Both Sides
2025-12-10 21:46:31: /.git/objects/f2: Same Deleted, Diff Gens; Deleted, Vert Cond Resolve; Conflict: File Modified on Both Sides
2025-12-10 21:46:31: /.git/objects/f3: Same Deleted, Diff Gens; Deleted, Vert Cond Resolve; Conflict: File Modified on Both Sides
2025-12-10 21:46:31: /.git/objects/f6: Same Deleted, Diff Gens; Deleted, Vert Cond Resolve; Conflict: File Modified on Both Sides
2025-12-10 21:46:31: /.git/objects/f7: Same Deleted, Diff Gens; Deleted, Vert Cond Resolve; Conflict: File Modified on Both Sides
2025-12-10 21:46:31: /.git/objects/fa: Same Deleted, Diff Gens; Deleted, Vert Cond Resolve; Conflict: File Modified on Both Sides
2025-12-10 21:46:31: /.git/objects/fb: Same Deleted, Diff Gens; Deleted, Vert Cond Resolve; Conflict: File Modified on Both Sides
2025-12-10 21:46:31: /.git/objects/fd: Same Deleted, Diff Gens; Deleted, Vert Cond Resolve; Conflict: File Modified on Both Sides
2025-12-10 21:46:31: /.git/objects/fe: Same Deleted, Diff Gens; Deleted, Vert Cond Resolve; Conflict: File Modified on Both Sides
2025-12-10 21:46:31: /.git/objects/ff: Same Deleted, Diff Gens; Deleted, Vert Cond Resolve; Conflict: File Modified on Both Sides
2025-12-10 21:46:31: /.git/sourcetreeconfig.json: L:TimeSize<>; Conflict: File Modified on Both Sides
2025-12-10 21:46:31: /.git/FETCH_HEAD: Parent folder conflict propagated down to children
2025-12-10 21:46:31: /.git/objects/01/456f505437e920fe6a3a2a61fb4c33a523def9: Parent folder conflict propagated down to children
2025-12-10 21:46:31: /.git/objects/02/15de3c9bbeea4e57593739971e8abfb0274dc5: Parent folder conflict propagated down to children
2025-12-10 21:46:31: /.git/objects/02/a4484cbd68d4687a86eabe0a41fcc2272d486b: Parent folder conflict propagated down to children
2025-12-10 21:46:31: /.git/objects/02/e8cd61469c36cd21ca9e9b225236106b40d4ea: Parent folder conflict propagated down to children
2025-12-10 21:46:31: /.git/objects/03/b739c81618a14404ecaf0564f53308b471c2cc: Parent folder conflict propagated down to children
2025-12-10 21:46:31: /.git/objects/04/01f653e4b3f10b09981ca3a68d3cdda9996e70: Parent folder conflict propagated down to children
2025-12-10 21:46:31: /.git/objects/04/c28ba5dbed7000ba582ac3c8ea749f973fb54e: Parent folder conflict propagated down to children
2025-12-10 21:46:31: /.git/objects/06/a85461b7b372976de474b06a2a1bafd7ba1509: Parent folder conflict propagated down to children
2025-12-10 21:46:31: /.git/objects/08/52b606ade6569d9161653d1c3d154012c27ec9: Parent folder conflict propagated down to children
2025-12-10 21:46:31: /.git/objects/09/36a66f232cdcc6174cfa541d58b532397ead1e: Parent folder conflict propagated down to children
2025-12-10 21:46:31: /.git/objects/0f/cef2a0a493e78199459d8d57bcc8749e8a6706: Parent folder conflict propagated down to children
2025-12-10 21:46:31: /.git/objects/0f/f90de1b458dce2aa3ae576837e49a99de2f88f: Parent folder conflict propagated down to children
2025-12-10 21:46:31: /.git/objects/10/123ce1fb3fef053c2e4ad44a883c25982dfe5f: Parent folder conflict propagated down to children
2025-12-10 21:46:31: /.git/objects/10/cf17da65acc753ba3abf64d80fa01c9c3ad7f8: Parent folder conflict propagated down to children
2025-12-10 21:46:31: /.git/objects/13/6e65893f0e0d3b0f22316c0da086b12346ba9f: Parent folder conflict propagated down to children
2025-12-10 21:46:31: /.git/objects/13/743691d4d566f8d47a5ab127b50999fd1e2719: Parent folder conflict propagated down to children
2025-12-10 21:46:31: /.git/objects/13/d686db56e373cdee0299cb0bc07adedaa92df1: Parent folder conflict propagated down to children
2025-12-10 21:46:31: /.git/objects/13/d73b05b21dcea302348a650f74aca8bfe3d95c: Parent folder conflict propagated down to children
2025-12-10 21:46:31: /.git/objects/16/230bfb17856d6f76414b50fa83de5a7e954401: Parent folder conflict propagated down to children
2025-12-10 21:46:31: /.git/objects/16/2f36aea1cf8cb7842c5348481e843281fd6a4a: Parent folder conflict propagated down to children
2025-12-10 21:46:31: /.git/objects/16/bb6cad419849add221091033f8287675f78b82: Parent folder conflict propagated down to children
2025-12-10 21:46:31: /.git/objects/19/a2b1b39d383d2dd2747e7dd0caca0a0627161e: Parent folder conflict propagated down to children
2025-12-10 21:46:31: /.git/objects/1b/75e9b51d8ec16653b1168ca298c3998a862f23: Parent folder conflict propagated down to children
2025-12-10 21:46:31: /.git/objects/1c/29a15ac827ac5bda653fe2d410debe19172e06: Parent folder conflict propagated down to children
2025-12-10 21:46:31: /.git/objects/1e/3ff93a60261ee9cce4a3aabe5f2945b289bd8e: Parent folder conflict propagated down to children
2025-12-10 21:46:31: /.git/objects/1e/6d3c5016ed73e934070b0f383a286e7541502b: Parent folder conflict propagated down to children
2025-12-10 21:46:31: /.git/objects/1e/7c99ea77fb883159c04fde31952cfce938e93d: Parent folder conflict propagated down to children
2025-12-10 21:46:31: /.git/objects/20/45239100df22990898f520164fb58170d700a7: Parent folder conflict propagated down to children
2025-12-10 21:46:31: /.git/objects/21/2e619816c6145c5f6afd49db67fb06c7201654: Parent folder conflict propagated down to children
2025-12-10 21:46:31: /.git/objects/23/7ce7d9790c4769aa684715929f73bbd4f96fdf: Parent folder conflict propagated down to children
2025-12-10 21:46:31: /.git/objects/24/3da247b89acc7e844bc9c04fddbc1e2db6dda2: Parent folder conflict propagated down to children
2025-12-10 21:46:31: /.git/objects/26/2d130e0e11b96d93fee1495fd9be89dd01a0e4: Parent folder conflict propagated down to children
2025-12-10 21:46:31: /.git/objects/26/7cca8032bf955c4ac2a1cb05ad0670ecf284e3: Parent folder conflict propagated down to children
2025-12-10 21:46:31: /.git/objects/27/2ed202d212d4884be734cf6f2b576e8a29704a: Parent folder conflict propagated down to children
2025-12-10 21:46:31: /.git/objects/27/5a073226c26870057c001ff915f900ebf02ba8: Parent folder conflict propagated down to children
2025-12-10 21:46:31: /.git/objects/27/ab65b877abd239429fb9f31248015c019f054c: Parent folder conflict propagated down to children
2025-12-10 21:46:31: /.git/objects/28/8ba57c43e5054716a9803fe58496eafeb38bb4: Parent folder conflict propagated down to children
2025-12-10 21:46:31: /.git/objects/28/a938a935602455d1227c51a1859a7d3a9b0fa5: Parent folder conflict propagated down to children
2025-12-10 21:46:31: /.git/objects/29/1cdd478a8af7f81196404b5516588bf6390d07: Parent folder conflict propagated down to children
2025-12-10 21:46:31: /.git/objects/29/57754e36ab797acceec71e9431d42858ea8be4: Parent folder conflict propagated down to children
2025-12-10 21:46:31: /.git/objects/29/998fd3d9bcb064f2b0e4f626498dcce872df30: Parent folder conflict propagated down to children
2025-12-10 21:46:31: /.git/objects/2a/73b9d489e8c40abe7e2a7931a025fda4ca22f7: Parent folder conflict propagated down to children
2025-12-10 21:46:31: /.git/objects/2b/885db8b20ec9b315c4ee1d74bbac2802f36cbb: Parent folder conflict propagated down to children
2025-12-10 21:46:31: /.git/objects/2d/29221ab2eccbedfc1d158176e0645edacd1663: Parent folder conflict propagated down to children
2025-12-10 21:46:31: /.git/objects/2d/966c8857bf436150c39bddf3d735b51600f5ff: Parent folder conflict propagated down to children
2025-12-10 21:46:31: /.git/objects/2d/e3e50bf123694ee8c3025b7e64be0bf252aa06: Parent folder conflict propagated down to children
2025-12-10 21:46:31: /.git/objects/2e/4c6ec15ea2256fd346d5c650e13b58e779d2d7: Parent folder conflict propagated down to children
2025-12-10 21:46:31: /.git/objects/2f/fff039f87c492e0cb6ca360583f3d0e0fa6ef1: Parent folder conflict propagated down to children
2025-12-10 21:46:31: /.git/objects/30/50f0db42d675205e696219198400c0cdb3b16b: Parent folder conflict propagated down to children
2025-12-10 21:46:31: /.git/objects/31/4d00d3b4a7f7a5120bdd46794e5dfb25ecc169: Parent folder conflict propagated down to children
2025-12-10 21:46:31: /.git/objects/31/7cad0e1e6d9d3deb14600d5a6abceacdbffe13: Parent folder conflict propagated down to children
2025-12-10 21:46:31: /.git/objects/32/6ddc7a4cf8bf585a31d8a9cf344ea6db807987: Parent folder conflict propagated down to children
2025-12-10 21:46:31: /.git/objects/33/8030a955b3f4dc15ab85e817278dc9a5426490: Parent folder conflict propagated down to children
2025-12-10 21:46:31: /.git/objects/34/8efae3365255e486947dc7f150c4e0eb696d95: Parent folder conflict propagated down to children
2025-12-10 21:46:31: /.git/objects/35/0c3344b28311b68e92fd83f0ce0412a3213938: Parent folder conflict propagated down to children
2025-12-10 21:46:31: /.git/objects/35/27e1851c232b07611fa69817f1bf224ddf0c21: Parent folder conflict propagated down to children
2025-12-10 21:46:31: /.git/objects/39/e6f267239bec2793c84cdb24c4da5c777db7c9: Parent folder conflict propagated down to children
2025-12-10 21:46:31: /.git/objects/3a/728b35bceec3ed1ac488a1cad82f43455bfa0b: Parent folder conflict propagated down to children
2025-12-10 21:46:31: /.git/objects/3b/177a266c660ffdc92c995232bb45389e801c0b: Parent folder conflict propagated down to children
2025-12-10 21:46:31: /.git/objects/3b/cba589bc898c9e84fc4d8354266191d407aa9d: Parent folder conflict propagated down to children
2025-12-10 21:46:31: /.git/objects/3c/644096341d20d7a82523500f5f5d73d2ddc010: Parent folder conflict propagated down to children
2025-12-10 21:46:31: /.git/objects/3c/7f20ee3aa11f7a615691851e07770c1cd32c7d: Parent folder conflict propagated down to children
2025-12-10 21:46:31: /.git/objects/3c/ab4d000e17c2a06c9e49c4a78b34ac28d7837f: Parent folder conflict propagated down to children
2025-12-10 21:46:31: /.git/objects/3c/e0f132781769cc3f6ac4769ba0873e935979fb: Parent folder conflict propagated down to children
2025-12-10 21:46:31: /.git/objects/3d/e45a44ba42630c9effc959888778c19ceec071: Parent folder conflict propagated down to children
2025-12-10 21:46:31: /.git/objects/3d/e6ab2235631ebf0d22a7b69ad685befc6a7d6f: Parent folder conflict propagated down to children
2025-12-10 21:46:31: /.git/objects/3e/2157640525dcb43475923b449e559cf8500737: Parent folder conflict propagated down to children
2025-12-10 21:46:31: /.git/objects/3e/49fb41e6b30b8f4ef1904f304505928c37c118: Parent folder conflict propagated down to children
2025-12-10 21:46:31: /.git/objects/3e/b85bd12cea3754cdd7bc76030997e146a8f332: Parent folder conflict propagated down to children
2025-12-10 21:46:31: /.git/objects/3f/107e1186f324d1d79067697cbfa781459696ae: Parent folder conflict propagated down to children
2025-12-10 21:46:31: /.git/objects/3f/5fad1a996fd2f21cb83f8e31bf8e61d1ffe654: Parent folder conflict propagated down to children
2025-12-10 21:46:31: /.git/objects/40/e2314234825bd24aac50257e11f081921938ae: Parent folder conflict propagated down to children
2025-12-10 21:46:31: /.git/objects/41/e3b1e305fa535b1b060a3ecd0b3d1274818b40: Parent folder conflict propagated down to children
2025-12-10 21:46:31: /.git/objects/41/feaa6371e3cabcedefac592c56a13c85675857: Parent folder conflict propagated down to children
2025-12-10 21:46:31: /.git/objects/42/25537d9a64b0928b16690a6e45b27ea0ff0640: Parent folder conflict propagated down to children
2025-12-10 21:46:31: /.git/objects/42/381c39ef1786b435d7f2982c9de05f45126bc7: Parent folder conflict propagated down to children
2025-12-10 21:46:31: /.git/objects/45/522703382339c20b377e137268746426723bea: Parent folder conflict propagated down to children
2025-12-10 21:46:31: /.git/objects/46/0f7465d7a6182430d41d8a48c45b0b18211b1c: Parent folder conflict propagated down to children
2025-12-10 21:46:31: /.git/objects/46/7477bd462c4182c1655740f1e3a280d6bb6e88: Parent folder conflict propagated down to children
2025-12-10 21:46:31: /.git/objects/46/9b690bcfb286f710e982937ed2f9cdd8d5bdc0: Parent folder conflict propagated down to children
2025-12-10 21:46:31: /.git/objects/49/aa0efc806d60e109ff2824580919c5c86c5771: Parent folder conflict propagated down to children
2025-12-10 21:46:31: /.git/objects/4a/1fb3ef8d68a762755751ce91c9ef8fe9b6f3e9: Parent folder conflict propagated down to children
2025-12-10 21:46:31: /.git/objects/4b/62ce593f68831ef06354c7ab5d24a72616923b: Parent folder conflict propagated down to children
2025-12-10 21:46:31: /.git/objects/4b/ef687cdcd9b5498cefbc97fbb8482dc5101875: Parent folder conflict propagated down to children
2025-12-10 21:46:31: /.git/objects/4c/55d887c6dbae3e00e65ba4c34b6d94f7c1503a: Parent folder conflict propagated down to children
2025-12-10 21:46:31: /.git/objects/4c/c41a5e0a333928df82db62caa80a145e483b8f: Parent folder conflict propagated down to children
2025-12-10 21:46:31: /.git/objects/4d/8f67acf9ddc200fef6035d685e61c065b0184d: Parent folder conflict propagated down to children
2025-12-10 21:46:31: /.git/objects/4e/a2000c40bb40b279f58f5ef0381edb1b0ec6de: Parent folder conflict propagated down to children
2025-12-10 21:46:31: /.git/objects/50/2069bbdf6f429ae3ed78b0825e6482ae866237: Parent folder conflict propagated down to children
2025-12-10 21:46:31: /.git/objects/50/a9dedb52160e71367c8fac078b7620c73223bb: Parent folder conflict propagated down to children
2025-12-10 21:46:31: /.git/objects/51/25ca67fe7a2a4035c2f89eedcee956c90abfcf: Parent folder conflict propagated down to children
2025-12-10 21:46:31: /.git/objects/51/dcf15b2de82592434fc4fedf5afc8de503a3c4: Parent folder conflict propagated down to children
2025-12-10 21:46:31: /.git/objects/53/45d21fce3c4f8c660ccfc443644c76f95fb1f2: Parent folder conflict propagated down to children
2025-12-10 21:46:31: /.git/objects/53/fccc83cd8f796048d4e88106c79b8ad3cf5a43: Parent folder conflict propagated down to children
2025-12-10 21:46:31: /.git/objects/54/d04ff59d198aa31d894540c66eb0265eaff40e: Parent folder conflict propagated down to children
2025-12-10 21:46:31: /.git/objects/56/4d010e6481979b7a8067f19017cd6c0f57db2d: Parent folder conflict propagated down to children
2025-12-10 21:46:31: /.git/objects/56/fc66d425b0a5cde5d3a5724b8d8d872cd1e3cd: Parent folder conflict propagated down to children
2025-12-10 21:46:31: /.git/objects/57/22a8ff031be5a59a39c11dfc511fc4b0297acf: Parent folder conflict propagated down to children
2025-12-10 21:46:31: /.git/objects/5a/9d42f421a8344eb507b00177bdb37e19ef0749: Parent folder conflict propagated down to children
2025-12-10 21:46:31: /.git/objects/5b/b323abf4031fc13af77be22f345a772375ab8d: Parent folder conflict propagated down to children
2025-12-10 21:46:31: /.git/objects/5c/0a4e3b8fd098eb4314c48147226a9ce9baa18b: Parent folder conflict propagated down to children
2025-12-10 21:46:31: /.git/objects/5c/d4b97a14a605b74b13bef97422c73dfb75ac2f: Parent folder conflict propagated down to children
2025-12-10 21:46:31: /.git/objects/5d/5cf82b1887f8a1e8e4cdd3656ef57d97aeff75: Parent folder conflict propagated down to children
2025-12-10 21:46:31: /.git/objects/5e/e701445828d142fc6735cfcdf4e32893b2eb9d: Parent folder conflict propagated down to children
2025-12-10 21:46:31: /.git/objects/60/99c37d698188c7f4f2da0b44380e1fe64a21cb: Parent folder conflict propagated down to children
2025-12-10 21:46:31: /.git/objects/60/cce2ee640d627a8f2fd1dab5ad24fe6a181240: Parent folder conflict propagated down to children
2025-12-10 21:46:31: /.git/objects/60/fe0641aff2ac07205b9868a56586fe5ded4085: Parent folder conflict propagated down to children
2025-12-10 21:46:31: /.git/objects/62/343457f7d20cf248c32b66aed94e62b4046791: Parent folder conflict propagated down to children
2025-12-10 21:46:31: /.git/objects/68/bfa6f5158157f791aeab4680fbdbe3e33e5c23: Parent folder conflict propagated down to children
2025-12-10 21:46:31: /.git/objects/69/f9f7592e118284d7f15ab5529562cc2a2d4289: Parent folder conflict propagated down to children
2025-12-10 21:46:31: /.git/objects/6b/3ab3c14663f046b37713d69dd269f041c45921: Parent folder conflict propagated down to children
2025-12-10 21:46:31: /.git/objects/6c/4b6b3ddb8ca645f567180f1933248c00a7b00d: Parent folder conflict propagated down to children
2025-12-10 21:46:31: /.git/objects/6d/1016eca5105d393c7984b01a4835cda4c6781f: Parent folder conflict propagated down to children
2025-12-10 21:46:31: /.git/objects/6d/2a23a442edc90fe75971e68c7c7c78db6ce172: Parent folder conflict propagated down to children
2025-12-10 21:46:31: /.git/objects/6d/d4227aa3171a966010f42022806863de5c3023: Parent folder conflict propagated down to children
2025-12-10 21:46:31: /.git/objects/6f/2e9bc2da7d156b13c119f66dd3e12a40c709a1: Parent folder conflict propagated down to children
2025-12-10 21:46:31: /.git/objects/6f/d6a1cc945ab8d181b56db38037345f94abf1c7: Parent folder conflict propagated down to children
2025-12-10 21:46:31: /.git/objects/71/53903887b43600bea86c67aa4d0fa434d92674: Parent folder conflict propagated down to children
2025-12-10 21:46:31: /.git/objects/71/5ac2c618adeb96b798592f349fff897e3aad87: Parent folder conflict propagated down to children
2025-12-10 21:46:31: /.git/objects/71/8776cd9e69c874003e72094a8bd0fe172dc1a0: Parent folder conflict propagated down to children
2025-12-10 21:46:31: /.git/objects/71/ffe35caf8b203815b7b9c981fcef0d91bdc788: Parent folder conflict propagated down to children
2025-12-10 21:46:31: /.git/objects/72/714bfa79591f8b3d2c7b46efbd6b605b85c496: Parent folder conflict propagated down to children
2025-12-10 21:46:31: /.git/objects/73/1ace21f158e3e630152fc27baae0eed905296e: Parent folder conflict propagated down to children
2025-12-10 21:46:31: /.git/objects/74/8cba34f6c05860eb76703fa45b673b9406489b: Parent folder conflict propagated down to children
2025-12-10 21:46:31: /.git/objects/75/81d882762839191a869e5580b1ebed92d6612a: Parent folder conflict propagated down to children
2025-12-10 21:46:31: /.git/objects/76/32e0ac92f9dfcb4c0241aa41e33df49317a7f3: Parent folder conflict propagated down to children
2025-12-10 21:46:31: /.git/objects/76/436c8d9e7b9a0e067859b15878ec741511939c: Parent folder conflict propagated down to children
2025-12-10 21:46:31: /.git/objects/78/1777a22a9cc5d578452b4abf2416e8f826ffa3: Parent folder conflict propagated down to children
2025-12-10 21:46:31: /.git/objects/78/19d951358db8d6d986f8b71caa6a3c48939531: Parent folder conflict propagated down to children
2025-12-10 21:46:31: /.git/objects/78/1a3641e821db6cff8279ec9a64e1d6c0b0f611: Parent folder conflict propagated down to children
2025-12-10 21:46:31: /.git/objects/7a/d5f7c1c270ccd2e06e075ee61da011633604fa: Parent folder conflict propagated down to children
2025-12-10 21:46:31: /.git/objects/7b/14e2e3d9783fa3ff4103c8c680f1f5b377c812: Parent folder conflict propagated down to children
2025-12-10 21:46:31: /.git/objects/7b/eb3b1cd993bea050bb439fe614e1fd40f2634c: Parent folder conflict propagated down to children
2025-12-10 21:46:31: /.git/objects/7c/02036160eb34af4d4c23fd33caac0b58ae104f: Parent folder conflict propagated down to children
2025-12-10 21:46:31: /.git/objects/7e/0edc1a0b9e44c65ec79d6c10a3584cada27ec3: Parent folder conflict propagated down to children
2025-12-10 21:46:31: /.git/objects/7f/8826a7ce2d828119df8735cb434935e3899378: Parent folder conflict propagated down to children
2025-12-10 21:46:31: /.git/objects/84/19e4f996eb1f6987192ab0d7b2d75af62b92ca: Parent folder conflict propagated down to children
2025-12-10 21:46:31: /.git/objects/84/24b4e6fc5838b0c1327dde380b79022adc70a1: Parent folder conflict propagated down to children
2025-12-10 21:46:31: /.git/objects/84/74ae668da1feaeff08b346c017c2f10801f0f4: Parent folder conflict propagated down to children
2025-12-10 21:46:31: /.git/objects/86/f692df9b4d4156fd48761d6b43bdab02e9ec6a: Parent folder conflict propagated down to children
2025-12-10 21:46:31: /.git/objects/87/fa300dd2a756475094e3b888abe05b0db01b55: Parent folder conflict propagated down to children
2025-12-10 21:46:31: /.git/objects/89/19aba6fa8f3cb89fd61ec96993320cd466c591: Parent folder conflict propagated down to children
2025-12-10 21:46:31: /.git/objects/8a/1296b688b8c16c8ca1f382fa174f5307f7ad7a: Parent folder conflict propagated down to children
2025-12-10 21:46:31: /.git/objects/8a/6ddf343ca08150b173bb3d33bad273e3d85086: Parent folder conflict propagated down to children
2025-12-10 21:46:31: /.git/objects/8a/a14e33596fae43b7467995c6ac1a5c5c65b1e3: Parent folder conflict propagated down to children
2025-12-10 21:46:31: /.git/objects/8a/d0fbb85026ecee1f63f6d8409ba89b2790af56: Parent folder conflict propagated down to children
2025-12-10 21:46:31: /.git/objects/8b/7c94a0fc25222d43884d8b2705901ba788b3b5: Parent folder conflict propagated down to children
2025-12-10 21:46:31: /.git/objects/8b/9415d33ca209374dff04e727efde0956b4addf: Parent folder conflict propagated down to children
2025-12-10 21:46:31: /.git/objects/8c/0ae85071cd242fc91bd21531e2135b9290fa08: Parent folder conflict propagated down to children
2025-12-10 21:46:31: /.git/objects/8c/3fb5f27f36c7c51c9bfad38c7e97dca5b33d73: Parent folder conflict propagated down to children
2025-12-10 21:46:31: /.git/objects/8c/75dfab6701cdb80f0fc536a0d05af5715e2d6b: Parent folder conflict propagated down to children
2025-12-10 21:46:31: /.git/objects/8c/e0dba5df0499ba88c6fc403d9b9eaca2e37e15: Parent folder conflict propagated down to children
2025-12-10 21:46:31: /.git/objects/8d/39f67ca21b61949b6b6b3c992bcb86d9531fd5: Parent folder conflict propagated down to children
2025-12-10 21:46:31: /.git/objects/8d/5056c44dc185815c66823bf5296a47e7e78fdc: Parent folder conflict propagated down to children
2025-12-10 21:46:31: /.git/objects/8d/c7284782b6931382ab77c31353ff06459beabc: Parent folder conflict propagated down to children
2025-12-10 21:46:31: /.git/objects/8f/94fbd4184bce02ea1870fc90676a8c40d12df6: Parent folder conflict propagated down to children
2025-12-10 21:46:31: /.git/objects/8f/e223efcf34441f61e0aa1e148aa0489374167c: Parent folder conflict propagated down to children
2025-12-10 21:46:31: /.git/objects/90/274cb2cf9c18193898d18dd717a4b865cb7ca0: Parent folder conflict propagated down to children
2025-12-10 21:46:31: /.git/objects/90/f0876ca2fb46391646513c744061e7618d02ec: Parent folder conflict propagated down to children
2025-12-10 21:46:31: /.git/objects/90/f16ac423306907412bd36e4188983d17dc27e4: Parent folder conflict propagated down to children
2025-12-10 21:46:31: /.git/objects/91/b8b60b3cb33a0a1046e475775d9dd7326d12d8: Parent folder conflict propagated down to children
2025-12-10 21:46:31: /.git/objects/93/722d9632d21958796db49ed989786a753dc4e6: Parent folder conflict propagated down to children
2025-12-10 21:46:31: /.git/objects/94/d3bff75a85819c2a40c6aaf82fd72316c40be8: Parent folder conflict propagated down to children
2025-12-10 21:46:31: /.git/objects/95/277dd51f4a81177bbae7bbc209863dc0c0f05f: Parent folder conflict propagated down to children
2025-12-10 21:46:31: /.git/objects/95/b8fa41471c5e73a11379f0d8f753bdff576ef9: Parent folder conflict propagated down to children
2025-12-10 21:46:31: /.git/objects/96/cfbf00c86ff968e3c7ac12b703980e20944055: Parent folder conflict propagated down to children
2025-12-10 21:46:31: /.git/objects/97/073e2f2b5f71246148c9fdece6f6a4bc9f56c8: Parent folder conflict propagated down to children
2025-12-10 21:46:31: /.git/objects/97/7d99523e2b1b1807fb5d2186375bb4fde9db1a: Parent folder conflict propagated down to children
2025-12-10 21:46:31: /.git/objects/97/bc79a6bf664d7dfd4b5fa9e44d4e93393ecf57: Parent folder conflict propagated down to children
2025-12-10 21:46:31: /.git/objects/99/1d1c54972d41c6277df510b58d346248b7e642: Parent folder conflict propagated down to children
2025-12-10 21:46:31: /.git/objects/9b/741990836c2b26726cab667256e754ecef0e81: Parent folder conflict propagated down to children
2025-12-10 21:46:31: /.git/objects/9b/df53f6f04906a94eed766a46fe84b131c4e234: Parent folder conflict propagated down to children
2025-12-10 21:46:31: /.git/objects/9b/ebd872fba62f72ff36a0872da65881124be7a7: Parent folder conflict propagated down to children
2025-12-10 21:46:31: /.git/objects/9b/f16d340bb30c808c7c043f5f843c75bb82823b: Parent folder conflict propagated down to children
2025-12-10 21:46:31: /.git/objects/9c/b445139f7e19d160349875c34a812ce6015e79: Parent folder conflict propagated down to children
2025-12-10 21:46:31: /.git/objects/9e/2a70c23c299f370db63babb6a9ca3a5ed991a6: Parent folder conflict propagated down to children
2025-12-10 21:46:31: /.git/objects/9e/ae4ed9ebc9476535eb5a428a3ee611a6163907: Parent folder conflict propagated down to children
2025-12-10 21:46:31: /.git/objects/9e/dd7b515703758643fae376e130ed30ff22a387: Parent folder conflict propagated down to children
2025-12-10 21:46:31: /.git/objects/9f/3776e25072eb1fa9cfe5abefff05b6c6075f3e: Parent folder conflict propagated down to children
2025-12-10 21:46:31: /.git/objects/a0/12510f8d73da417c7f57a581ec35e90f2daa34: Parent folder conflict propagated down to children
2025-12-10 21:46:31: /.git/objects/a3/1ccba8cb3913281102f2b45ad71693b1acf2eb: Parent folder conflict propagated down to children
2025-12-10 21:46:31: /.git/objects/a3/211e1db45695077351f10debebddbc7dd1470a: Parent folder conflict propagated down to children
2025-12-10 21:46:31: /.git/objects/a4/39167c02f65afe7a659aac97214a582ef8f0e8: Parent folder conflict propagated down to children
2025-12-10 21:46:31: /.git/objects/ab/14a09da7fedcb6bfe0b60a12a6a81840a5d39b: Parent folder conflict propagated down to children
2025-12-10 21:46:31: /.git/objects/ab/bb6e488830e81e753e570b1b246ad9943a7d28: Parent folder conflict propagated down to children
2025-12-10 21:46:31: /.git/objects/ad/255430b7e1d728a5838ec4f0741c97bee94b7a: Parent folder conflict propagated down to children
2025-12-10 21:46:31: /.git/objects/ad/61ecb5d77a89d4aa61d7ecc5865c8c70e953b2: Parent folder conflict propagated down to children
2025-12-10 21:46:31: /.git/objects/ae/538b39f807a7d5831af9d4faa4a012e50c02fd: Parent folder conflict propagated down to children
2025-12-10 21:46:31: /.git/objects/af/347d814344d2fb6f78adc118c4019add1f7954: Parent folder conflict propagated down to children
2025-12-10 21:46:31: /.git/objects/af/8bd5d837fd5b303c918203047bafdcb35efd30: Parent folder conflict propagated down to children
2025-12-10 21:46:31: /.git/objects/b0/f31ffda82d491be56afda2e2ae157781ab80fb: Parent folder conflict propagated down to children
2025-12-10 21:46:31: /.git/objects/b1/408ad7479bd1ccf9481e8d2d984ce4f54cf78c: Parent folder conflict propagated down to children
2025-12-10 21:46:31: /.git/objects/b1/8ff65c388130a823fa10afb31b5c9090347ff4: Parent folder conflict propagated down to children
2025-12-10 21:46:31: /.git/objects/b1/bde91e97ba50926954caf71bda86414db68167: Parent folder conflict propagated down to children
2025-12-10 21:46:31: /.git/objects/b2/89a04205ab8c9c0e257d5d7514c274626bd370: Parent folder conflict propagated down to children
2025-12-10 21:46:31: /.git/objects/b2/cf6ef57823a1ea4d81babbd1fc34eac0c2bd7e: Parent folder conflict propagated down to children
2025-12-10 21:46:31: /.git/objects/b3/44346bff4217cbfdac0086f35f35caf067ae7d: Parent folder conflict propagated down to children
2025-12-10 21:46:31: /.git/objects/b3/a209a1bf39bdcbc7be3720914014f9a013e79d: Parent folder conflict propagated down to children
2025-12-10 21:46:31: /.git/objects/b4/18f1940579ea09ee70e32606a44b55915b671d: Parent folder conflict propagated down to children
2025-12-10 21:46:31: /.git/objects/b6/044e6cef97aeb1651c23443ea947458ea60d92: Parent folder conflict propagated down to children
2025-12-10 21:46:31: /.git/objects/b7/93ac4f2b46f0df0a2b412d793711aa5881afd1: Parent folder conflict propagated down to children
2025-12-10 21:46:31: /.git/objects/ba/1addb7c98c79dee4653ac0f6d6efa721b152eb: Parent folder conflict propagated down to children
2025-12-10 21:46:31: /.git/objects/ba/d5d55a8167a0f2b5e45e56339c1a114dac38fb: Parent folder conflict propagated down to children
2025-12-10 21:46:31: /.git/objects/bc/8af6e637e427447b41e1f721b75a51975261c5: Parent folder conflict propagated down to children
2025-12-10 21:46:31: /.git/objects/be/14ddc8be9135d743a37effd9b4e1b413211f18: Parent folder conflict propagated down to children
2025-12-10 21:46:31: /.git/objects/bf/d3258ee4c8e1cabe522fce03f78b2027265418: Parent folder conflict propagated down to children
2025-12-10 21:46:31: /.git/objects/c0/3a779f08b1024f5eca4494b1eeee5c70957669: Parent folder conflict propagated down to children
2025-12-10 21:46:31: /.git/objects/c3/e147dca55f6f3682643a974f1bb261974f31e0: Parent folder conflict propagated down to children
2025-12-10 21:46:31: /.git/objects/cb/3a8cea7f473f2a0c4c55ee97f366bb06cbb768: Parent folder conflict propagated down to children
2025-12-10 21:46:31: /.git/objects/cd/647c41bae4aecb605e77945ee38d21c4956eb8: Parent folder conflict propagated down to children
2025-12-10 21:46:31: /.git/objects/d0/40872eb7f846dda41e52eb6e07f2103e59c54e: Parent folder conflict propagated down to children
2025-12-10 21:46:31: /.git/objects/d0/5810ea3a3ebdc9d121d04b0495df77b152495e: Parent folder conflict propagated down to children
2025-12-10 21:46:31: /.git/objects/d1/70fda528a20601be50d6ac408c937b1b9e1de1: Parent folder conflict propagated down to children
2025-12-10 21:46:31: /.git/objects/d2/f684e62f48955f39743245417da9f3d6559dd3: Parent folder conflict propagated down to children
2025-12-10 21:46:31: /.git/objects/d3/e7a614fe5e7a130903476ca491b483e7458a47: Parent folder conflict propagated down to children
2025-12-10 21:46:31: /.git/objects/d4/0a388d802881ac83d335d24df72647f69faeea: Parent folder conflict propagated down to children
2025-12-10 21:46:31: /.git/objects/d6/78ed876baa6643277154270950672e60e08101: Parent folder conflict propagated down to children
2025-12-10 21:46:31: /.git/objects/d7/ca7ca5c2504c8430504553232b6a98d38f1aa0: Parent folder conflict propagated down to children
2025-12-10 21:46:31: /.git/objects/d7/f96c38a6175ef845922918ac1634ca020b0479: Parent folder conflict propagated down to children
2025-12-10 21:46:31: /.git/objects/d9/e0e2062cb560e8c505e2362942e3b6c2610a69: Parent folder conflict propagated down to children
2025-12-10 21:46:31: /.git/objects/db/588406c5ff93ff870b84f0557dc05133041178: Parent folder conflict propagated down to children
2025-12-10 21:46:31: /.git/objects/dc/79374c3e870749b767cb91adaf0d74bbb98e5c: Parent folder conflict propagated down to children
2025-12-10 21:46:31: /.git/objects/dc/db25ea69889f62bfdfbd6e88f8f69ddd3ab169: Parent folder conflict propagated down to children
2025-12-10 21:46:31: /.git/objects/df/5a080f1e32b2cc65502173ecbd2dfac6e4a294: Parent folder conflict propagated down to children
2025-12-10 21:46:31: /.git/objects/e1/ac6e158778579cb6272e4199b883a80d88ebe8: Parent folder conflict propagated down to children
2025-12-10 21:46:31: /.git/objects/e2/054d59570991a38c8abc7b870495e9b9693e1a: Parent folder conflict propagated down to children
2025-12-10 21:46:31: /.git/objects/e2/b1a4fb734102d732a0c0a62ac8c95f0ecbd787: Parent folder conflict propagated down to children
2025-12-10 21:46:31: /.git/objects/e2/bab9107f175f038fda6a7df985f80326348885: Parent folder conflict propagated down to children
2025-12-10 21:46:31: /.git/objects/e3/b1e744f92b1623d923351343bfda99732e7a27: Parent folder conflict propagated down to children
2025-12-10 21:46:31: /.git/objects/e6/0df5de3b33c6118acd788e09ceceb944e7b3b5: Parent folder conflict propagated down to children
2025-12-10 21:46:31: /.git/objects/e6/604819711ea2c17846689ff05719cc5e1dfc05: Parent folder conflict propagated down to children
2025-12-10 21:46:31: /.git/objects/e8/4e059c3979b6c40326be3c557b7749070e7e07: Parent folder conflict propagated down to children
2025-12-10 21:46:31: /.git/objects/e9/b704cdb8924387fd640f44d587ad5e84a538bc: Parent folder conflict propagated down to children
2025-12-10 21:46:31: /.git/objects/e9/cf1085859131446493905320ad8fd75e3b4d36: Parent folder conflict propagated down to children
2025-12-10 21:46:31: /.git/objects/e9/f633ef58b39368a08b2b66c58dfd15e8b2dd6a: Parent folder conflict propagated down to children
2025-12-10 21:46:31: /.git/objects/ea/2cd353fdd26d0ebea659947e6bb443c05079b0: Parent folder conflict propagated down to children
2025-12-10 21:46:31: /.git/objects/ea/42552bf03db4591bc2deac3d8e64e8168b49e9: Parent folder conflict propagated down to children
2025-12-10 21:46:31: /.git/objects/eb/675c42dcd5b574c5ddc2da274805f6c3ab07d5: Parent folder conflict propagated down to children
2025-12-10 21:46:31: /.git/objects/ef/2570d34621f56940f475df0bf23e3458a9c71a: Parent folder conflict propagated down to children
2025-12-10 21:46:31: /.git/objects/ef/e46eca839d14802ca8b2d52a12e76c80ced9d3: Parent folder conflict propagated down to children
2025-12-10 21:46:31: /.git/objects/f0/7b03526de335575c8c4f107245f7fc64f6b434: Parent folder conflict propagated down to children
2025-12-10 21:46:31: /.git/objects/f1/31c06ce837fe81005faf873591b122472c758b: Parent folder conflict propagated down to children
2025-12-10 21:46:31: /.git/objects/f1/5f5550efd681b93c9b612ce594f719ea854746: Parent folder conflict propagated down to children
2025-12-10 21:46:31: /.git/objects/f2/17263f2c0cbbe1e1baace4dabf1503f9c64e7c: Parent folder conflict propagated down to children
2025-12-10 21:46:31: /.git/objects/f3/01d54e518a1219a3d4b6360885d9d1e1b2b3e0: Parent folder conflict propagated down to children
2025-12-10 21:46:31: /.git/objects/f3/384da8e13f40661d0d83d2d8c91fcb03f7dc90: Parent folder conflict propagated down to children
2025-12-10 21:46:31: /.git/objects/f6/9da33f6f14bb45712aeee2033accc5eda62e20: Parent folder conflict propagated down to children
2025-12-10 21:46:31: /.git/objects/f7/133fafbe25ee3545da5059d43532f6e4f64a32: Parent folder conflict propagated down to children
2025-12-10 21:46:31: /.git/objects/f9: Parent folder conflict propagated down to children
2025-12-10 21:46:31: /.git/objects/f9/36adaea1eb0e55b5c2ddb4699afe362a7730c7: Parent folder conflict propagated down to children
2025-12-10 21:46:31: /.git/objects/fa/94bb8f312e4b452ff06589160a8edcd0892db2: Parent folder conflict propagated down to children
2025-12-10 21:46:31: /.git/objects/fa/a1f550d986e8691963eb4ec560590976ba62c1: Parent folder conflict propagated down to children
2025-12-10 21:46:31: /.git/objects/fb/b0e2e4e6979cf44a712b7ed886a6b9e4ff4558: Parent folder conflict propagated down to children
2025-12-10 21:46:31: /.git/objects/fd/157de7c65deaae758a9f805197b2bc317be80f: Parent folder conflict propagated down to children
2025-12-10 21:46:31: /.git/objects/fd/d633e9c0f3e9a65f2bdcfc1c4a2e7967e59e17: Parent folder conflict propagated down to children
2025-12-10 21:46:31: /.git/objects/fe/22fd15f72adfe812f0721e16fa9464cf3db2f1: Parent folder conflict propagated down to children
2025-12-10 21:46:31: /.git/objects/fe/2a0bf3c421b098b0508cf72b7b8d43a15d53a1: Parent folder conflict propagated down to children
2025-12-10 21:46:31: /.git/objects/fe/ab2c6ab1fc1c4cd8a5cfa1449e3cca0ee21b19: Parent folder conflict propagated down to children
2025-12-10 21:46:31: /.git/objects/ff/513a0fe3997f8075f6401a31cee0d62b98edc8: Parent folder conflict propagated down to children
2025-12-10 21:46:31: Cannot autoresolve the conflict because time is the same on both sides: /.git/FETCH_HEAD
2025-12-10 21:46:31: Analyze has finished with Conflicts. Resolve Conflicts by selecting the correct sync direction, then click Sync
2025-12-10 21:46:31: Changes: 261 (421), Conflicts: 421, CopyTime: 0, FixState: 0, Errors: 0, All: 3763
2025-12-10 21:46:31: == Sync Started by On File Change, After Delay
2025-12-10 21:46:31: ConnectCloned connected to file:///~grabacr/VPSsync/01-WorkspaceSync/modelica-shared/CustomLib/PropulsionSystem
2025-12-10 21:46:31: ConnectCloned connected to file:///~grabacr/VPSsync/01-WorkspaceSync/modelica-shared/CustomLib/PropulsionSystem
2025-12-10 21:46:31: ConnectCloned connected to file:///~grabacr/VPSsync/01-WorkspaceSync/modelica-shared/CustomLib/PropulsionSystem
2025-12-10 21:46:31: Server: SSH-2.0-OpenSSH_9.6p1 Ubuntu-3ubuntu13.14
2025-12-10 21:46:31: Server: SSH-2.0-OpenSSH_9.6p1 Ubuntu-3ubuntu13.14
2025-12-10 21:46:31: Server: SSH-2.0-OpenSSH_9.6p1 Ubuntu-3ubuntu13.14
2025-12-10 21:46:31: Server KEXes: sntrup761x25519-sha512@openssh.com,curve25519-sha256,curve25519-sha256@libssh.org,ecdh-sha2-nistp256,ecdh-sha2-nistp384,ecdh-sha2-nistp521,diffie-hellman-group-exchange-sha256,diffie-hellman-group16-sha512,diffie-hellman-group18-sha512,diffie-hellman-group14-sha256,ext-info-s,kex-strict-s-v00@openssh.com
2025-12-10 21:46:31: Server Host Keys: rsa-sha2-512,rsa-sha2-256,ecdsa-sha2-nistp256,ssh-ed25519
2025-12-10 21:46:31: Chosen Host Key: ssh-ed25519
2025-12-10 21:46:31: Ciphers: chacha20-poly1305@openssh.com,aes128-ctr,aes192-ctr,aes256-ctr,aes128-gcm@openssh.com,aes256-gcm@openssh.com
2025-12-10 21:46:31: MACs: umac-64-etm@openssh.com,umac-128-etm@openssh.com,hmac-sha2-256-etm@openssh.com,hmac-sha2-512-etm@openssh.com,hmac-sha1-etm@openssh.com,umac-64@openssh.com,umac-128@openssh.com,hmac-sha2-256,hmac-sha2-512,hmac-sha1
2025-12-10 21:46:31: Server KEXes: sntrup761x25519-sha512@openssh.com,curve25519-sha256,curve25519-sha256@libssh.org,ecdh-sha2-nistp256,ecdh-sha2-nistp384,ecdh-sha2-nistp521,diffie-hellman-group-exchange-sha256,diffie-hellman-group16-sha512,diffie-hellman-group18-sha512,diffie-hellman-group14-sha256,ext-info-s,kex-strict-s-v00@openssh.com
2025-12-10 21:46:31: Server Host Keys: rsa-sha2-512,rsa-sha2-256,ecdsa-sha2-nistp256,ssh-ed25519
2025-12-10 21:46:31: Chosen Host Key: ssh-ed25519
2025-12-10 21:46:31: Ciphers: chacha20-poly1305@openssh.com,aes128-ctr,aes192-ctr,aes256-ctr,aes128-gcm@openssh.com,aes256-gcm@openssh.com
2025-12-10 21:46:31: MACs: umac-64-etm@openssh.com,umac-128-etm@openssh.com,hmac-sha2-256-etm@openssh.com,hmac-sha2-512-etm@openssh.com,hmac-sha1-etm@openssh.com,umac-64@openssh.com,umac-128@openssh.com,hmac-sha2-256,hmac-sha2-512,hmac-sha1
2025-12-10 21:46:31: Server KEXes: sntrup761x25519-sha512@openssh.com,curve25519-sha256,curve25519-sha256@libssh.org,ecdh-sha2-nistp256,ecdh-sha2-nistp384,ecdh-sha2-nistp521,diffie-hellman-group-exchange-sha256,diffie-hellman-group16-sha512,diffie-hellman-group18-sha512,diffie-hellman-group14-sha256,ext-info-s,kex-strict-s-v00@openssh.com
2025-12-10 21:46:31: Server Host Keys: rsa-sha2-512,rsa-sha2-256,ecdsa-sha2-nistp256,ssh-ed25519
2025-12-10 21:46:31: Chosen Host Key: ssh-ed25519
2025-12-10 21:46:31: Ciphers: chacha20-poly1305@openssh.com,aes128-ctr,aes192-ctr,aes256-ctr,aes128-gcm@openssh.com,aes256-gcm@openssh.com
2025-12-10 21:46:31: MACs: umac-64-etm@openssh.com,umac-128-etm@openssh.com,hmac-sha2-256-etm@openssh.com,hmac-sha2-512-etm@openssh.com,hmac-sha1-etm@openssh.com,umac-64@openssh.com,umac-128@openssh.com,hmac-sha2-256,hmac-sha2-512,hmac-sha1
2025-12-10 21:46:31: Auth: start: publickey
2025-12-10 21:46:31: Auth: publickey: no keys available
2025-12-10 21:46:31: Auth: start: password
2025-12-10 21:46:31: Auth: start: publickey
2025-12-10 21:46:31: Auth: start: publickey
2025-12-10 21:46:31: Auth: publickey: no keys available
2025-12-10 21:46:31: Auth: publickey: no keys available
2025-12-10 21:46:31: Auth: start: password
2025-12-10 21:46:31: Auth: start: password
2025-12-10 21:46:32: GsConnectAndSetRoot1 connected to sftp://os3-310-44666.vs.sakura.ne.jp/home/ubuntu/VPSsync/01-WorkspaceSync/modelica-shared/CustomLib/PropulsionSystem
2025-12-10 21:46:32: GsConnectAndSetRoot1 connected to sftp://os3-310-44666.vs.sakura.ne.jp/home/ubuntu/VPSsync/01-WorkspaceSync/modelica-shared/CustomLib/PropulsionSystem
2025-12-10 21:46:32: GsConnectAndSetRoot1 connected to sftp://os3-310-44666.vs.sakura.ne.jp/home/ubuntu/VPSsync/01-WorkspaceSync/modelica-shared/CustomLib/PropulsionSystem
2025-12-10 21:46:32: /.git/index: unresolved conflict results in No Copy
2025-12-10 21:46:33: /.git/objects/01/456f505437e920fe6a3a2a61fb4c33a523def9: unresolved conflict results in No Copy
2025-12-10 21:46:33: /.git/objects/02/15de3c9bbeea4e57593739971e8abfb0274dc5: unresolved conflict results in No Copy
2025-12-10 21:46:33: /.git/objects/02/a4484cbd68d4687a86eabe0a41fcc2272d486b: unresolved conflict results in No Copy
2025-12-10 21:46:33: /.git/objects/02/e8cd61469c36cd21ca9e9b225236106b40d4ea: unresolved conflict results in No Copy
2025-12-10 21:46:33: /.git/objects/03/b739c81618a14404ecaf0564f53308b471c2cc: unresolved conflict results in No Copy
2025-12-10 21:46:33: /.git/objects/04/01f653e4b3f10b09981ca3a68d3cdda9996e70: unresolved conflict results in No Copy
2025-12-10 21:46:33: /.git/objects/04/c28ba5dbed7000ba582ac3c8ea749f973fb54e: unresolved conflict results in No Copy
2025-12-10 21:46:33: /.git/objects/06/a85461b7b372976de474b06a2a1bafd7ba1509: unresolved conflict results in No Copy
2025-12-10 21:46:33: /.git/objects/08/52b606ade6569d9161653d1c3d154012c27ec9: unresolved conflict results in No Copy
2025-12-10 21:46:33: /.git/objects/09/36a66f232cdcc6174cfa541d58b532397ead1e: unresolved conflict results in No Copy
2025-12-10 21:46:33: /.git/objects/0f/cef2a0a493e78199459d8d57bcc8749e8a6706: unresolved conflict results in No Copy
2025-12-10 21:46:33: /.git/objects/0f/f90de1b458dce2aa3ae576837e49a99de2f88f: unresolved conflict results in No Copy
2025-12-10 21:46:33: /.git/objects/10/123ce1fb3fef053c2e4ad44a883c25982dfe5f: unresolved conflict results in No Copy
2025-12-10 21:46:33: /.git/objects/10/cf17da65acc753ba3abf64d80fa01c9c3ad7f8: unresolved conflict results in No Copy
2025-12-10 21:46:33: /.git/objects/13/6e65893f0e0d3b0f22316c0da086b12346ba9f: unresolved conflict results in No Copy
2025-12-10 21:46:33: /.git/objects/16/230bfb17856d6f76414b50fa83de5a7e954401: unresolved conflict results in No Copy
2025-12-10 21:46:33: /.git/objects/16/2f36aea1cf8cb7842c5348481e843281fd6a4a: unresolved conflict results in No Copy
2025-12-10 21:46:33: /.git/objects/16/bb6cad419849add221091033f8287675f78b82: unresolved conflict results in No Copy
2025-12-10 21:46:33: /.git/objects/19/a2b1b39d383d2dd2747e7dd0caca0a0627161e: unresolved conflict results in No Copy
2025-12-10 21:46:33: /.git/objects/13/743691d4d566f8d47a5ab127b50999fd1e2719: unresolved conflict results in No Copy
2025-12-10 21:46:33: /.git/objects/13/d686db56e373cdee0299cb0bc07adedaa92df1: unresolved conflict results in No Copy
2025-12-10 21:46:33: /.git/objects/13/d73b05b21dcea302348a650f74aca8bfe3d95c: unresolved conflict results in No Copy
2025-12-10 21:46:33: /.git/objects/1b/75e9b51d8ec16653b1168ca298c3998a862f23: unresolved conflict results in No Copy
2025-12-10 21:46:33: /.git/objects/1c/29a15ac827ac5bda653fe2d410debe19172e06: unresolved conflict results in No Copy
2025-12-10 21:46:33: /.git/objects/1e/3ff93a60261ee9cce4a3aabe5f2945b289bd8e: unresolved conflict results in No Copy
2025-12-10 21:46:33: /.git/objects/1e/6d3c5016ed73e934070b0f383a286e7541502b: unresolved conflict results in No Copy
2025-12-10 21:46:33: /.git/objects/1e/7c99ea77fb883159c04fde31952cfce938e93d: unresolved conflict results in No Copy
2025-12-10 21:46:33: /.git/objects/20/45239100df22990898f520164fb58170d700a7: unresolved conflict results in No Copy
2025-12-10 21:46:33: /.git/objects/21/2e619816c6145c5f6afd49db67fb06c7201654: unresolved conflict results in No Copy
2025-12-10 21:46:33: /.git/objects/23/7ce7d9790c4769aa684715929f73bbd4f96fdf: unresolved conflict results in No Copy
2025-12-10 21:46:33: /.git/objects/24/3da247b89acc7e844bc9c04fddbc1e2db6dda2: unresolved conflict results in No Copy
2025-12-10 21:46:33: /.git/objects/26/2d130e0e11b96d93fee1495fd9be89dd01a0e4: unresolved conflict results in No Copy
2025-12-10 21:46:33: /.git/objects/27/2ed202d212d4884be734cf6f2b576e8a29704a: unresolved conflict results in No Copy
2025-12-10 21:46:33: /.git/objects/27/5a073226c26870057c001ff915f900ebf02ba8: unresolved conflict results in No Copy
2025-12-10 21:46:33: /.git/objects/27/ab65b877abd239429fb9f31248015c019f054c: unresolved conflict results in No Copy
2025-12-10 21:46:33: /.git/objects/26/7cca8032bf955c4ac2a1cb05ad0670ecf284e3: unresolved conflict results in No Copy
2025-12-10 21:46:33: /.git/objects/28/8ba57c43e5054716a9803fe58496eafeb38bb4: unresolved conflict results in No Copy
2025-12-10 21:46:33: /.git/objects/28/a938a935602455d1227c51a1859a7d3a9b0fa5: unresolved conflict results in No Copy
2025-12-10 21:46:33: /.git/objects/29/1cdd478a8af7f81196404b5516588bf6390d07: unresolved conflict results in No Copy
2025-12-10 21:46:33: /.git/objects/29/57754e36ab797acceec71e9431d42858ea8be4: unresolved conflict results in No Copy
2025-12-10 21:46:33: /.git/objects/29/998fd3d9bcb064f2b0e4f626498dcce872df30: unresolved conflict results in No Copy
2025-12-10 21:46:33: /.git/objects/2a/73b9d489e8c40abe7e2a7931a025fda4ca22f7: unresolved conflict results in No Copy
2025-12-10 21:46:33: /.git/objects/2b/885db8b20ec9b315c4ee1d74bbac2802f36cbb: unresolved conflict results in No Copy
2025-12-10 21:46:33: /.git/objects/2d/29221ab2eccbedfc1d158176e0645edacd1663: unresolved conflict results in No Copy
2025-12-10 21:46:33: /.git/objects/2d/966c8857bf436150c39bddf3d735b51600f5ff: unresolved conflict results in No Copy
2025-12-10 21:46:33: /.git/objects/2d/e3e50bf123694ee8c3025b7e64be0bf252aa06: unresolved conflict results in No Copy
2025-12-10 21:46:33: /.git/objects/2e/4c6ec15ea2256fd346d5c650e13b58e779d2d7: unresolved conflict results in No Copy
2025-12-10 21:46:33: /.git/objects/2f/fff039f87c492e0cb6ca360583f3d0e0fa6ef1: unresolved conflict results in No Copy
2025-12-10 21:46:33: /.git/objects/30/50f0db42d675205e696219198400c0cdb3b16b: unresolved conflict results in No Copy
2025-12-10 21:46:33: /.git/objects/32/6ddc7a4cf8bf585a31d8a9cf344ea6db807987: unresolved conflict results in No Copy
2025-12-10 21:46:33: /.git/objects/31/4d00d3b4a7f7a5120bdd46794e5dfb25ecc169: unresolved conflict results in No Copy
2025-12-10 21:46:33: /.git/objects/31/7cad0e1e6d9d3deb14600d5a6abceacdbffe13: unresolved conflict results in No Copy
2025-12-10 21:46:33: /.git/objects/33/8030a955b3f4dc15ab85e817278dc9a5426490: unresolved conflict results in No Copy
2025-12-10 21:46:33: /.git/objects/35/0c3344b28311b68e92fd83f0ce0412a3213938: unresolved conflict results in No Copy
2025-12-10 21:46:33: /.git/objects/35/27e1851c232b07611fa69817f1bf224ddf0c21: unresolved conflict results in No Copy
2025-12-10 21:46:33: /.git/objects/34/8efae3365255e486947dc7f150c4e0eb696d95: unresolved conflict results in No Copy
2025-12-10 21:46:33: /.git/objects/39/e6f267239bec2793c84cdb24c4da5c777db7c9: unresolved conflict results in No Copy
2025-12-10 21:46:33: /.git/objects/3a/728b35bceec3ed1ac488a1cad82f43455bfa0b: unresolved conflict results in No Copy
2025-12-10 21:46:33: /.git/objects/3b/cba589bc898c9e84fc4d8354266191d407aa9d: unresolved conflict results in No Copy
2025-12-10 21:46:33: /.git/objects/3b/177a266c660ffdc92c995232bb45389e801c0b: unresolved conflict results in No Copy
2025-12-10 21:46:33: /.git/objects/3d/e6ab2235631ebf0d22a7b69ad685befc6a7d6f: unresolved conflict results in No Copy
2025-12-10 21:46:33: /.git/objects/3d/e45a44ba42630c9effc959888778c19ceec071: unresolved conflict results in No Copy
2025-12-10 21:46:33: /.git/objects/3c/644096341d20d7a82523500f5f5d73d2ddc010: unresolved conflict results in No Copy
2025-12-10 21:46:33: /.git/objects/3c/ab4d000e17c2a06c9e49c4a78b34ac28d7837f: unresolved conflict results in No Copy
2025-12-10 21:46:33: /.git/objects/3c/7f20ee3aa11f7a615691851e07770c1cd32c7d: unresolved conflict results in No Copy
2025-12-10 21:46:33: /.git/objects/3c/e0f132781769cc3f6ac4769ba0873e935979fb: unresolved conflict results in No Copy
2025-12-10 21:46:33: /.git/objects/3f/107e1186f324d1d79067697cbfa781459696ae: unresolved conflict results in No Copy
2025-12-10 21:46:33: /.git/objects/3f/5fad1a996fd2f21cb83f8e31bf8e61d1ffe654: unresolved conflict results in No Copy
2025-12-10 21:46:33: /.git/objects/3e/49fb41e6b30b8f4ef1904f304505928c37c118: unresolved conflict results in No Copy
2025-12-10 21:46:33: /.git/objects/3e/b85bd12cea3754cdd7bc76030997e146a8f332: unresolved conflict results in No Copy
2025-12-10 21:46:33: /.git/objects/3e/2157640525dcb43475923b449e559cf8500737: unresolved conflict results in No Copy
2025-12-10 21:46:33: /.git/objects/40/e2314234825bd24aac50257e11f081921938ae: unresolved conflict results in No Copy
2025-12-10 21:46:33: /.git/objects/41/e3b1e305fa535b1b060a3ecd0b3d1274818b40: unresolved conflict results in No Copy
2025-12-10 21:46:33: /.git/objects/41/feaa6371e3cabcedefac592c56a13c85675857: unresolved conflict results in No Copy
2025-12-10 21:46:33: /.git/objects/42/25537d9a64b0928b16690a6e45b27ea0ff0640: unresolved conflict results in No Copy
2025-12-10 21:46:33: /.git/objects/42/381c39ef1786b435d7f2982c9de05f45126bc7: unresolved conflict results in No Copy
2025-12-10 21:46:33: /.git/objects/45/522703382339c20b377e137268746426723bea: unresolved conflict results in No Copy
2025-12-10 21:46:33: /.git/objects/4a/1fb3ef8d68a762755751ce91c9ef8fe9b6f3e9: unresolved conflict results in No Copy
2025-12-10 21:46:33: /.git/objects/49/aa0efc806d60e109ff2824580919c5c86c5771: unresolved conflict results in No Copy
2025-12-10 21:46:33: /.git/objects/46/0f7465d7a6182430d41d8a48c45b0b18211b1c: unresolved conflict results in No Copy
2025-12-10 21:46:33: /.git/objects/46/7477bd462c4182c1655740f1e3a280d6bb6e88: unresolved conflict results in No Copy
2025-12-10 21:46:33: /.git/objects/46/9b690bcfb286f710e982937ed2f9cdd8d5bdc0: unresolved conflict results in No Copy
2025-12-10 21:46:33: /.git/objects/4b/62ce593f68831ef06354c7ab5d24a72616923b: unresolved conflict results in No Copy
2025-12-10 21:46:33: /.git/objects/4b/ef687cdcd9b5498cefbc97fbb8482dc5101875: unresolved conflict results in No Copy
2025-12-10 21:46:33: /.git/objects/4c/55d887c6dbae3e00e65ba4c34b6d94f7c1503a: unresolved conflict results in No Copy
2025-12-10 21:46:33: /.git/objects/4c/c41a5e0a333928df82db62caa80a145e483b8f: unresolved conflict results in No Copy
2025-12-10 21:46:33: /.git/objects/4d/8f67acf9ddc200fef6035d685e61c065b0184d: unresolved conflict results in No Copy
2025-12-10 21:46:33: /.git/objects/4e/a2000c40bb40b279f58f5ef0381edb1b0ec6de: unresolved conflict results in No Copy
2025-12-10 21:46:33: /.git/objects/51/25ca67fe7a2a4035c2f89eedcee956c90abfcf: unresolved conflict results in No Copy
2025-12-10 21:46:33: /.git/objects/53/45d21fce3c4f8c660ccfc443644c76f95fb1f2: unresolved conflict results in No Copy
2025-12-10 21:46:33: /.git/objects/53/fccc83cd8f796048d4e88106c79b8ad3cf5a43: unresolved conflict results in No Copy
2025-12-10 21:46:33: /.git/objects/51/dcf15b2de82592434fc4fedf5afc8de503a3c4: unresolved conflict results in No Copy
2025-12-10 21:46:33: /.git/objects/50/2069bbdf6f429ae3ed78b0825e6482ae866237: unresolved conflict results in No Copy
2025-12-10 21:46:33: /.git/objects/50/a9dedb52160e71367c8fac078b7620c73223bb: unresolved conflict results in No Copy
2025-12-10 21:46:33: /.git/objects/54/d04ff59d198aa31d894540c66eb0265eaff40e: unresolved conflict results in No Copy
2025-12-10 21:46:33: /.git/objects/56/4d010e6481979b7a8067f19017cd6c0f57db2d: unresolved conflict results in No Copy
2025-12-10 21:46:33: /.git/objects/56/fc66d425b0a5cde5d3a5724b8d8d872cd1e3cd: unresolved conflict results in No Copy
2025-12-10 21:46:33: /.git/objects/5a/9d42f421a8344eb507b00177bdb37e19ef0749: unresolved conflict results in No Copy
2025-12-10 21:46:33: /.git/objects/5b/b323abf4031fc13af77be22f345a772375ab8d: unresolved conflict results in No Copy
2025-12-10 21:46:33: /.git/objects/57/22a8ff031be5a59a39c11dfc511fc4b0297acf: unresolved conflict results in No Copy
2025-12-10 21:46:33: /.git/objects/5c/0a4e3b8fd098eb4314c48147226a9ce9baa18b: unresolved conflict results in No Copy
2025-12-10 21:46:33: /.git/objects/5e/e701445828d142fc6735cfcdf4e32893b2eb9d: unresolved conflict results in No Copy
2025-12-10 21:46:33: /.git/objects/5c/d4b97a14a605b74b13bef97422c73dfb75ac2f: unresolved conflict results in No Copy
2025-12-10 21:46:33: /.git/objects/5d/5cf82b1887f8a1e8e4cdd3656ef57d97aeff75: unresolved conflict results in No Copy
2025-12-10 21:46:33: /.git/objects/60/99c37d698188c7f4f2da0b44380e1fe64a21cb: unresolved conflict results in No Copy
2025-12-10 21:46:33: /.git/objects/60/cce2ee640d627a8f2fd1dab5ad24fe6a181240: unresolved conflict results in No Copy
2025-12-10 21:46:33: /.git/objects/60/fe0641aff2ac07205b9868a56586fe5ded4085: unresolved conflict results in No Copy
2025-12-10 21:46:33: /.git/objects/62/343457f7d20cf248c32b66aed94e62b4046791: unresolved conflict results in No Copy
2025-12-10 21:46:33: /.git/objects/68/bfa6f5158157f791aeab4680fbdbe3e33e5c23: unresolved conflict results in No Copy
2025-12-10 21:46:33: /.git/objects/69/f9f7592e118284d7f15ab5529562cc2a2d4289: unresolved conflict results in No Copy
2025-12-10 21:46:33: /.git/objects/6b/3ab3c14663f046b37713d69dd269f041c45921: unresolved conflict results in No Copy
2025-12-10 21:46:33: /.git/objects/6d/1016eca5105d393c7984b01a4835cda4c6781f: unresolved conflict results in No Copy
2025-12-10 21:46:33: /.git/objects/6c/4b6b3ddb8ca645f567180f1933248c00a7b00d: unresolved conflict results in No Copy
2025-12-10 21:46:33: /.git/objects/6d/2a23a442edc90fe75971e68c7c7c78db6ce172: unresolved conflict results in No Copy
2025-12-10 21:46:33: /.git/objects/6d/d4227aa3171a966010f42022806863de5c3023: unresolved conflict results in No Copy
2025-12-10 21:46:33: /.git/objects/6f/2e9bc2da7d156b13c119f66dd3e12a40c709a1: unresolved conflict results in No Copy
2025-12-10 21:46:33: /.git/objects/71/53903887b43600bea86c67aa4d0fa434d92674: unresolved conflict results in No Copy
2025-12-10 21:46:33: /.git/objects/71/5ac2c618adeb96b798592f349fff897e3aad87: unresolved conflict results in No Copy
2025-12-10 21:46:33: /.git/objects/71/8776cd9e69c874003e72094a8bd0fe172dc1a0: unresolved conflict results in No Copy
2025-12-10 21:46:33: /.git/objects/71/ffe35caf8b203815b7b9c981fcef0d91bdc788: unresolved conflict results in No Copy
2025-12-10 21:46:33: /.git/objects/6f/d6a1cc945ab8d181b56db38037345f94abf1c7: unresolved conflict results in No Copy
2025-12-10 21:46:33: /.git/objects/72/714bfa79591f8b3d2c7b46efbd6b605b85c496: unresolved conflict results in No Copy
2025-12-10 21:46:33: /.git/objects/73/1ace21f158e3e630152fc27baae0eed905296e: unresolved conflict results in No Copy
2025-12-10 21:46:33: /.git/objects/74/8cba34f6c05860eb76703fa45b673b9406489b: unresolved conflict results in No Copy
2025-12-10 21:46:33: /.git/objects/75/81d882762839191a869e5580b1ebed92d6612a: unresolved conflict results in No Copy
2025-12-10 21:46:33: /.git/objects/76/32e0ac92f9dfcb4c0241aa41e33df49317a7f3: unresolved conflict results in No Copy
2025-12-10 21:46:33: /.git/objects/78/1777a22a9cc5d578452b4abf2416e8f826ffa3: unresolved conflict results in No Copy
2025-12-10 21:46:33: /.git/objects/78/19d951358db8d6d986f8b71caa6a3c48939531: unresolved conflict results in No Copy
2025-12-10 21:46:33: /.git/objects/78/1a3641e821db6cff8279ec9a64e1d6c0b0f611: unresolved conflict results in No Copy
2025-12-10 21:46:33: /.git/objects/76/436c8d9e7b9a0e067859b15878ec741511939c: unresolved conflict results in No Copy
2025-12-10 21:46:33: /.git/objects/7b/14e2e3d9783fa3ff4103c8c680f1f5b377c812: unresolved conflict results in No Copy
2025-12-10 21:46:33: /.git/objects/7b/eb3b1cd993bea050bb439fe614e1fd40f2634c: unresolved conflict results in No Copy
2025-12-10 21:46:33: /.git/objects/7a/d5f7c1c270ccd2e06e075ee61da011633604fa: unresolved conflict results in No Copy
2025-12-10 21:46:33: /.git/objects/7c/02036160eb34af4d4c23fd33caac0b58ae104f: unresolved conflict results in No Copy
2025-12-10 21:46:33: /.git/objects/7e/0edc1a0b9e44c65ec79d6c10a3584cada27ec3: unresolved conflict results in No Copy
2025-12-10 21:46:33: /.git/objects/84/19e4f996eb1f6987192ab0d7b2d75af62b92ca: unresolved conflict results in No Copy
2025-12-10 21:46:33: /.git/objects/84/24b4e6fc5838b0c1327dde380b79022adc70a1: unresolved conflict results in No Copy
2025-12-10 21:46:33: /.git/objects/84/74ae668da1feaeff08b346c017c2f10801f0f4: unresolved conflict results in No Copy
2025-12-10 21:46:33: /.git/objects/7f/8826a7ce2d828119df8735cb434935e3899378: unresolved conflict results in No Copy
2025-12-10 21:46:33: /.git/objects/86/f692df9b4d4156fd48761d6b43bdab02e9ec6a: unresolved conflict results in No Copy
2025-12-10 21:46:33: /.git/objects/87/fa300dd2a756475094e3b888abe05b0db01b55: unresolved conflict results in No Copy
2025-12-10 21:46:33: /.git/objects/89/19aba6fa8f3cb89fd61ec96993320cd466c591: unresolved conflict results in No Copy
2025-12-10 21:46:33: /.git/objects/8b/7c94a0fc25222d43884d8b2705901ba788b3b5: unresolved conflict results in No Copy
2025-12-10 21:46:33: /.git/objects/8c/0ae85071cd242fc91bd21531e2135b9290fa08: unresolved conflict results in No Copy
2025-12-10 21:46:33: /.git/objects/8c/3fb5f27f36c7c51c9bfad38c7e97dca5b33d73: unresolved conflict results in No Copy
2025-12-10 21:46:33: /.git/objects/8c/75dfab6701cdb80f0fc536a0d05af5715e2d6b: unresolved conflict results in No Copy
2025-12-10 21:46:33: /.git/objects/8c/e0dba5df0499ba88c6fc403d9b9eaca2e37e15: unresolved conflict results in No Copy
2025-12-10 21:46:33: /.git/objects/8b/9415d33ca209374dff04e727efde0956b4addf: unresolved conflict results in No Copy
2025-12-10 21:46:33: /.git/objects/8a/1296b688b8c16c8ca1f382fa174f5307f7ad7a: unresolved conflict results in No Copy
2025-12-10 21:46:33: /.git/objects/8a/6ddf343ca08150b173bb3d33bad273e3d85086: unresolved conflict results in No Copy
2025-12-10 21:46:33: /.git/objects/8a/a14e33596fae43b7467995c6ac1a5c5c65b1e3: unresolved conflict results in No Copy
2025-12-10 21:46:33: /.git/objects/8a/d0fbb85026ecee1f63f6d8409ba89b2790af56: unresolved conflict results in No Copy
2025-12-10 21:46:33: /.git/objects/8d/39f67ca21b61949b6b6b3c992bcb86d9531fd5: unresolved conflict results in No Copy
2025-12-10 21:46:33: /.git/objects/8d/5056c44dc185815c66823bf5296a47e7e78fdc: unresolved conflict results in No Copy
2025-12-10 21:46:33: /.git/objects/8f/94fbd4184bce02ea1870fc90676a8c40d12df6: unresolved conflict results in No Copy
2025-12-10 21:46:33: /.git/objects/8f/e223efcf34441f61e0aa1e148aa0489374167c: unresolved conflict results in No Copy
2025-12-10 21:46:33: /.git/objects/8d/c7284782b6931382ab77c31353ff06459beabc: unresolved conflict results in No Copy
2025-12-10 21:46:33: /.git/objects/91/b8b60b3cb33a0a1046e475775d9dd7326d12d8: unresolved conflict results in No Copy
2025-12-10 21:46:33: /.git/objects/90/274cb2cf9c18193898d18dd717a4b865cb7ca0: unresolved conflict results in No Copy
2025-12-10 21:46:33: /.git/objects/90/f0876ca2fb46391646513c744061e7618d02ec: unresolved conflict results in No Copy
2025-12-10 21:46:33: /.git/objects/90/f16ac423306907412bd36e4188983d17dc27e4: unresolved conflict results in No Copy
2025-12-10 21:46:33: /.git/objects/93/722d9632d21958796db49ed989786a753dc4e6: unresolved conflict results in No Copy
2025-12-10 21:46:33: /.git/objects/94/d3bff75a85819c2a40c6aaf82fd72316c40be8: unresolved conflict results in No Copy
2025-12-10 21:46:33: /.git/objects/96/cfbf00c86ff968e3c7ac12b703980e20944055: unresolved conflict results in No Copy
2025-12-10 21:46:33: /.git/objects/95/b8fa41471c5e73a11379f0d8f753bdff576ef9: unresolved conflict results in No Copy
2025-12-10 21:46:33: /.git/objects/95/277dd51f4a81177bbae7bbc209863dc0c0f05f: unresolved conflict results in No Copy
2025-12-10 21:46:33: /.git/objects/99/1d1c54972d41c6277df510b58d346248b7e642: unresolved conflict results in No Copy
2025-12-10 21:46:33: /.git/objects/97/073e2f2b5f71246148c9fdece6f6a4bc9f56c8: unresolved conflict results in No Copy
2025-12-10 21:46:33: /.git/objects/97/7d99523e2b1b1807fb5d2186375bb4fde9db1a: unresolved conflict results in No Copy
2025-12-10 21:46:33: /.git/objects/97/bc79a6bf664d7dfd4b5fa9e44d4e93393ecf57: unresolved conflict results in No Copy
2025-12-10 21:46:33: /.git/objects/9b/741990836c2b26726cab667256e754ecef0e81: unresolved conflict results in No Copy
2025-12-10 21:46:33: /.git/objects/9c/b445139f7e19d160349875c34a812ce6015e79: unresolved conflict results in No Copy
2025-12-10 21:46:33: /.git/objects/9b/df53f6f04906a94eed766a46fe84b131c4e234: unresolved conflict results in No Copy
2025-12-10 21:46:33: /.git/objects/9b/ebd872fba62f72ff36a0872da65881124be7a7: unresolved conflict results in No Copy
2025-12-10 21:46:33: /.git/objects/9b/f16d340bb30c808c7c043f5f843c75bb82823b: unresolved conflict results in No Copy
2025-12-10 21:46:33: /.git/objects/9e/2a70c23c299f370db63babb6a9ca3a5ed991a6: unresolved conflict results in No Copy
2025-12-10 21:46:33: /.git/objects/9f/3776e25072eb1fa9cfe5abefff05b6c6075f3e: unresolved conflict results in No Copy
2025-12-10 21:46:33: /.git/objects/9e/ae4ed9ebc9476535eb5a428a3ee611a6163907: unresolved conflict results in No Copy
2025-12-10 21:46:33: /.git/objects/9e/dd7b515703758643fae376e130ed30ff22a387: unresolved conflict results in No Copy
2025-12-10 21:46:33: /.git/objects/a3/1ccba8cb3913281102f2b45ad71693b1acf2eb: unresolved conflict results in No Copy
2025-12-10 21:46:33: /.git/objects/a4/39167c02f65afe7a659aac97214a582ef8f0e8: unresolved conflict results in No Copy
2025-12-10 21:46:33: /.git/objects/a3/211e1db45695077351f10debebddbc7dd1470a: unresolved conflict results in No Copy
2025-12-10 21:46:33: /.git/objects/a0/12510f8d73da417c7f57a581ec35e90f2daa34: unresolved conflict results in No Copy
2025-12-10 21:46:33: /.git/objects/ab/14a09da7fedcb6bfe0b60a12a6a81840a5d39b: unresolved conflict results in No Copy
2025-12-10 21:46:33: /.git/objects/ab/bb6e488830e81e753e570b1b246ad9943a7d28: unresolved conflict results in No Copy
2025-12-10 21:46:33: /.git/objects/ad/255430b7e1d728a5838ec4f0741c97bee94b7a: unresolved conflict results in No Copy
2025-12-10 21:46:33: /.git/objects/ae/538b39f807a7d5831af9d4faa4a012e50c02fd: unresolved conflict results in No Copy
2025-12-10 21:46:33: /.git/objects/ad/61ecb5d77a89d4aa61d7ecc5865c8c70e953b2: unresolved conflict results in No Copy
2025-12-10 21:46:33: /.git/objects/af/347d814344d2fb6f78adc118c4019add1f7954: unresolved conflict results in No Copy
2025-12-10 21:46:33: /.git/objects/b0/f31ffda82d491be56afda2e2ae157781ab80fb: unresolved conflict results in No Copy
2025-12-10 21:46:33: /.git/objects/af/8bd5d837fd5b303c918203047bafdcb35efd30: unresolved conflict results in No Copy
2025-12-10 21:46:33: /.git/objects/b1/408ad7479bd1ccf9481e8d2d984ce4f54cf78c: unresolved conflict results in No Copy
2025-12-10 21:46:33: /.git/objects/b1/8ff65c388130a823fa10afb31b5c9090347ff4: unresolved conflict results in No Copy
2025-12-10 21:46:33: /.git/objects/b1/bde91e97ba50926954caf71bda86414db68167: unresolved conflict results in No Copy
2025-12-10 21:46:33: /.git/objects/b2/89a04205ab8c9c0e257d5d7514c274626bd370: unresolved conflict results in No Copy
2025-12-10 21:46:33: /.git/objects/b3/44346bff4217cbfdac0086f35f35caf067ae7d: unresolved conflict results in No Copy
2025-12-10 21:46:33: /.git/objects/b3/a209a1bf39bdcbc7be3720914014f9a013e79d: unresolved conflict results in No Copy
2025-12-10 21:46:33: /.git/objects/b2/cf6ef57823a1ea4d81babbd1fc34eac0c2bd7e: unresolved conflict results in No Copy
2025-12-10 21:46:33: /.git/objects/b4/18f1940579ea09ee70e32606a44b55915b671d: unresolved conflict results in No Copy
2025-12-10 21:46:33: /.git/objects/ba/1addb7c98c79dee4653ac0f6d6efa721b152eb: unresolved conflict results in No Copy
2025-12-10 21:46:33: /.git/objects/ba/d5d55a8167a0f2b5e45e56339c1a114dac38fb: unresolved conflict results in No Copy
2025-12-10 21:46:33: /.git/objects/b7/93ac4f2b46f0df0a2b412d793711aa5881afd1: unresolved conflict results in No Copy
2025-12-10 21:46:33: /.git/objects/b6/044e6cef97aeb1651c23443ea947458ea60d92: unresolved conflict results in No Copy
2025-12-10 21:46:33: /.git/objects/be/14ddc8be9135d743a37effd9b4e1b413211f18: unresolved conflict results in No Copy
2025-12-10 21:46:33: /.git/objects/bc/8af6e637e427447b41e1f721b75a51975261c5: unresolved conflict results in No Copy
2025-12-10 21:46:33: /.git/objects/bf/d3258ee4c8e1cabe522fce03f78b2027265418: unresolved conflict results in No Copy
2025-12-10 21:46:33: /.git/objects/c3/e147dca55f6f3682643a974f1bb261974f31e0: unresolved conflict results in No Copy
2025-12-10 21:46:33: /.git/objects/c0/3a779f08b1024f5eca4494b1eeee5c70957669: unresolved conflict results in No Copy
2025-12-10 21:46:33: /.git/objects/cb/3a8cea7f473f2a0c4c55ee97f366bb06cbb768: unresolved conflict results in No Copy
2025-12-10 21:46:33: /.git/objects/cd/647c41bae4aecb605e77945ee38d21c4956eb8: unresolved conflict results in No Copy
2025-12-10 21:46:33: /.git/objects/d1/70fda528a20601be50d6ac408c937b1b9e1de1: unresolved conflict results in No Copy
2025-12-10 21:46:33: /.git/objects/d0/40872eb7f846dda41e52eb6e07f2103e59c54e: unresolved conflict results in No Copy
2025-12-10 21:46:33: /.git/objects/d0/5810ea3a3ebdc9d121d04b0495df77b152495e: unresolved conflict results in No Copy
2025-12-10 21:46:33: /.git/objects/d2/f684e62f48955f39743245417da9f3d6559dd3: unresolved conflict results in No Copy
2025-12-10 21:46:33: /.git/objects/d3/e7a614fe5e7a130903476ca491b483e7458a47: unresolved conflict results in No Copy
2025-12-10 21:46:33: /.git/objects/d6/78ed876baa6643277154270950672e60e08101: unresolved conflict results in No Copy
2025-12-10 21:46:33: /.git/objects/d4/0a388d802881ac83d335d24df72647f69faeea: unresolved conflict results in No Copy
2025-12-10 21:46:33: /.git/objects/d7/ca7ca5c2504c8430504553232b6a98d38f1aa0: unresolved conflict results in No Copy
2025-12-10 21:46:33: /.git/objects/d7/f96c38a6175ef845922918ac1634ca020b0479: unresolved conflict results in No Copy
2025-12-10 21:46:33: /.git/objects/d9/e0e2062cb560e8c505e2362942e3b6c2610a69: unresolved conflict results in No Copy
2025-12-10 21:46:33: /.git/objects/db/588406c5ff93ff870b84f0557dc05133041178: unresolved conflict results in No Copy
2025-12-10 21:46:33: /.git/objects/dc/79374c3e870749b767cb91adaf0d74bbb98e5c: unresolved conflict results in No Copy
2025-12-10 21:46:33: /.git/objects/dc/db25ea69889f62bfdfbd6e88f8f69ddd3ab169: unresolved conflict results in No Copy
2025-12-10 21:46:33: /.git/objects/df/5a080f1e32b2cc65502173ecbd2dfac6e4a294: unresolved conflict results in No Copy
2025-12-10 21:46:33: /.git/objects/e1/ac6e158778579cb6272e4199b883a80d88ebe8: unresolved conflict results in No Copy
2025-12-10 21:46:33: /.git/objects/e2/054d59570991a38c8abc7b870495e9b9693e1a: unresolved conflict results in No Copy
2025-12-10 21:46:33: /.git/objects/e2/b1a4fb734102d732a0c0a62ac8c95f0ecbd787: unresolved conflict results in No Copy
2025-12-10 21:46:33: /.git/objects/e2/bab9107f175f038fda6a7df985f80326348885: unresolved conflict results in No Copy
2025-12-10 21:46:33: /.git/objects/e3/b1e744f92b1623d923351343bfda99732e7a27: unresolved conflict results in No Copy
2025-12-10 21:46:33: /.git/objects/e6/0df5de3b33c6118acd788e09ceceb944e7b3b5: unresolved conflict results in No Copy
2025-12-10 21:46:33: /.git/objects/e6/604819711ea2c17846689ff05719cc5e1dfc05: unresolved conflict results in No Copy
2025-12-10 21:46:33: /.git/objects/e8/4e059c3979b6c40326be3c557b7749070e7e07: unresolved conflict results in No Copy
2025-12-10 21:46:33: /.git/objects/e9/b704cdb8924387fd640f44d587ad5e84a538bc: unresolved conflict results in No Copy
2025-12-10 21:46:33: /.git/objects/ea/2cd353fdd26d0ebea659947e6bb443c05079b0: unresolved conflict results in No Copy
2025-12-10 21:46:33: /.git/objects/ea/42552bf03db4591bc2deac3d8e64e8168b49e9: unresolved conflict results in No Copy
2025-12-10 21:46:33: /.git/objects/e9/cf1085859131446493905320ad8fd75e3b4d36: unresolved conflict results in No Copy
2025-12-10 21:46:33: /.git/objects/e9/f633ef58b39368a08b2b66c58dfd15e8b2dd6a: unresolved conflict results in No Copy
2025-12-10 21:46:33: /.git/objects/eb/675c42dcd5b574c5ddc2da274805f6c3ab07d5: unresolved conflict results in No Copy
2025-12-10 21:46:33: /.git/objects/f0/7b03526de335575c8c4f107245f7fc64f6b434: unresolved conflict results in No Copy
2025-12-10 21:46:33: /.git/objects/ef/2570d34621f56940f475df0bf23e3458a9c71a: unresolved conflict results in No Copy
2025-12-10 21:46:33: /.git/objects/ef/e46eca839d14802ca8b2d52a12e76c80ced9d3: unresolved conflict results in No Copy
2025-12-10 21:46:33: /.git/objects/f1/31c06ce837fe81005faf873591b122472c758b: unresolved conflict results in No Copy
2025-12-10 21:46:33: /.git/objects/f1/5f5550efd681b93c9b612ce594f719ea854746: unresolved conflict results in No Copy
2025-12-10 21:46:33: /.git/objects/f2/17263f2c0cbbe1e1baace4dabf1503f9c64e7c: unresolved conflict results in No Copy
2025-12-10 21:46:33: /.git/objects/f3/01d54e518a1219a3d4b6360885d9d1e1b2b3e0: unresolved conflict results in No Copy
2025-12-10 21:46:33: /.git/objects/f6/9da33f6f14bb45712aeee2033accc5eda62e20: unresolved conflict results in No Copy
2025-12-10 21:46:33: /.git/objects/f3/384da8e13f40661d0d83d2d8c91fcb03f7dc90: unresolved conflict results in No Copy
2025-12-10 21:46:33: /.git/objects/f9: unresolved conflict results in No Copy
2025-12-10 21:46:33: /.git/objects/f7/133fafbe25ee3545da5059d43532f6e4f64a32: unresolved conflict results in No Copy
2025-12-10 21:46:33: /.git/objects/f9/36adaea1eb0e55b5c2ddb4699afe362a7730c7: unresolved conflict results in No Copy
2025-12-10 21:46:33: /.git/objects/fa/94bb8f312e4b452ff06589160a8edcd0892db2: unresolved conflict results in No Copy
2025-12-10 21:46:33: /.git/objects/fb/b0e2e4e6979cf44a712b7ed886a6b9e4ff4558: unresolved conflict results in No Copy
2025-12-10 21:46:33: /.git/objects/fa/a1f550d986e8691963eb4ec560590976ba62c1: unresolved conflict results in No Copy
2025-12-10 21:46:33: /.git/objects/fe/22fd15f72adfe812f0721e16fa9464cf3db2f1: unresolved conflict results in No Copy
2025-12-10 21:46:33: /.git/objects/fe/2a0bf3c421b098b0508cf72b7b8d43a15d53a1: unresolved conflict results in No Copy
2025-12-10 21:46:33: /.git/objects/fe/ab2c6ab1fc1c4cd8a5cfa1449e3cca0ee21b19: unresolved conflict results in No Copy
2025-12-10 21:46:33: /.git/objects/fd/157de7c65deaae758a9f805197b2bc317be80f: unresolved conflict results in No Copy
2025-12-10 21:46:33: /.git/objects/fd/d633e9c0f3e9a65f2bdcfc1c4a2e7967e59e17: unresolved conflict results in No Copy
2025-12-10 21:46:33: /.git/sourcetreeconfig.json: unresolved conflict results in No Copy
2025-12-10 21:46:33: /.git/objects/ff/513a0fe3997f8075f6401a31cee0d62b98edc8: unresolved conflict results in No Copy
2025-12-10 21:46:33: Save State File C:/Users/grabacr/VPSsync/01-WorkspaceSync/modelica-shared/CustomLib/PropulsionSystem/_gsdata_/_file_state_v4._gs
2025-12-10 21:46:34: Save State File sftp://os3-310-44666.vs.sakura.ne.jp/home/ubuntu/VPSsync/01-WorkspaceSync/modelica-shared/CustomLib/PropulsionSystem/_gsdata_/_file_state_v4._gs
2025-12-10 21:46:53: == Sync Complete. Time: 00:00:22, Speed: 573.44 KB/s, OK: 0, Errors: 0, Conflicts: 261
