2025-12-14 21:43:20: Server: SSH-2.0-OpenSSH_9.6p1 Ubuntu-3ubuntu13.14
2025-12-14 21:43:20: Server KEXes: sntrup761x25519-sha512@openssh.com,curve25519-sha256,curve25519-sha256@libssh.org,ecdh-sha2-nistp256,ecdh-sha2-nistp384,ecdh-sha2-nistp521,diffie-hellman-group-exchange-sha256,diffie-hellman-group16-sha512,diffie-hellman-group18-sha512,diffie-hellman-group14-sha256,ext-info-s,kex-strict-s-v00@openssh.com
2025-12-14 21:43:20: Server Host Keys: rsa-sha2-512,rsa-sha2-256,ecdsa-sha2-nistp256,ssh-ed25519
2025-12-14 21:43:20: Chosen Host Key: ssh-ed25519
2025-12-14 21:43:20: Ciphers: chacha20-poly1305@openssh.com,aes128-ctr,aes192-ctr,aes256-ctr,aes128-gcm@openssh.com,aes256-gcm@openssh.com
2025-12-14 21:43:20: MACs: umac-64-etm@openssh.com,umac-128-etm@openssh.com,hmac-sha2-256-etm@openssh.com,hmac-sha2-512-etm@openssh.com,hmac-sha1-etm@openssh.com,umac-64@openssh.com,umac-128@openssh.com,hmac-sha2-256,hmac-sha2-512,hmac-sha1
2025-12-14 21:43:20: Auth: start: publickey
2025-12-14 21:43:20: Auth: publickey: no keys available
2025-12-14 21:43:20: Auth: start: password
2025-12-14 21:43:21: -- Analysis Started by On File Change First Full Analyze Upon Folder Connect
2025-12-14 21:43:21: L: Reading State File C:/Users/grabacr/VPSsync/01-WorkspaceSync/modelica-shared/CustomLib/PropulsionSystem/_gsdata_/_file_state_v4._gs
2025-12-14 21:43:22: R: Reading State File sftp://os3-310-44666.vs.sakura.ne.jp/home/ubuntu/VPSsync/01-WorkspaceSync/modelica-shared/CustomLib/PropulsionSystem/_gsdata_/_file_state_v4._gs
2025-12-14 21:45:36: Changes: 6, Conflicts: 0, CopyTime: 0, FixState: 0, Errors: 0, All: 3904
2025-12-14 21:45:36: Right to Left: Copy File: 6 
2025-12-14 21:45:36: == Sync Started by On File Change First Full Analyze Upon Folder Connect
2025-12-14 21:45:36: ConnectCloned connected to file:///~grabacr/VPSsync/01-WorkspaceSync/modelica-shared/CustomLib/PropulsionSystem
2025-12-14 21:45:36: ConnectCloned connected to file:///~grabacr/VPSsync/01-WorkspaceSync/modelica-shared/CustomLib/PropulsionSystem
2025-12-14 21:45:36: ConnectCloned connected to file:///~grabacr/VPSsync/01-WorkspaceSync/modelica-shared/CustomLib/PropulsionSystem
2025-12-14 21:45:36: Server: SSH-2.0-OpenSSH_9.6p1 Ubuntu-3ubuntu13.14
2025-12-14 21:45:36: Server: SSH-2.0-OpenSSH_9.6p1 Ubuntu-3ubuntu13.14
2025-12-14 21:45:36: Server: SSH-2.0-OpenSSH_9.6p1 Ubuntu-3ubuntu13.14
2025-12-14 21:45:37: Server KEXes: sntrup761x25519-sha512@openssh.com,curve25519-sha256,curve25519-sha256@libssh.org,ecdh-sha2-nistp256,ecdh-sha2-nistp384,ecdh-sha2-nistp521,diffie-hellman-group-exchange-sha256,diffie-hellman-group16-sha512,diffie-hellman-group18-sha512,diffie-hellman-group14-sha256,ext-info-s,kex-strict-s-v00@openssh.com
2025-12-14 21:45:37: Server Host Keys: rsa-sha2-512,rsa-sha2-256,ecdsa-sha2-nistp256,ssh-ed25519
2025-12-14 21:45:37: Server KEXes: sntrup761x25519-sha512@openssh.com,curve25519-sha256,curve25519-sha256@libssh.org,ecdh-sha2-nistp256,ecdh-sha2-nistp384,ecdh-sha2-nistp521,diffie-hellman-group-exchange-sha256,diffie-hellman-group16-sha512,diffie-hellman-group18-sha512,diffie-hellman-group14-sha256,ext-info-s,kex-strict-s-v00@openssh.com
2025-12-14 21:45:37: Chosen Host Key: ssh-ed25519
2025-12-14 21:45:37: Server Host Keys: rsa-sha2-512,rsa-sha2-256,ecdsa-sha2-nistp256,ssh-ed25519
2025-12-14 21:45:37: Chosen Host Key: ssh-ed25519
2025-12-14 21:45:37: Ciphers: chacha20-poly1305@openssh.com,aes128-ctr,aes192-ctr,aes256-ctr,aes128-gcm@openssh.com,aes256-gcm@openssh.com
2025-12-14 21:45:37: Ciphers: chacha20-poly1305@openssh.com,aes128-ctr,aes192-ctr,aes256-ctr,aes128-gcm@openssh.com,aes256-gcm@openssh.com
2025-12-14 21:45:37: MACs: umac-64-etm@openssh.com,umac-128-etm@openssh.com,hmac-sha2-256-etm@openssh.com,hmac-sha2-512-etm@openssh.com,hmac-sha1-etm@openssh.com,umac-64@openssh.com,umac-128@openssh.com,hmac-sha2-256,hmac-sha2-512,hmac-sha1
2025-12-14 21:45:37: MACs: umac-64-etm@openssh.com,umac-128-etm@openssh.com,hmac-sha2-256-etm@openssh.com,hmac-sha2-512-etm@openssh.com,hmac-sha1-etm@openssh.com,umac-64@openssh.com,umac-128@openssh.com,hmac-sha2-256,hmac-sha2-512,hmac-sha1
2025-12-14 21:45:37: Server KEXes: sntrup761x25519-sha512@openssh.com,curve25519-sha256,curve25519-sha256@libssh.org,ecdh-sha2-nistp256,ecdh-sha2-nistp384,ecdh-sha2-nistp521,diffie-hellman-group-exchange-sha256,diffie-hellman-group16-sha512,diffie-hellman-group18-sha512,diffie-hellman-group14-sha256,ext-info-s,kex-strict-s-v00@openssh.com
2025-12-14 21:45:37: Server Host Keys: rsa-sha2-512,rsa-sha2-256,ecdsa-sha2-nistp256,ssh-ed25519
2025-12-14 21:45:37: Chosen Host Key: ssh-ed25519
2025-12-14 21:45:37: Ciphers: chacha20-poly1305@openssh.com,aes128-ctr,aes192-ctr,aes256-ctr,aes128-gcm@openssh.com,aes256-gcm@openssh.com
2025-12-14 21:45:37: MACs: umac-64-etm@openssh.com,umac-128-etm@openssh.com,hmac-sha2-256-etm@openssh.com,hmac-sha2-512-etm@openssh.com,hmac-sha1-etm@openssh.com,umac-64@openssh.com,umac-128@openssh.com,hmac-sha2-256,hmac-sha2-512,hmac-sha1
2025-12-14 21:45:37: Auth: start: publickey
2025-12-14 21:45:37: Auth: start: publickey
2025-12-14 21:45:37: Auth: start: publickey
2025-12-14 21:45:37: Auth: publickey: no keys available
2025-12-14 21:45:37: Auth: publickey: no keys available
2025-12-14 21:45:37: Auth: start: password
2025-12-14 21:45:37: Auth: start: password
2025-12-14 21:45:37: Auth: publickey: no keys available
2025-12-14 21:45:37: Auth: start: password
2025-12-14 21:45:38: GsConnectAndSetRoot1 connected to sftp://os3-310-44666.vs.sakura.ne.jp/home/ubuntu/VPSsync/01-WorkspaceSync/modelica-shared/CustomLib/PropulsionSystem
2025-12-14 21:45:38: GsConnectAndSetRoot1 connected to sftp://os3-310-44666.vs.sakura.ne.jp/home/ubuntu/VPSsync/01-WorkspaceSync/modelica-shared/CustomLib/PropulsionSystem
2025-12-14 21:45:38: GsConnectAndSetRoot1 connected to sftp://os3-310-44666.vs.sakura.ne.jp/home/ubuntu/VPSsync/01-WorkspaceSync/modelica-shared/CustomLib/PropulsionSystem
2025-12-14 21:45:39: Copy Over 'sftp://os3-310-44666.vs.sakura.ne.jp/home/ubuntu/VPSsync/01-WorkspaceSync/modelica-shared/CustomLib/PropulsionSystem/Elements/BasicElements/package.order' -> 'C:/Users/grabacr/VPSsync/01-WorkspaceSync/modelica-shared/CustomLib/PropulsionSystem/Elements/BasicElements/package.order' (829)
2025-12-14 21:45:39: Copy Over 'sftp://os3-310-44666.vs.sakura.ne.jp/home/ubuntu/VPSsync/01-WorkspaceSync/modelica-shared/CustomLib/PropulsionSystem/Elements/BasicElements/NozzleDesignPoint00.mo' -> 'C:/Users/grabacr/VPSsync/01-WorkspaceSync/modelica-shared/CustomLib/PropulsionSystem/Elements/BasicElements/NozzleDesignPoint00.mo' (9,502)
2025-12-14 21:45:39: Copy Over 'sftp://os3-310-44666.vs.sakura.ne.jp/home/ubuntu/VPSsync/01-WorkspaceSync/modelica-shared/CustomLib/PropulsionSystem/BaseClasses/BasicElements/NozzleBase02.mo' -> 'C:/Users/grabacr/VPSsync/01-WorkspaceSync/modelica-shared/CustomLib/PropulsionSystem/BaseClasses/BasicElements/NozzleBase02.mo' (20,020)
2025-12-14 21:45:39: Copy Over 'sftp://os3-310-44666.vs.sakura.ne.jp/home/ubuntu/VPSsync/01-WorkspaceSync/modelica-shared/CustomLib/PropulsionSystem/BaseClasses/BasicElements/package.order' -> 'C:/Users/grabacr/VPSsync/01-WorkspaceSync/modelica-shared/CustomLib/PropulsionSystem/BaseClasses/BasicElements/package.order' (741)
2025-12-14 21:45:39: Copy Over 'sftp://os3-310-44666.vs.sakura.ne.jp/home/ubuntu/VPSsync/01-WorkspaceSync/modelica-shared/CustomLib/PropulsionSystem/Examples/Elements/JetNozzles/package.order' -> 'C:/Users/grabacr/VPSsync/01-WorkspaceSync/modelica-shared/CustomLib/PropulsionSystem/Examples/Elements/JetNozzles/package.order' (25)
2025-12-14 21:45:39: Copy Over 'sftp://os3-310-44666.vs.sakura.ne.jp/home/ubuntu/VPSsync/01-WorkspaceSync/modelica-shared/CustomLib/PropulsionSystem/Examples/Elements/JetNozzles/NozzleDesignPoint00_ex00.mo' -> 'C:/Users/grabacr/VPSsync/01-WorkspaceSync/modelica-shared/CustomLib/PropulsionSystem/Examples/Elements/JetNozzles/NozzleDesignPoint00_ex00.mo' (3,316)
2025-12-14 21:45:39: Save State File C:/Users/grabacr/VPSsync/01-WorkspaceSync/modelica-shared/CustomLib/PropulsionSystem/_gsdata_/_file_state_v4._gs
2025-12-14 21:45:40: Save State File sftp://os3-310-44666.vs.sakura.ne.jp/home/ubuntu/VPSsync/01-WorkspaceSync/modelica-shared/CustomLib/PropulsionSystem/_gsdata_/_file_state_v4._gs
2025-12-14 21:46:07: == Sync Complete. Time: 00:00:31, Speed: 11.48 KB/s, OK: 6, Errors: 0
