2025-11-16 23:36:33: Server: SSH-2.0-OpenSSH_9.6p1 Ubuntu-3ubuntu13.14
2025-11-16 23:36:33: Server KEXes: sntrup761x25519-sha512@openssh.com,curve25519-sha256,curve25519-sha256@libssh.org,ecdh-sha2-nistp256,ecdh-sha2-nistp384,ecdh-sha2-nistp521,diffie-hellman-group-exchange-sha256,diffie-hellman-group16-sha512,diffie-hellman-group18-sha512,diffie-hellman-group14-sha256,ext-info-s,kex-strict-s-v00@openssh.com
2025-11-16 23:36:33: Server Host Keys: rsa-sha2-512,rsa-sha2-256,ecdsa-sha2-nistp256,ssh-ed25519
2025-11-16 23:36:33: Chosen Host Key: ssh-ed25519
2025-11-16 23:36:33: Ciphers: chacha20-poly1305@openssh.com,aes128-ctr,aes192-ctr,aes256-ctr,aes128-gcm@openssh.com,aes256-gcm@openssh.com
2025-11-16 23:36:33: MACs: umac-64-etm@openssh.com,umac-128-etm@openssh.com,hmac-sha2-256-etm@openssh.com,hmac-sha2-512-etm@openssh.com,hmac-sha1-etm@openssh.com,umac-64@openssh.com,umac-128@openssh.com,hmac-sha2-256,hmac-sha2-512,hmac-sha1
2025-11-16 23:36:33: Auth: start: publickey
2025-11-16 23:36:33: Auth: publickey: no keys available
2025-11-16 23:36:33: Auth: start: password
2025-11-16 23:36:34: -- Analysis Started by On File Change, After Delay
2025-11-16 23:36:34: L: State File has changed, so re-read it: C:/Users/grabacr/VPSsync/01-WorkspaceSync/modelica-shared/CustomLib/PropulsionSystem/_gsdata_/_file_state_v4._gs
2025-11-16 23:36:34: L: Reading State File C:/Users/grabacr/VPSsync/01-WorkspaceSync/modelica-shared/CustomLib/PropulsionSystem/_gsdata_/_file_state_v4._gs
2025-11-16 23:36:35: R: State File has changed, so re-read it: sftp://os3-310-44666.vs.sakura.ne.jp/home/ubuntu/VPSsync/01-WorkspaceSync/modelica-shared/CustomLib/PropulsionSystem/_gsdata_/_file_state_v4._gs
2025-11-16 23:36:35: R: Reading State File sftp://os3-310-44666.vs.sakura.ne.jp/home/ubuntu/VPSsync/01-WorkspaceSync/modelica-shared/CustomLib/PropulsionSystem/_gsdata_/_file_state_v4._gs
2025-11-16 23:36:35: Changes: 120, Conflicts: 0, CopyTime: 0, FixState: 0, Errors: 0, All: 2900
2025-11-16 23:36:35: Left to Right: Copy File: 120 
2025-11-16 23:36:35: == Sync Started by On File Change, After Delay
2025-11-16 23:36:35: ConnectCloned connected to file:///~grabacr/VPSsync/01-WorkspaceSync/modelica-shared/CustomLib/PropulsionSystem
2025-11-16 23:36:35: ConnectCloned connected to file:///~grabacr/VPSsync/01-WorkspaceSync/modelica-shared/CustomLib/PropulsionSystem
2025-11-16 23:36:35: ConnectCloned connected to file:///~grabacr/VPSsync/01-WorkspaceSync/modelica-shared/CustomLib/PropulsionSystem
2025-11-16 23:36:35: Server: SSH-2.0-OpenSSH_9.6p1 Ubuntu-3ubuntu13.14
2025-11-16 23:36:35: Server: SSH-2.0-OpenSSH_9.6p1 Ubuntu-3ubuntu13.14
2025-11-16 23:36:35: Server: SSH-2.0-OpenSSH_9.6p1 Ubuntu-3ubuntu13.14
2025-11-16 23:36:35: Server KEXes: sntrup761x25519-sha512@openssh.com,curve25519-sha256,curve25519-sha256@libssh.org,ecdh-sha2-nistp256,ecdh-sha2-nistp384,ecdh-sha2-nistp521,diffie-hellman-group-exchange-sha256,diffie-hellman-group16-sha512,diffie-hellman-group18-sha512,diffie-hellman-group14-sha256,ext-info-s,kex-strict-s-v00@openssh.com
2025-11-16 23:36:35: Server Host Keys: rsa-sha2-512,rsa-sha2-256,ecdsa-sha2-nistp256,ssh-ed25519
2025-11-16 23:36:35: Chosen Host Key: ssh-ed25519
2025-11-16 23:36:35: Ciphers: chacha20-poly1305@openssh.com,aes128-ctr,aes192-ctr,aes256-ctr,aes128-gcm@openssh.com,aes256-gcm@openssh.com
2025-11-16 23:36:35: MACs: umac-64-etm@openssh.com,umac-128-etm@openssh.com,hmac-sha2-256-etm@openssh.com,hmac-sha2-512-etm@openssh.com,hmac-sha1-etm@openssh.com,umac-64@openssh.com,umac-128@openssh.com,hmac-sha2-256,hmac-sha2-512,hmac-sha1
2025-11-16 23:36:35: Server KEXes: sntrup761x25519-sha512@openssh.com,curve25519-sha256,curve25519-sha256@libssh.org,ecdh-sha2-nistp256,ecdh-sha2-nistp384,ecdh-sha2-nistp521,diffie-hellman-group-exchange-sha256,diffie-hellman-group16-sha512,diffie-hellman-group18-sha512,diffie-hellman-group14-sha256,ext-info-s,kex-strict-s-v00@openssh.com
2025-11-16 23:36:35: Server Host Keys: rsa-sha2-512,rsa-sha2-256,ecdsa-sha2-nistp256,ssh-ed25519
2025-11-16 23:36:35: Chosen Host Key: ssh-ed25519
2025-11-16 23:36:35: Ciphers: chacha20-poly1305@openssh.com,aes128-ctr,aes192-ctr,aes256-ctr,aes128-gcm@openssh.com,aes256-gcm@openssh.com
2025-11-16 23:36:35: MACs: umac-64-etm@openssh.com,umac-128-etm@openssh.com,hmac-sha2-256-etm@openssh.com,hmac-sha2-512-etm@openssh.com,hmac-sha1-etm@openssh.com,umac-64@openssh.com,umac-128@openssh.com,hmac-sha2-256,hmac-sha2-512,hmac-sha1
2025-11-16 23:36:35: Server KEXes: sntrup761x25519-sha512@openssh.com,curve25519-sha256,curve25519-sha256@libssh.org,ecdh-sha2-nistp256,ecdh-sha2-nistp384,ecdh-sha2-nistp521,diffie-hellman-group-exchange-sha256,diffie-hellman-group16-sha512,diffie-hellman-group18-sha512,diffie-hellman-group14-sha256,ext-info-s,kex-strict-s-v00@openssh.com
2025-11-16 23:36:35: Server Host Keys: rsa-sha2-512,rsa-sha2-256,ecdsa-sha2-nistp256,ssh-ed25519
2025-11-16 23:36:35: Chosen Host Key: ssh-ed25519
2025-11-16 23:36:35: Ciphers: chacha20-poly1305@openssh.com,aes128-ctr,aes192-ctr,aes256-ctr,aes128-gcm@openssh.com,aes256-gcm@openssh.com
2025-11-16 23:36:35: MACs: umac-64-etm@openssh.com,umac-128-etm@openssh.com,hmac-sha2-256-etm@openssh.com,hmac-sha2-512-etm@openssh.com,hmac-sha1-etm@openssh.com,umac-64@openssh.com,umac-128@openssh.com,hmac-sha2-256,hmac-sha2-512,hmac-sha1
2025-11-16 23:36:35: Auth: start: publickey
2025-11-16 23:36:35: Auth: start: publickey
2025-11-16 23:36:35: Auth: publickey: no keys available
2025-11-16 23:36:35: Auth: start: password
2025-11-16 23:36:35: Auth: publickey: no keys available
2025-11-16 23:36:35: Auth: start: password
2025-11-16 23:36:35: Auth: start: publickey
2025-11-16 23:36:35: Auth: publickey: no keys available
2025-11-16 23:36:35: Auth: start: password
2025-11-16 23:36:36: GsConnectAndSetRoot1 connected to sftp://os3-310-44666.vs.sakura.ne.jp/home/ubuntu/VPSsync/01-WorkspaceSync/modelica-shared/CustomLib/PropulsionSystem
2025-11-16 23:36:36: GsConnectAndSetRoot1 connected to sftp://os3-310-44666.vs.sakura.ne.jp/home/ubuntu/VPSsync/01-WorkspaceSync/modelica-shared/CustomLib/PropulsionSystem
2025-11-16 23:36:36: GsConnectAndSetRoot1 connected to sftp://os3-310-44666.vs.sakura.ne.jp/home/ubuntu/VPSsync/01-WorkspaceSync/modelica-shared/CustomLib/PropulsionSystem
2025-11-16 23:36:37: Copy Over 'C:/Users/grabacr/VPSsync/01-WorkspaceSync/modelica-shared/CustomLib/PropulsionSystem/.git/COMMIT_EDITMSG' -> 'sftp://os3-310-44666.vs.sakura.ne.jp/home/ubuntu/VPSsync/01-WorkspaceSync/modelica-shared/CustomLib/PropulsionSystem/.git/COMMIT_EDITMSG' (11)
2025-11-16 23:36:37: Copy Over 'C:/Users/grabacr/VPSsync/01-WorkspaceSync/modelica-shared/CustomLib/PropulsionSystem/.git/FETCH_HEAD' -> 'sftp://os3-310-44666.vs.sakura.ne.jp/home/ubuntu/VPSsync/01-WorkspaceSync/modelica-shared/CustomLib/PropulsionSystem/.git/FETCH_HEAD' (0)
2025-11-16 23:36:37: Copy Over 'C:/Users/grabacr/VPSsync/01-WorkspaceSync/modelica-shared/CustomLib/PropulsionSystem/.git/index' -> 'sftp://os3-310-44666.vs.sakura.ne.jp/home/ubuntu/VPSsync/01-WorkspaceSync/modelica-shared/CustomLib/PropulsionSystem/.git/index' (221,895)
2025-11-16 23:36:37: Copy New 'C:/Users/grabacr/VPSsync/01-WorkspaceSync/modelica-shared/CustomLib/PropulsionSystem/.git/objects/00/5851a1b38045b5fd66c318fb91e3a0d952ad4e' -> 'sftp://os3-310-44666.vs.sakura.ne.jp/home/ubuntu/VPSsync/01-WorkspaceSync/modelica-shared/CustomLib/PropulsionSystem/.git/objects/00/5851a1b38045b5fd66c318fb91e3a0d952ad4e' (1,055)
2025-11-16 23:36:37: Copy New 'C:/Users/grabacr/VPSsync/01-WorkspaceSync/modelica-shared/CustomLib/PropulsionSystem/.git/objects/03/c9b8627d802fd3ce7ab60ec33e033207114bba' -> 'sftp://os3-310-44666.vs.sakura.ne.jp/home/ubuntu/VPSsync/01-WorkspaceSync/modelica-shared/CustomLib/PropulsionSystem/.git/objects/03/c9b8627d802fd3ce7ab60ec33e033207114bba' (1,106)
2025-11-16 23:36:37: Copy Over 'C:/Users/grabacr/VPSsync/01-WorkspaceSync/modelica-shared/CustomLib/PropulsionSystem/.git/objects/01/d3704e06175dd2f07b83067157153c63ff0487' -> 'sftp://os3-310-44666.vs.sakura.ne.jp/home/ubuntu/VPSsync/01-WorkspaceSync/modelica-shared/CustomLib/PropulsionSystem/.git/objects/01/d3704e06175dd2f07b83067157153c63ff0487' (52)
2025-11-16 23:36:37: Copy New 'C:/Users/grabacr/VPSsync/01-WorkspaceSync/modelica-shared/CustomLib/PropulsionSystem/.git/objects/05/585c0fcead239a8717a085b58f90abe9343ab1' -> 'sftp://os3-310-44666.vs.sakura.ne.jp/home/ubuntu/VPSsync/01-WorkspaceSync/modelica-shared/CustomLib/PropulsionSystem/.git/objects/05/585c0fcead239a8717a085b58f90abe9343ab1' (779)
2025-11-16 23:36:37: Copy New 'C:/Users/grabacr/VPSsync/01-WorkspaceSync/modelica-shared/CustomLib/PropulsionSystem/.git/objects/0d/9f559901858f387dd186628242e99c4ec01475' -> 'sftp://os3-310-44666.vs.sakura.ne.jp/home/ubuntu/VPSsync/01-WorkspaceSync/modelica-shared/CustomLib/PropulsionSystem/.git/objects/0d/9f559901858f387dd186628242e99c4ec01475' (838)
2025-11-16 23:36:38: Copy Over 'C:/Users/grabacr/VPSsync/01-WorkspaceSync/modelica-shared/CustomLib/PropulsionSystem/.git/objects/0c/dba0199ff19b7f4ccdd764c6e63c046ec6ddc4' -> 'sftp://os3-310-44666.vs.sakura.ne.jp/home/ubuntu/VPSsync/01-WorkspaceSync/modelica-shared/CustomLib/PropulsionSystem/.git/objects/0c/dba0199ff19b7f4ccdd764c6e63c046ec6ddc4' (568)
2025-11-16 23:36:38: Copy New 'C:/Users/grabacr/VPSsync/01-WorkspaceSync/modelica-shared/CustomLib/PropulsionSystem/.git/objects/10/dd4feaafbafbc31770758f371dbe990e8c90de' -> 'sftp://os3-310-44666.vs.sakura.ne.jp/home/ubuntu/VPSsync/01-WorkspaceSync/modelica-shared/CustomLib/PropulsionSystem/.git/objects/10/dd4feaafbafbc31770758f371dbe990e8c90de' (435)
2025-11-16 23:36:38: Copy New 'C:/Users/grabacr/VPSsync/01-WorkspaceSync/modelica-shared/CustomLib/PropulsionSystem/.git/objects/14/214f373b70b9562c2aca1b4927b7f033eba180' -> 'sftp://os3-310-44666.vs.sakura.ne.jp/home/ubuntu/VPSsync/01-WorkspaceSync/modelica-shared/CustomLib/PropulsionSystem/.git/objects/14/214f373b70b9562c2aca1b4927b7f033eba180' (111)
2025-11-16 23:36:38: Copy New 'C:/Users/grabacr/VPSsync/01-WorkspaceSync/modelica-shared/CustomLib/PropulsionSystem/.git/objects/11/06ab6f8998998da12565996a44d003685db179' -> 'sftp://os3-310-44666.vs.sakura.ne.jp/home/ubuntu/VPSsync/01-WorkspaceSync/modelica-shared/CustomLib/PropulsionSystem/.git/objects/11/06ab6f8998998da12565996a44d003685db179' (840)
2025-11-16 23:36:38: Copy New 'C:/Users/grabacr/VPSsync/01-WorkspaceSync/modelica-shared/CustomLib/PropulsionSystem/.git/objects/16/0ae40612dc9b5e6dc6cf8999901267973b92e6' -> 'sftp://os3-310-44666.vs.sakura.ne.jp/home/ubuntu/VPSsync/01-WorkspaceSync/modelica-shared/CustomLib/PropulsionSystem/.git/objects/16/0ae40612dc9b5e6dc6cf8999901267973b92e6' (103)
2025-11-16 23:36:38: Copy New 'C:/Users/grabacr/VPSsync/01-WorkspaceSync/modelica-shared/CustomLib/PropulsionSystem/.git/objects/19/0efb7b9ec54b3ddab70e2c1bec8899f37fa9dd' -> 'sftp://os3-310-44666.vs.sakura.ne.jp/home/ubuntu/VPSsync/01-WorkspaceSync/modelica-shared/CustomLib/PropulsionSystem/.git/objects/19/0efb7b9ec54b3ddab70e2c1bec8899f37fa9dd' (651)
2025-11-16 23:36:38: Copy Over 'C:/Users/grabacr/VPSsync/01-WorkspaceSync/modelica-shared/CustomLib/PropulsionSystem/.git/objects/17/6a9880a30bcc467527b36d127ed0abae27a124' -> 'sftp://os3-310-44666.vs.sakura.ne.jp/home/ubuntu/VPSsync/01-WorkspaceSync/modelica-shared/CustomLib/PropulsionSystem/.git/objects/17/6a9880a30bcc467527b36d127ed0abae27a124' (791)
2025-11-16 23:36:38: Copy Over 'C:/Users/grabacr/VPSsync/01-WorkspaceSync/modelica-shared/CustomLib/PropulsionSystem/.git/objects/22/bf20c0dc7436abca791b6a48b65260871202a4' -> 'sftp://os3-310-44666.vs.sakura.ne.jp/home/ubuntu/VPSsync/01-WorkspaceSync/modelica-shared/CustomLib/PropulsionSystem/.git/objects/22/bf20c0dc7436abca791b6a48b65260871202a4' (336)
2025-11-16 23:36:38: Copy New 'C:/Users/grabacr/VPSsync/01-WorkspaceSync/modelica-shared/CustomLib/PropulsionSystem/.git/objects/26/cae4f9546941dc852419b3e607c0810ee99d39' -> 'sftp://os3-310-44666.vs.sakura.ne.jp/home/ubuntu/VPSsync/01-WorkspaceSync/modelica-shared/CustomLib/PropulsionSystem/.git/objects/26/cae4f9546941dc852419b3e607c0810ee99d39' (835)
2025-11-16 23:36:38: Copy New 'C:/Users/grabacr/VPSsync/01-WorkspaceSync/modelica-shared/CustomLib/PropulsionSystem/.git/objects/28/3c13d6db37079d557b400535ae501a101ce7f1' -> 'sftp://os3-310-44666.vs.sakura.ne.jp/home/ubuntu/VPSsync/01-WorkspaceSync/modelica-shared/CustomLib/PropulsionSystem/.git/objects/28/3c13d6db37079d557b400535ae501a101ce7f1' (676)
2025-11-16 23:36:38: Copy New 'C:/Users/grabacr/VPSsync/01-WorkspaceSync/modelica-shared/CustomLib/PropulsionSystem/.git/objects/37/49ff84b5646deaf1d4de079802d37fcfef4997' -> 'sftp://os3-310-44666.vs.sakura.ne.jp/home/ubuntu/VPSsync/01-WorkspaceSync/modelica-shared/CustomLib/PropulsionSystem/.git/objects/37/49ff84b5646deaf1d4de079802d37fcfef4997' (1,081)
2025-11-16 23:36:38: Copy Over 'C:/Users/grabacr/VPSsync/01-WorkspaceSync/modelica-shared/CustomLib/PropulsionSystem/.git/objects/2e/afac63d1bb2081f89616c79b6a9030f1aae35d' -> 'sftp://os3-310-44666.vs.sakura.ne.jp/home/ubuntu/VPSsync/01-WorkspaceSync/modelica-shared/CustomLib/PropulsionSystem/.git/objects/2e/afac63d1bb2081f89616c79b6a9030f1aae35d' (260)
2025-11-16 23:36:38: Copy Over 'C:/Users/grabacr/VPSsync/01-WorkspaceSync/modelica-shared/CustomLib/PropulsionSystem/.git/objects/31/025d06f2dfa65c596b67c329858d685196968f' -> 'sftp://os3-310-44666.vs.sakura.ne.jp/home/ubuntu/VPSsync/01-WorkspaceSync/modelica-shared/CustomLib/PropulsionSystem/.git/objects/31/025d06f2dfa65c596b67c329858d685196968f' (213)
2025-11-16 23:36:39: Copy Over 'C:/Users/grabacr/VPSsync/01-WorkspaceSync/modelica-shared/CustomLib/PropulsionSystem/.git/objects/31/54fbcac0884606491daeac4c1372d6f08ad8f3' -> 'sftp://os3-310-44666.vs.sakura.ne.jp/home/ubuntu/VPSsync/01-WorkspaceSync/modelica-shared/CustomLib/PropulsionSystem/.git/objects/31/54fbcac0884606491daeac4c1372d6f08ad8f3' (66)
2025-11-16 23:36:39: Copy New 'C:/Users/grabacr/VPSsync/01-WorkspaceSync/modelica-shared/CustomLib/PropulsionSystem/.git/objects/3a/9ed45cb5d07587f55398847a34db3d8aea055a' -> 'sftp://os3-310-44666.vs.sakura.ne.jp/home/ubuntu/VPSsync/01-WorkspaceSync/modelica-shared/CustomLib/PropulsionSystem/.git/objects/3a/9ed45cb5d07587f55398847a34db3d8aea055a' (176)
2025-11-16 23:36:39: Copy New 'C:/Users/grabacr/VPSsync/01-WorkspaceSync/modelica-shared/CustomLib/PropulsionSystem/.git/objects/3c/91d572eaf24550b8f47f552d1cbc0a984001fe' -> 'sftp://os3-310-44666.vs.sakura.ne.jp/home/ubuntu/VPSsync/01-WorkspaceSync/modelica-shared/CustomLib/PropulsionSystem/.git/objects/3c/91d572eaf24550b8f47f552d1cbc0a984001fe' (1,147)
2025-11-16 23:36:39: Copy New 'C:/Users/grabacr/VPSsync/01-WorkspaceSync/modelica-shared/CustomLib/PropulsionSystem/.git/objects/3e/4a34bc963db32ee234d4e1993fdfac88266583' -> 'sftp://os3-310-44666.vs.sakura.ne.jp/home/ubuntu/VPSsync/01-WorkspaceSync/modelica-shared/CustomLib/PropulsionSystem/.git/objects/3e/4a34bc963db32ee234d4e1993fdfac88266583' (535)
2025-11-16 23:36:39: Copy New 'C:/Users/grabacr/VPSsync/01-WorkspaceSync/modelica-shared/CustomLib/PropulsionSystem/.git/objects/40/6023b7603bd7374b7c1a5a44bf9f8ef2ce7080' -> 'sftp://os3-310-44666.vs.sakura.ne.jp/home/ubuntu/VPSsync/01-WorkspaceSync/modelica-shared/CustomLib/PropulsionSystem/.git/objects/40/6023b7603bd7374b7c1a5a44bf9f8ef2ce7080' (835)
2025-11-16 23:36:39: Copy New 'C:/Users/grabacr/VPSsync/01-WorkspaceSync/modelica-shared/CustomLib/PropulsionSystem/.git/objects/44/522d04bc64f09e201bfa1e64582214b9ca996c' -> 'sftp://os3-310-44666.vs.sakura.ne.jp/home/ubuntu/VPSsync/01-WorkspaceSync/modelica-shared/CustomLib/PropulsionSystem/.git/objects/44/522d04bc64f09e201bfa1e64582214b9ca996c' (266)
2025-11-16 23:36:39: Create Folder sftp://os3-310-44666.vs.sakura.ne.jp/home/ubuntu/VPSsync/01-WorkspaceSync/modelica-shared/CustomLib/PropulsionSystem/.git/objects/4a
2025-11-16 23:36:39: Copy New 'C:/Users/grabacr/VPSsync/01-WorkspaceSync/modelica-shared/CustomLib/PropulsionSystem/.git/objects/47/fc1c57b7dacbdc620b0b700a57f88514c23817' -> 'sftp://os3-310-44666.vs.sakura.ne.jp/home/ubuntu/VPSsync/01-WorkspaceSync/modelica-shared/CustomLib/PropulsionSystem/.git/objects/47/fc1c57b7dacbdc620b0b700a57f88514c23817' (1,093)
2025-11-16 23:36:39: Copy Over 'C:/Users/grabacr/VPSsync/01-WorkspaceSync/modelica-shared/CustomLib/PropulsionSystem/.git/objects/46/be851fc0ceb4f5ccaca177231bff0ebb9f71c2' -> 'sftp://os3-310-44666.vs.sakura.ne.jp/home/ubuntu/VPSsync/01-WorkspaceSync/modelica-shared/CustomLib/PropulsionSystem/.git/objects/46/be851fc0ceb4f5ccaca177231bff0ebb9f71c2' (195)
2025-11-16 23:36:39: Copy New 'C:/Users/grabacr/VPSsync/01-WorkspaceSync/modelica-shared/CustomLib/PropulsionSystem/.git/objects/4a/8f2ca44d38441838351c6b5ec9a5c977528152' -> 'sftp://os3-310-44666.vs.sakura.ne.jp/home/ubuntu/VPSsync/01-WorkspaceSync/modelica-shared/CustomLib/PropulsionSystem/.git/objects/4a/8f2ca44d38441838351c6b5ec9a5c977528152' (674)
2025-11-16 23:36:39: Copy New 'C:/Users/grabacr/VPSsync/01-WorkspaceSync/modelica-shared/CustomLib/PropulsionSystem/.git/objects/4b/bdfd05000636cd6d698b6a8a6687ebea649e2c' -> 'sftp://os3-310-44666.vs.sakura.ne.jp/home/ubuntu/VPSsync/01-WorkspaceSync/modelica-shared/CustomLib/PropulsionSystem/.git/objects/4b/bdfd05000636cd6d698b6a8a6687ebea649e2c' (181)
2025-11-16 23:36:39: Copy Over 'C:/Users/grabacr/VPSsync/01-WorkspaceSync/modelica-shared/CustomLib/PropulsionSystem/.git/objects/4b/92cc5ded11ae4ebb73f277ea28e47407641796' -> 'sftp://os3-310-44666.vs.sakura.ne.jp/home/ubuntu/VPSsync/01-WorkspaceSync/modelica-shared/CustomLib/PropulsionSystem/.git/objects/4b/92cc5ded11ae4ebb73f277ea28e47407641796' (137)
2025-11-16 23:36:39: Copy Over 'C:/Users/grabacr/VPSsync/01-WorkspaceSync/modelica-shared/CustomLib/PropulsionSystem/.git/objects/50/b21cea644c40831bc7dcf73de0f5486530e68d' -> 'sftp://os3-310-44666.vs.sakura.ne.jp/home/ubuntu/VPSsync/01-WorkspaceSync/modelica-shared/CustomLib/PropulsionSystem/.git/objects/50/b21cea644c40831bc7dcf73de0f5486530e68d' (1,114)
2025-11-16 23:36:39: Copy New 'C:/Users/grabacr/VPSsync/01-WorkspaceSync/modelica-shared/CustomLib/PropulsionSystem/.git/objects/51/185c823c66f22899050d0c007ae9ea61d20b07' -> 'sftp://os3-310-44666.vs.sakura.ne.jp/home/ubuntu/VPSsync/01-WorkspaceSync/modelica-shared/CustomLib/PropulsionSystem/.git/objects/51/185c823c66f22899050d0c007ae9ea61d20b07' (188)
2025-11-16 23:36:40: Copy Over 'C:/Users/grabacr/VPSsync/01-WorkspaceSync/modelica-shared/CustomLib/PropulsionSystem/.git/objects/53/e88c2e05d016244bc26fc2a1ed3e8a6392792a' -> 'sftp://os3-310-44666.vs.sakura.ne.jp/home/ubuntu/VPSsync/01-WorkspaceSync/modelica-shared/CustomLib/PropulsionSystem/.git/objects/53/e88c2e05d016244bc26fc2a1ed3e8a6392792a' (1,457)
2025-11-16 23:36:40: Copy Over 'C:/Users/grabacr/VPSsync/01-WorkspaceSync/modelica-shared/CustomLib/PropulsionSystem/.git/objects/58/63120ebb1bce173b08a99c99cbba589193254c' -> 'sftp://os3-310-44666.vs.sakura.ne.jp/home/ubuntu/VPSsync/01-WorkspaceSync/modelica-shared/CustomLib/PropulsionSystem/.git/objects/58/63120ebb1bce173b08a99c99cbba589193254c' (54)
2025-11-16 23:36:40: Copy Over 'C:/Users/grabacr/VPSsync/01-WorkspaceSync/modelica-shared/CustomLib/PropulsionSystem/.git/objects/5a/d144511abbeec46ede1b426c1dac27b2cb1150' -> 'sftp://os3-310-44666.vs.sakura.ne.jp/home/ubuntu/VPSsync/01-WorkspaceSync/modelica-shared/CustomLib/PropulsionSystem/.git/objects/5a/d144511abbeec46ede1b426c1dac27b2cb1150' (497)
2025-11-16 23:36:40: Copy Over 'C:/Users/grabacr/VPSsync/01-WorkspaceSync/modelica-shared/CustomLib/PropulsionSystem/.git/objects/5e/9f7df3d04f04dae085baac39d3661ae06d873b' -> 'sftp://os3-310-44666.vs.sakura.ne.jp/home/ubuntu/VPSsync/01-WorkspaceSync/modelica-shared/CustomLib/PropulsionSystem/.git/objects/5e/9f7df3d04f04dae085baac39d3661ae06d873b' (125)
2025-11-16 23:36:40: Copy New 'C:/Users/grabacr/VPSsync/01-WorkspaceSync/modelica-shared/CustomLib/PropulsionSystem/.git/objects/61/1e3da98039f82fa5fa8b37a1ecd18a3e9a695e' -> 'sftp://os3-310-44666.vs.sakura.ne.jp/home/ubuntu/VPSsync/01-WorkspaceSync/modelica-shared/CustomLib/PropulsionSystem/.git/objects/61/1e3da98039f82fa5fa8b37a1ecd18a3e9a695e' (781)
2025-11-16 23:36:40: Copy New 'C:/Users/grabacr/VPSsync/01-WorkspaceSync/modelica-shared/CustomLib/PropulsionSystem/.git/objects/64/b405b7aaf160d8771e67d2723ab0e69b3be667' -> 'sftp://os3-310-44666.vs.sakura.ne.jp/home/ubuntu/VPSsync/01-WorkspaceSync/modelica-shared/CustomLib/PropulsionSystem/.git/objects/64/b405b7aaf160d8771e67d2723ab0e69b3be667' (185)
2025-11-16 23:36:40: Copy Over 'C:/Users/grabacr/VPSsync/01-WorkspaceSync/modelica-shared/CustomLib/PropulsionSystem/.git/objects/63/5aa16ea93e03656c447fc46d7bb4b2a23c99d3' -> 'sftp://os3-310-44666.vs.sakura.ne.jp/home/ubuntu/VPSsync/01-WorkspaceSync/modelica-shared/CustomLib/PropulsionSystem/.git/objects/63/5aa16ea93e03656c447fc46d7bb4b2a23c99d3' (1,485)
2025-11-16 23:36:40: Copy Over 'C:/Users/grabacr/VPSsync/01-WorkspaceSync/modelica-shared/CustomLib/PropulsionSystem/.git/objects/63/f58275deb734291463b185e6885c341341b24c' -> 'sftp://os3-310-44666.vs.sakura.ne.jp/home/ubuntu/VPSsync/01-WorkspaceSync/modelica-shared/CustomLib/PropulsionSystem/.git/objects/63/f58275deb734291463b185e6885c341341b24c' (283)
2025-11-16 23:36:40: Create Folder sftp://os3-310-44666.vs.sakura.ne.jp/home/ubuntu/VPSsync/01-WorkspaceSync/modelica-shared/CustomLib/PropulsionSystem/.git/objects/7a
2025-11-16 23:36:40: Copy New 'C:/Users/grabacr/VPSsync/01-WorkspaceSync/modelica-shared/CustomLib/PropulsionSystem/.git/objects/66/f147bdaf78839680f198fa623559a0bbc3e70a' -> 'sftp://os3-310-44666.vs.sakura.ne.jp/home/ubuntu/VPSsync/01-WorkspaceSync/modelica-shared/CustomLib/PropulsionSystem/.git/objects/66/f147bdaf78839680f198fa623559a0bbc3e70a' (666)
2025-11-16 23:36:40: Copy New 'C:/Users/grabacr/VPSsync/01-WorkspaceSync/modelica-shared/CustomLib/PropulsionSystem/.git/objects/71/fd8f3ec6b4b614188e609613f6db8d39083db3' -> 'sftp://os3-310-44666.vs.sakura.ne.jp/home/ubuntu/VPSsync/01-WorkspaceSync/modelica-shared/CustomLib/PropulsionSystem/.git/objects/71/fd8f3ec6b4b614188e609613f6db8d39083db3' (115)
2025-11-16 23:36:40: Copy Over 'C:/Users/grabacr/VPSsync/01-WorkspaceSync/modelica-shared/CustomLib/PropulsionSystem/.git/objects/6c/7beca93ca1b7f43f0c421a4e17eacc5119dbe8' -> 'sftp://os3-310-44666.vs.sakura.ne.jp/home/ubuntu/VPSsync/01-WorkspaceSync/modelica-shared/CustomLib/PropulsionSystem/.git/objects/6c/7beca93ca1b7f43f0c421a4e17eacc5119dbe8' (135)
2025-11-16 23:36:40: Copy New 'C:/Users/grabacr/VPSsync/01-WorkspaceSync/modelica-shared/CustomLib/PropulsionSystem/.git/objects/7a/52912397e9f650e7bda1128db2e89ed5d3f027' -> 'sftp://os3-310-44666.vs.sakura.ne.jp/home/ubuntu/VPSsync/01-WorkspaceSync/modelica-shared/CustomLib/PropulsionSystem/.git/objects/7a/52912397e9f650e7bda1128db2e89ed5d3f027' (535)
2025-11-16 23:36:41: Copy Over 'C:/Users/grabacr/VPSsync/01-WorkspaceSync/modelica-shared/CustomLib/PropulsionSystem/.git/objects/7d/8055dac1db17893fcbab45ff051879dde7b0a7' -> 'sftp://os3-310-44666.vs.sakura.ne.jp/home/ubuntu/VPSsync/01-WorkspaceSync/modelica-shared/CustomLib/PropulsionSystem/.git/objects/7d/8055dac1db17893fcbab45ff051879dde7b0a7' (583)
2025-11-16 23:36:41: Copy Over 'C:/Users/grabacr/VPSsync/01-WorkspaceSync/modelica-shared/CustomLib/PropulsionSystem/.git/objects/84/54a0107d75246557067756949a83ca0c2b052d' -> 'sftp://os3-310-44666.vs.sakura.ne.jp/home/ubuntu/VPSsync/01-WorkspaceSync/modelica-shared/CustomLib/PropulsionSystem/.git/objects/84/54a0107d75246557067756949a83ca0c2b052d' (575)
2025-11-16 23:36:41: Create Folder sftp://os3-310-44666.vs.sakura.ne.jp/home/ubuntu/VPSsync/01-WorkspaceSync/modelica-shared/CustomLib/PropulsionSystem/.git/objects/8e
2025-11-16 23:36:41: Copy Over 'C:/Users/grabacr/VPSsync/01-WorkspaceSync/modelica-shared/CustomLib/PropulsionSystem/.git/objects/85/d6a93beb3b978d4a228f7f57b89c7f38dea241' -> 'sftp://os3-310-44666.vs.sakura.ne.jp/home/ubuntu/VPSsync/01-WorkspaceSync/modelica-shared/CustomLib/PropulsionSystem/.git/objects/85/d6a93beb3b978d4a228f7f57b89c7f38dea241' (42)
2025-11-16 23:36:41: Copy New 'C:/Users/grabacr/VPSsync/01-WorkspaceSync/modelica-shared/CustomLib/PropulsionSystem/.git/objects/88/355545aac586cdbdafeb74f2415d01cce1e365' -> 'sftp://os3-310-44666.vs.sakura.ne.jp/home/ubuntu/VPSsync/01-WorkspaceSync/modelica-shared/CustomLib/PropulsionSystem/.git/objects/88/355545aac586cdbdafeb74f2415d01cce1e365' (223)
2025-11-16 23:36:41: Create Folder sftp://os3-310-44666.vs.sakura.ne.jp/home/ubuntu/VPSsync/01-WorkspaceSync/modelica-shared/CustomLib/PropulsionSystem/.git/objects/91
2025-11-16 23:36:41: Copy New 'C:/Users/grabacr/VPSsync/01-WorkspaceSync/modelica-shared/CustomLib/PropulsionSystem/.git/objects/8c/381a7ec57a149d23fa054794f8f7e05e6e5d9f' -> 'sftp://os3-310-44666.vs.sakura.ne.jp/home/ubuntu/VPSsync/01-WorkspaceSync/modelica-shared/CustomLib/PropulsionSystem/.git/objects/8c/381a7ec57a149d23fa054794f8f7e05e6e5d9f' (476)
2025-11-16 23:36:41: Copy New 'C:/Users/grabacr/VPSsync/01-WorkspaceSync/modelica-shared/CustomLib/PropulsionSystem/.git/objects/8e/4d94947fb9f6fcdc10a0b5a6ac4669489b8862' -> 'sftp://os3-310-44666.vs.sakura.ne.jp/home/ubuntu/VPSsync/01-WorkspaceSync/modelica-shared/CustomLib/PropulsionSystem/.git/objects/8e/4d94947fb9f6fcdc10a0b5a6ac4669489b8862' (172)
2025-11-16 23:36:41: Copy New 'C:/Users/grabacr/VPSsync/01-WorkspaceSync/modelica-shared/CustomLib/PropulsionSystem/.git/objects/90/4fcf2b14dfcc1c5cef6c9fa9656d5337ff3a67' -> 'sftp://os3-310-44666.vs.sakura.ne.jp/home/ubuntu/VPSsync/01-WorkspaceSync/modelica-shared/CustomLib/PropulsionSystem/.git/objects/90/4fcf2b14dfcc1c5cef6c9fa9656d5337ff3a67' (1,112)
2025-11-16 23:36:41: Create Folder sftp://os3-310-44666.vs.sakura.ne.jp/home/ubuntu/VPSsync/01-WorkspaceSync/modelica-shared/CustomLib/PropulsionSystem/.git/objects/97
2025-11-16 23:36:41: Copy New 'C:/Users/grabacr/VPSsync/01-WorkspaceSync/modelica-shared/CustomLib/PropulsionSystem/.git/objects/91/7be334e300446d75a3557fd22095b8e5e19613' -> 'sftp://os3-310-44666.vs.sakura.ne.jp/home/ubuntu/VPSsync/01-WorkspaceSync/modelica-shared/CustomLib/PropulsionSystem/.git/objects/91/7be334e300446d75a3557fd22095b8e5e19613' (835)
2025-11-16 23:36:41: Copy New 'C:/Users/grabacr/VPSsync/01-WorkspaceSync/modelica-shared/CustomLib/PropulsionSystem/.git/objects/93/95353938fa49b26282f1f95ea1f2175a60a007' -> 'sftp://os3-310-44666.vs.sakura.ne.jp/home/ubuntu/VPSsync/01-WorkspaceSync/modelica-shared/CustomLib/PropulsionSystem/.git/objects/93/95353938fa49b26282f1f95ea1f2175a60a007' (1,315)
2025-11-16 23:36:41: Copy New 'C:/Users/grabacr/VPSsync/01-WorkspaceSync/modelica-shared/CustomLib/PropulsionSystem/.git/objects/97/0ea643c389f76fcbdd12391cd707d4bf1cc6ff' -> 'sftp://os3-310-44666.vs.sakura.ne.jp/home/ubuntu/VPSsync/01-WorkspaceSync/modelica-shared/CustomLib/PropulsionSystem/.git/objects/97/0ea643c389f76fcbdd12391cd707d4bf1cc6ff' (1,202)
2025-11-16 23:36:41: Copy New 'C:/Users/grabacr/VPSsync/01-WorkspaceSync/modelica-shared/CustomLib/PropulsionSystem/.git/objects/98/29043866b286093a9fd56d13ed5805bf244951' -> 'sftp://os3-310-44666.vs.sakura.ne.jp/home/ubuntu/VPSsync/01-WorkspaceSync/modelica-shared/CustomLib/PropulsionSystem/.git/objects/98/29043866b286093a9fd56d13ed5805bf244951' (838)
2025-11-16 23:36:41: Copy New 'C:/Users/grabacr/VPSsync/01-WorkspaceSync/modelica-shared/CustomLib/PropulsionSystem/.git/objects/9d/431504ad5b086032c6c62cb3e6940dbdf6d536' -> 'sftp://os3-310-44666.vs.sakura.ne.jp/home/ubuntu/VPSsync/01-WorkspaceSync/modelica-shared/CustomLib/PropulsionSystem/.git/objects/9d/431504ad5b086032c6c62cb3e6940dbdf6d536' (843)
2025-11-16 23:36:42: Copy New 'C:/Users/grabacr/VPSsync/01-WorkspaceSync/modelica-shared/CustomLib/PropulsionSystem/.git/objects/9d/b45fb9f64f7ad8350888e0c55291b439d0a150' -> 'sftp://os3-310-44666.vs.sakura.ne.jp/home/ubuntu/VPSsync/01-WorkspaceSync/modelica-shared/CustomLib/PropulsionSystem/.git/objects/9d/b45fb9f64f7ad8350888e0c55291b439d0a150' (1,520)
2025-11-16 23:36:42: Copy Over 'C:/Users/grabacr/VPSsync/01-WorkspaceSync/modelica-shared/CustomLib/PropulsionSystem/.git/objects/9d/9d4ab9cd925f235f835504b521e32651b5321b' -> 'sftp://os3-310-44666.vs.sakura.ne.jp/home/ubuntu/VPSsync/01-WorkspaceSync/modelica-shared/CustomLib/PropulsionSystem/.git/objects/9d/9d4ab9cd925f235f835504b521e32651b5321b' (188)
2025-11-16 23:36:42: Copy Over 'C:/Users/grabacr/VPSsync/01-WorkspaceSync/modelica-shared/CustomLib/PropulsionSystem/.git/objects/9d/c50b950e436f1f91d5e48d7e941e0354edd370' -> 'sftp://os3-310-44666.vs.sakura.ne.jp/home/ubuntu/VPSsync/01-WorkspaceSync/modelica-shared/CustomLib/PropulsionSystem/.git/objects/9d/c50b950e436f1f91d5e48d7e941e0354edd370' (204)
2025-11-16 23:36:42: Copy New 'C:/Users/grabacr/VPSsync/01-WorkspaceSync/modelica-shared/CustomLib/PropulsionSystem/.git/objects/9f/426459910ed34369cc63370f773c343e5e4046' -> 'sftp://os3-310-44666.vs.sakura.ne.jp/home/ubuntu/VPSsync/01-WorkspaceSync/modelica-shared/CustomLib/PropulsionSystem/.git/objects/9f/426459910ed34369cc63370f773c343e5e4046' (1,044)
2025-11-16 23:36:42: Copy New 'C:/Users/grabacr/VPSsync/01-WorkspaceSync/modelica-shared/CustomLib/PropulsionSystem/.git/objects/a2/65fe1cc83561610398d7ddd677e21a7e0d3797' -> 'sftp://os3-310-44666.vs.sakura.ne.jp/home/ubuntu/VPSsync/01-WorkspaceSync/modelica-shared/CustomLib/PropulsionSystem/.git/objects/a2/65fe1cc83561610398d7ddd677e21a7e0d3797' (68,728)
2025-11-16 23:36:42: Copy Over 'C:/Users/grabacr/VPSsync/01-WorkspaceSync/modelica-shared/CustomLib/PropulsionSystem/.git/objects/a1/2dc61e81f25a2fc070987bfde2da716fee1412' -> 'sftp://os3-310-44666.vs.sakura.ne.jp/home/ubuntu/VPSsync/01-WorkspaceSync/modelica-shared/CustomLib/PropulsionSystem/.git/objects/a1/2dc61e81f25a2fc070987bfde2da716fee1412' (1,617)
2025-11-16 23:36:42: Copy Over 'C:/Users/grabacr/VPSsync/01-WorkspaceSync/modelica-shared/CustomLib/PropulsionSystem/.git/objects/a7/4c762416a14d4b6d8f74fb262bbbebee24b3ec' -> 'sftp://os3-310-44666.vs.sakura.ne.jp/home/ubuntu/VPSsync/01-WorkspaceSync/modelica-shared/CustomLib/PropulsionSystem/.git/objects/a7/4c762416a14d4b6d8f74fb262bbbebee24b3ec' (260)
2025-11-16 23:36:42: Copy New 'C:/Users/grabacr/VPSsync/01-WorkspaceSync/modelica-shared/CustomLib/PropulsionSystem/.git/objects/af/dc6c5185117bedbfb751419773a160b8fcb469' -> 'sftp://os3-310-44666.vs.sakura.ne.jp/home/ubuntu/VPSsync/01-WorkspaceSync/modelica-shared/CustomLib/PropulsionSystem/.git/objects/af/dc6c5185117bedbfb751419773a160b8fcb469' (1,089)
2025-11-16 23:36:42: Copy Over 'C:/Users/grabacr/VPSsync/01-WorkspaceSync/modelica-shared/CustomLib/PropulsionSystem/.git/objects/ae/da83c0e534c55a554527fa556f2431a32bfe4a' -> 'sftp://os3-310-44666.vs.sakura.ne.jp/home/ubuntu/VPSsync/01-WorkspaceSync/modelica-shared/CustomLib/PropulsionSystem/.git/objects/ae/da83c0e534c55a554527fa556f2431a32bfe4a' (188)
2025-11-16 23:36:42: Copy New 'C:/Users/grabacr/VPSsync/01-WorkspaceSync/modelica-shared/CustomLib/PropulsionSystem/.git/objects/b1/10b4768aef03c81c7841ac541d9e0f89f46a62' -> 'sftp://os3-310-44666.vs.sakura.ne.jp/home/ubuntu/VPSsync/01-WorkspaceSync/modelica-shared/CustomLib/PropulsionSystem/.git/objects/b1/10b4768aef03c81c7841ac541d9e0f89f46a62' (841)
2025-11-16 23:36:42: Copy New 'C:/Users/grabacr/VPSsync/01-WorkspaceSync/modelica-shared/CustomLib/PropulsionSystem/.git/objects/bd/f1c0088f2348aac4cdc9255aa3318226fbf098' -> 'sftp://os3-310-44666.vs.sakura.ne.jp/home/ubuntu/VPSsync/01-WorkspaceSync/modelica-shared/CustomLib/PropulsionSystem/.git/objects/bd/f1c0088f2348aac4cdc9255aa3318226fbf098' (535)
2025-11-16 23:36:42: Copy Over 'C:/Users/grabacr/VPSsync/01-WorkspaceSync/modelica-shared/CustomLib/PropulsionSystem/.git/objects/b9/c300c0f8372f87f7b19b746584513a29d4acdc' -> 'sftp://os3-310-44666.vs.sakura.ne.jp/home/ubuntu/VPSsync/01-WorkspaceSync/modelica-shared/CustomLib/PropulsionSystem/.git/objects/b9/c300c0f8372f87f7b19b746584513a29d4acdc' (3,582)
2025-11-16 23:36:42: Copy New 'C:/Users/grabacr/VPSsync/01-WorkspaceSync/modelica-shared/CustomLib/PropulsionSystem/.git/objects/be/aea75994a12dfff45bee13ae81ff953021ceaf' -> 'sftp://os3-310-44666.vs.sakura.ne.jp/home/ubuntu/VPSsync/01-WorkspaceSync/modelica-shared/CustomLib/PropulsionSystem/.git/objects/be/aea75994a12dfff45bee13ae81ff953021ceaf' (53)
2025-11-16 23:36:43: Copy New 'C:/Users/grabacr/VPSsync/01-WorkspaceSync/modelica-shared/CustomLib/PropulsionSystem/.git/objects/c3/a1a09cdad06e5fb412b3212c2d9c72f06b37f0' -> 'sftp://os3-310-44666.vs.sakura.ne.jp/home/ubuntu/VPSsync/01-WorkspaceSync/modelica-shared/CustomLib/PropulsionSystem/.git/objects/c3/a1a09cdad06e5fb412b3212c2d9c72f06b37f0' (650)
2025-11-16 23:36:43: Copy New 'C:/Users/grabacr/VPSsync/01-WorkspaceSync/modelica-shared/CustomLib/PropulsionSystem/.git/objects/c4/a221f904f391e2fb685c5f89d1634bfd01e18c' -> 'sftp://os3-310-44666.vs.sakura.ne.jp/home/ubuntu/VPSsync/01-WorkspaceSync/modelica-shared/CustomLib/PropulsionSystem/.git/objects/c4/a221f904f391e2fb685c5f89d1634bfd01e18c' (841)
2025-11-16 23:36:43: Copy Over 'C:/Users/grabacr/VPSsync/01-WorkspaceSync/modelica-shared/CustomLib/PropulsionSystem/.git/objects/bf/e2a142b08a7714a8ded35adbb875fe107fd63f' -> 'sftp://os3-310-44666.vs.sakura.ne.jp/home/ubuntu/VPSsync/01-WorkspaceSync/modelica-shared/CustomLib/PropulsionSystem/.git/objects/bf/e2a142b08a7714a8ded35adbb875fe107fd63f' (521)
2025-11-16 23:36:43: Copy New 'C:/Users/grabacr/VPSsync/01-WorkspaceSync/modelica-shared/CustomLib/PropulsionSystem/.git/objects/c8/b1a129af3c077ee8d06ff91bf3cd647fc60ad2' -> 'sftp://os3-310-44666.vs.sakura.ne.jp/home/ubuntu/VPSsync/01-WorkspaceSync/modelica-shared/CustomLib/PropulsionSystem/.git/objects/c8/b1a129af3c077ee8d06ff91bf3cd647fc60ad2' (177)
2025-11-16 23:36:43: Copy Over 'C:/Users/grabacr/VPSsync/01-WorkspaceSync/modelica-shared/CustomLib/PropulsionSystem/.git/objects/c5/008a99dec210885d19d6e94aa4c4ceb16963f3' -> 'sftp://os3-310-44666.vs.sakura.ne.jp/home/ubuntu/VPSsync/01-WorkspaceSync/modelica-shared/CustomLib/PropulsionSystem/.git/objects/c5/008a99dec210885d19d6e94aa4c4ceb16963f3' (45)
2025-11-16 23:36:43: Copy Over 'C:/Users/grabacr/VPSsync/01-WorkspaceSync/modelica-shared/CustomLib/PropulsionSystem/.git/objects/cc/49277ac21be5cc37e56855f66d678cb55e7732' -> 'sftp://os3-310-44666.vs.sakura.ne.jp/home/ubuntu/VPSsync/01-WorkspaceSync/modelica-shared/CustomLib/PropulsionSystem/.git/objects/cc/49277ac21be5cc37e56855f66d678cb55e7732' (3,136)
2025-11-16 23:36:43: Copy New 'C:/Users/grabacr/VPSsync/01-WorkspaceSync/modelica-shared/CustomLib/PropulsionSystem/.git/objects/cc/831b5a51bbb45579eb43f5ff4a46be30de779f' -> 'sftp://os3-310-44666.vs.sakura.ne.jp/home/ubuntu/VPSsync/01-WorkspaceSync/modelica-shared/CustomLib/PropulsionSystem/.git/objects/cc/831b5a51bbb45579eb43f5ff4a46be30de779f' (50)
2025-11-16 23:36:43: Copy New 'C:/Users/grabacr/VPSsync/01-WorkspaceSync/modelica-shared/CustomLib/PropulsionSystem/.git/objects/cc/f906c4e03e4f4e195cf0ed23cc606312e4414e' -> 'sftp://os3-310-44666.vs.sakura.ne.jp/home/ubuntu/VPSsync/01-WorkspaceSync/modelica-shared/CustomLib/PropulsionSystem/.git/objects/cc/f906c4e03e4f4e195cf0ed23cc606312e4414e' (837)
2025-11-16 23:36:43: Create Folder sftp://os3-310-44666.vs.sakura.ne.jp/home/ubuntu/VPSsync/01-WorkspaceSync/modelica-shared/CustomLib/PropulsionSystem/.git/objects/d3
2025-11-16 23:36:43: Copy New 'C:/Users/grabacr/VPSsync/01-WorkspaceSync/modelica-shared/CustomLib/PropulsionSystem/.git/objects/cd/766e42fbd208eee7c3ac7a299b49633fd222f0' -> 'sftp://os3-310-44666.vs.sakura.ne.jp/home/ubuntu/VPSsync/01-WorkspaceSync/modelica-shared/CustomLib/PropulsionSystem/.git/objects/cd/766e42fbd208eee7c3ac7a299b49633fd222f0' (811)
2025-11-16 23:36:43: Copy New 'C:/Users/grabacr/VPSsync/01-WorkspaceSync/modelica-shared/CustomLib/PropulsionSystem/.git/objects/d6/a24a5afd8b0f5c4e2ff395d686cf0f19778f94' -> 'sftp://os3-310-44666.vs.sakura.ne.jp/home/ubuntu/VPSsync/01-WorkspaceSync/modelica-shared/CustomLib/PropulsionSystem/.git/objects/d6/a24a5afd8b0f5c4e2ff395d686cf0f19778f94' (765)
2025-11-16 23:36:43: Copy Over 'C:/Users/grabacr/VPSsync/01-WorkspaceSync/modelica-shared/CustomLib/PropulsionSystem/.git/objects/d4/447b781be5b739b8711681fba56d69f257797b' -> 'sftp://os3-310-44666.vs.sakura.ne.jp/home/ubuntu/VPSsync/01-WorkspaceSync/modelica-shared/CustomLib/PropulsionSystem/.git/objects/d4/447b781be5b739b8711681fba56d69f257797b' (576)
2025-11-16 23:36:43: Copy New 'C:/Users/grabacr/VPSsync/01-WorkspaceSync/modelica-shared/CustomLib/PropulsionSystem/.git/objects/d3/2592c8ac995a63c1996282bf1c7d761f9b689c' -> 'sftp://os3-310-44666.vs.sakura.ne.jp/home/ubuntu/VPSsync/01-WorkspaceSync/modelica-shared/CustomLib/PropulsionSystem/.git/objects/d3/2592c8ac995a63c1996282bf1c7d761f9b689c' (1,152)
2025-11-16 23:36:43: Copy New 'C:/Users/grabacr/VPSsync/01-WorkspaceSync/modelica-shared/CustomLib/PropulsionSystem/.git/objects/d4/aeb2e1ad7c1105040660e22e345c8e61ca0dea' -> 'sftp://os3-310-44666.vs.sakura.ne.jp/home/ubuntu/VPSsync/01-WorkspaceSync/modelica-shared/CustomLib/PropulsionSystem/.git/objects/d4/aeb2e1ad7c1105040660e22e345c8e61ca0dea' (123)
2025-11-16 23:36:43: Copy New 'C:/Users/grabacr/VPSsync/01-WorkspaceSync/modelica-shared/CustomLib/PropulsionSystem/.git/objects/d4/e694085117ce4c082d5500af702ba92dd6e29c' -> 'sftp://os3-310-44666.vs.sakura.ne.jp/home/ubuntu/VPSsync/01-WorkspaceSync/modelica-shared/CustomLib/PropulsionSystem/.git/objects/d4/e694085117ce4c082d5500af702ba92dd6e29c' (368)
2025-11-16 23:36:43: Create Folder sftp://os3-310-44666.vs.sakura.ne.jp/home/ubuntu/VPSsync/01-WorkspaceSync/modelica-shared/CustomLib/PropulsionSystem/.git/objects/db
2025-11-16 23:36:44: Copy New 'C:/Users/grabacr/VPSsync/01-WorkspaceSync/modelica-shared/CustomLib/PropulsionSystem/.git/objects/db/5ea6500b4e16a9438274f2940d8cca502a9c7a' -> 'sftp://os3-310-44666.vs.sakura.ne.jp/home/ubuntu/VPSsync/01-WorkspaceSync/modelica-shared/CustomLib/PropulsionSystem/.git/objects/db/5ea6500b4e16a9438274f2940d8cca502a9c7a' (1,220)
2025-11-16 23:36:44: Copy Over 'C:/Users/grabacr/VPSsync/01-WorkspaceSync/modelica-shared/CustomLib/PropulsionSystem/.git/objects/d7/7fcafe17bf7bac5f0c537be4a7f1e7813e7160' -> 'sftp://os3-310-44666.vs.sakura.ne.jp/home/ubuntu/VPSsync/01-WorkspaceSync/modelica-shared/CustomLib/PropulsionSystem/.git/objects/d7/7fcafe17bf7bac5f0c537be4a7f1e7813e7160' (138)
2025-11-16 23:36:44: Create Folder sftp://os3-310-44666.vs.sakura.ne.jp/home/ubuntu/VPSsync/01-WorkspaceSync/modelica-shared/CustomLib/PropulsionSystem/.git/objects/e4
2025-11-16 23:36:44: Copy Over 'C:/Users/grabacr/VPSsync/01-WorkspaceSync/modelica-shared/CustomLib/PropulsionSystem/.git/objects/d9/cabd83267d2899c05d83a67ead22e6a072dfa4' -> 'sftp://os3-310-44666.vs.sakura.ne.jp/home/ubuntu/VPSsync/01-WorkspaceSync/modelica-shared/CustomLib/PropulsionSystem/.git/objects/d9/cabd83267d2899c05d83a67ead22e6a072dfa4' (290)
2025-11-16 23:36:44: Copy New 'C:/Users/grabacr/VPSsync/01-WorkspaceSync/modelica-shared/CustomLib/PropulsionSystem/.git/objects/e0/1ca9803699841495d900ccceb71b672ba908c1' -> 'sftp://os3-310-44666.vs.sakura.ne.jp/home/ubuntu/VPSsync/01-WorkspaceSync/modelica-shared/CustomLib/PropulsionSystem/.git/objects/e0/1ca9803699841495d900ccceb71b672ba908c1' (713)
2025-11-16 23:36:44: Copy New 'C:/Users/grabacr/VPSsync/01-WorkspaceSync/modelica-shared/CustomLib/PropulsionSystem/.git/objects/e4/ee9026a1413d598ea8c5969d955e14191c4219' -> 'sftp://os3-310-44666.vs.sakura.ne.jp/home/ubuntu/VPSsync/01-WorkspaceSync/modelica-shared/CustomLib/PropulsionSystem/.git/objects/e4/ee9026a1413d598ea8c5969d955e14191c4219' (841)
2025-11-16 23:36:44: Copy Over 'C:/Users/grabacr/VPSsync/01-WorkspaceSync/modelica-shared/CustomLib/PropulsionSystem/.git/objects/de/8e6ccb6b595609aabb204ee6652f3a365c10e4' -> 'sftp://os3-310-44666.vs.sakura.ne.jp/home/ubuntu/VPSsync/01-WorkspaceSync/modelica-shared/CustomLib/PropulsionSystem/.git/objects/de/8e6ccb6b595609aabb204ee6652f3a365c10e4' (138)
2025-11-16 23:36:44: Create Folder sftp://os3-310-44666.vs.sakura.ne.jp/home/ubuntu/VPSsync/01-WorkspaceSync/modelica-shared/CustomLib/PropulsionSystem/.git/objects/e7
2025-11-16 23:36:44: Create Folder sftp://os3-310-44666.vs.sakura.ne.jp/home/ubuntu/VPSsync/01-WorkspaceSync/modelica-shared/CustomLib/PropulsionSystem/.git/objects/e8
2025-11-16 23:36:44: Copy New 'C:/Users/grabacr/VPSsync/01-WorkspaceSync/modelica-shared/CustomLib/PropulsionSystem/.git/objects/e0/1caa249612dc7f976ad489bf8ca0f938feffbf' -> 'sftp://os3-310-44666.vs.sakura.ne.jp/home/ubuntu/VPSsync/01-WorkspaceSync/modelica-shared/CustomLib/PropulsionSystem/.git/objects/e0/1caa249612dc7f976ad489bf8ca0f938feffbf' (536)
2025-11-16 23:36:44: Copy New 'C:/Users/grabacr/VPSsync/01-WorkspaceSync/modelica-shared/CustomLib/PropulsionSystem/.git/objects/e7/e9733fcf9f2335c63370cbc8b829e468f7a9dd' -> 'sftp://os3-310-44666.vs.sakura.ne.jp/home/ubuntu/VPSsync/01-WorkspaceSync/modelica-shared/CustomLib/PropulsionSystem/.git/objects/e7/e9733fcf9f2335c63370cbc8b829e468f7a9dd' (1,371)
2025-11-16 23:36:44: Copy New 'C:/Users/grabacr/VPSsync/01-WorkspaceSync/modelica-shared/CustomLib/PropulsionSystem/.git/objects/ea/c1b97adb07c117ded4e950ea004b42d7b4c90e' -> 'sftp://os3-310-44666.vs.sakura.ne.jp/home/ubuntu/VPSsync/01-WorkspaceSync/modelica-shared/CustomLib/PropulsionSystem/.git/objects/ea/c1b97adb07c117ded4e950ea004b42d7b4c90e' (1,042)
2025-11-16 23:36:44: Copy New 'C:/Users/grabacr/VPSsync/01-WorkspaceSync/modelica-shared/CustomLib/PropulsionSystem/.git/objects/e8/0b35e30848e97dbd5c90596821aa86824335f1' -> 'sftp://os3-310-44666.vs.sakura.ne.jp/home/ubuntu/VPSsync/01-WorkspaceSync/modelica-shared/CustomLib/PropulsionSystem/.git/objects/e8/0b35e30848e97dbd5c90596821aa86824335f1' (176)
2025-11-16 23:36:44: Copy New 'C:/Users/grabacr/VPSsync/01-WorkspaceSync/modelica-shared/CustomLib/PropulsionSystem/.git/objects/ed/7b96290290bead58f232119afb1f8d58a5d331' -> 'sftp://os3-310-44666.vs.sakura.ne.jp/home/ubuntu/VPSsync/01-WorkspaceSync/modelica-shared/CustomLib/PropulsionSystem/.git/objects/ed/7b96290290bead58f232119afb1f8d58a5d331' (840)
2025-11-16 23:36:44: Copy New 'C:/Users/grabacr/VPSsync/01-WorkspaceSync/modelica-shared/CustomLib/PropulsionSystem/.git/objects/ec/294fed527a4346227bd68d3cf042ad02baad40' -> 'sftp://os3-310-44666.vs.sakura.ne.jp/home/ubuntu/VPSsync/01-WorkspaceSync/modelica-shared/CustomLib/PropulsionSystem/.git/objects/ec/294fed527a4346227bd68d3cf042ad02baad40' (1,058)
2025-11-16 23:36:45: Create Folder sftp://os3-310-44666.vs.sakura.ne.jp/home/ubuntu/VPSsync/01-WorkspaceSync/modelica-shared/CustomLib/PropulsionSystem/.git/objects/f1
2025-11-16 23:36:45: Copy Over 'C:/Users/grabacr/VPSsync/01-WorkspaceSync/modelica-shared/CustomLib/PropulsionSystem/.git/objects/ef/6f7844257eb01dfd808fa387c023584e6a56d5' -> 'sftp://os3-310-44666.vs.sakura.ne.jp/home/ubuntu/VPSsync/01-WorkspaceSync/modelica-shared/CustomLib/PropulsionSystem/.git/objects/ef/6f7844257eb01dfd808fa387c023584e6a56d5' (61)
2025-11-16 23:36:45: Copy New 'C:/Users/grabacr/VPSsync/01-WorkspaceSync/modelica-shared/CustomLib/PropulsionSystem/.git/objects/ef/cc46db229177026f85b7129f33d404c99f3182' -> 'sftp://os3-310-44666.vs.sakura.ne.jp/home/ubuntu/VPSsync/01-WorkspaceSync/modelica-shared/CustomLib/PropulsionSystem/.git/objects/ef/cc46db229177026f85b7129f33d404c99f3182' (841)
2025-11-16 23:36:45: Copy New 'C:/Users/grabacr/VPSsync/01-WorkspaceSync/modelica-shared/CustomLib/PropulsionSystem/.git/objects/f1/90387f45d0902a28b227a4fb1b8e4e73f30f40' -> 'sftp://os3-310-44666.vs.sakura.ne.jp/home/ubuntu/VPSsync/01-WorkspaceSync/modelica-shared/CustomLib/PropulsionSystem/.git/objects/f1/90387f45d0902a28b227a4fb1b8e4e73f30f40' (1,174)
2025-11-16 23:36:45: > Copy Over 'C:/Users/grabacr/VPSsync/01-WorkspaceSync/modelica-shared/CustomLib/PropulsionSystem/.git/objects/pack/pack-097042b34043b55f4cea305cc4487110dc98c799.pack' -> 'sftp://os3-310-44666.vs.sakura.ne.jp/home/ubuntu/VPSsync/01-WorkspaceSync/modelica-shared/CustomLib/PropulsionSystem/.git/objects/pack/pack-097042b34043b55f4cea305cc4487110dc98c799.pack' (74,878,441)
2025-11-16 23:36:45: Copy New 'C:/Users/grabacr/VPSsync/01-WorkspaceSync/modelica-shared/CustomLib/PropulsionSystem/.git/objects/f1/90f7a7402d3388c0dd3451d7a05b4427cb2504' -> 'sftp://os3-310-44666.vs.sakura.ne.jp/home/ubuntu/VPSsync/01-WorkspaceSync/modelica-shared/CustomLib/PropulsionSystem/.git/objects/f1/90f7a7402d3388c0dd3451d7a05b4427cb2504' (190)
2025-11-16 23:36:45: > Copy Over 'C:/Users/grabacr/VPSsync/01-WorkspaceSync/modelica-shared/CustomLib/PropulsionSystem/.git/objects/pack/pack-e7a24c9e68c7f4b50bf6241104c679d660faf33a.pack' -> 'sftp://os3-310-44666.vs.sakura.ne.jp/home/ubuntu/VPSsync/01-WorkspaceSync/modelica-shared/CustomLib/PropulsionSystem/.git/objects/pack/pack-e7a24c9e68c7f4b50bf6241104c679d660faf33a.pack' (13,925,850)
2025-11-16 23:36:46: Copy Over 'C:/Users/grabacr/VPSsync/01-WorkspaceSync/modelica-shared/CustomLib/PropulsionSystem/.git/objects/f2/018ad030fb90d09eced12abf0efddd7c19bcbe' -> 'sftp://os3-310-44666.vs.sakura.ne.jp/home/ubuntu/VPSsync/01-WorkspaceSync/modelica-shared/CustomLib/PropulsionSystem/.git/objects/f2/018ad030fb90d09eced12abf0efddd7c19bcbe' (115)
2025-11-16 23:36:46: Copy New 'C:/Users/grabacr/VPSsync/01-WorkspaceSync/modelica-shared/CustomLib/PropulsionSystem/.git/objects/f5/c69cc3e02085d1397c7ee85357488fcefe004a' -> 'sftp://os3-310-44666.vs.sakura.ne.jp/home/ubuntu/VPSsync/01-WorkspaceSync/modelica-shared/CustomLib/PropulsionSystem/.git/objects/f5/c69cc3e02085d1397c7ee85357488fcefe004a' (1,287)
2025-11-16 23:36:48: Copy Over 'C:/Users/grabacr/VPSsync/01-WorkspaceSync/modelica-shared/CustomLib/PropulsionSystem/.git/logs/HEAD' -> 'sftp://os3-310-44666.vs.sakura.ne.jp/home/ubuntu/VPSsync/01-WorkspaceSync/modelica-shared/CustomLib/PropulsionSystem/.git/logs/HEAD' (9,158)
2025-11-16 23:36:50: Copy Over 'C:/Users/grabacr/VPSsync/01-WorkspaceSync/modelica-shared/CustomLib/PropulsionSystem/.git/logs/refs/heads/master' -> 'sftp://os3-310-44666.vs.sakura.ne.jp/home/ubuntu/VPSsync/01-WorkspaceSync/modelica-shared/CustomLib/PropulsionSystem/.git/logs/refs/heads/master' (9,158)
2025-11-16 23:36:50: < Copy Over 'C:/Users/grabacr/VPSsync/01-WorkspaceSync/modelica-shared/CustomLib/PropulsionSystem/.git/objects/pack/pack-e7a24c9e68c7f4b50bf6241104c679d660faf33a.pack' -> 'sftp://os3-310-44666.vs.sakura.ne.jp/home/ubuntu/VPSsync/01-WorkspaceSync/modelica-shared/CustomLib/PropulsionSystem/.git/objects/pack/pack-e7a24c9e68c7f4b50bf6241104c679d660faf33a.pack' (13,925,850)
2025-11-16 23:36:51: Copy Over 'C:/Users/grabacr/VPSsync/01-WorkspaceSync/modelica-shared/CustomLib/PropulsionSystem/.git/refs/heads/master' -> 'sftp://os3-310-44666.vs.sakura.ne.jp/home/ubuntu/VPSsync/01-WorkspaceSync/modelica-shared/CustomLib/PropulsionSystem/.git/refs/heads/master' (41)
2025-11-16 23:36:51: C:/Users/grabacr/VPSsync/01-WorkspaceSync/modelica-shared/CustomLib/PropulsionSystem/.git/sourcetreeconfig.json: Source file has changed between Analyze and Sync from '[file] size=842 accu-time=2025-11-16 23:36:26 attr=Archive,WArchive cktype=0' to 'size=842 time=2025-11-16 23:36:41', noted in source file state
2025-11-16 23:36:51: Copy Over 'C:/Users/grabacr/VPSsync/01-WorkspaceSync/modelica-shared/CustomLib/PropulsionSystem/.git/sourcetreeconfig.json' -> 'sftp://os3-310-44666.vs.sakura.ne.jp/home/ubuntu/VPSsync/01-WorkspaceSync/modelica-shared/CustomLib/PropulsionSystem/.git/sourcetreeconfig.json' (842)
2025-11-16 23:36:56: < Copy Over 'C:/Users/grabacr/VPSsync/01-WorkspaceSync/modelica-shared/CustomLib/PropulsionSystem/.git/objects/pack/pack-097042b34043b55f4cea305cc4487110dc98c799.pack' -> 'sftp://os3-310-44666.vs.sakura.ne.jp/home/ubuntu/VPSsync/01-WorkspaceSync/modelica-shared/CustomLib/PropulsionSystem/.git/objects/pack/pack-097042b34043b55f4cea305cc4487110dc98c799.pack' (74,878,441)
2025-11-16 23:36:56: Save State File C:/Users/grabacr/VPSsync/01-WorkspaceSync/modelica-shared/CustomLib/PropulsionSystem/_gsdata_/_file_state_v4._gs
2025-11-16 23:36:57: Save State File sftp://os3-310-44666.vs.sakura.ne.jp/home/ubuntu/VPSsync/01-WorkspaceSync/modelica-shared/CustomLib/PropulsionSystem/_gsdata_/_file_state_v4._gs
2025-11-16 23:37:05: == Sync Complete. Time: 00:00:30, Speed: 4.08 MB/s, OK: 120, Errors: 0
