2025-11-23 11:18:11: Server: SSH-2.0-OpenSSH_9.6p1 Ubuntu-3ubuntu13.14
2025-11-23 11:18:11: Server KEXes: sntrup761x25519-sha512@openssh.com,curve25519-sha256,curve25519-sha256@libssh.org,ecdh-sha2-nistp256,ecdh-sha2-nistp384,ecdh-sha2-nistp521,diffie-hellman-group-exchange-sha256,diffie-hellman-group16-sha512,diffie-hellman-group18-sha512,diffie-hellman-group14-sha256,ext-info-s,kex-strict-s-v00@openssh.com
2025-11-23 11:18:11: Server Host Keys: rsa-sha2-512,rsa-sha2-256,ecdsa-sha2-nistp256,ssh-ed25519
2025-11-23 11:18:11: Chosen Host Key: ssh-ed25519
2025-11-23 11:18:11: Ciphers: chacha20-poly1305@openssh.com,aes128-ctr,aes192-ctr,aes256-ctr,aes128-gcm@openssh.com,aes256-gcm@openssh.com
2025-11-23 11:18:11: MACs: umac-64-etm@openssh.com,umac-128-etm@openssh.com,hmac-sha2-256-etm@openssh.com,hmac-sha2-512-etm@openssh.com,hmac-sha1-etm@openssh.com,umac-64@openssh.com,umac-128@openssh.com,hmac-sha2-256,hmac-sha2-512,hmac-sha1
2025-11-23 11:18:11: Auth: start: publickey
2025-11-23 11:18:11: Auth: publickey: no keys available
2025-11-23 11:18:11: Auth: start: password
2025-11-23 11:18:12: -- Analysis Started by On File Change, After Delay
2025-11-23 11:18:12: L: State File has changed, so re-read it: C:/Users/grabacr/VPSsync/01-WorkspaceSync/modelica-shared/CustomLib/PropulsionSystem/_gsdata_/_file_state_v4._gs
2025-11-23 11:18:12: L: Reading State File C:/Users/grabacr/VPSsync/01-WorkspaceSync/modelica-shared/CustomLib/PropulsionSystem/_gsdata_/_file_state_v4._gs
2025-11-23 11:18:12: R: State File has changed, so re-read it: sftp://os3-310-44666.vs.sakura.ne.jp/home/ubuntu/VPSsync/01-WorkspaceSync/modelica-shared/CustomLib/PropulsionSystem/_gsdata_/_file_state_v4._gs
2025-11-23 11:18:12: R: Reading State File sftp://os3-310-44666.vs.sakura.ne.jp/home/ubuntu/VPSsync/01-WorkspaceSync/modelica-shared/CustomLib/PropulsionSystem/_gsdata_/_file_state_v4._gs
2025-11-23 11:18:12: Changes: 96, Conflicts: 0, CopyTime: 0, FixState: 0, Errors: 0, All: 3048
2025-11-23 11:18:12: Left to Right: Copy File: 96 
2025-11-23 11:18:12: == Sync Started by On File Change, After Delay
2025-11-23 11:18:12: ConnectCloned connected to file:///~grabacr/VPSsync/01-WorkspaceSync/modelica-shared/CustomLib/PropulsionSystem
2025-11-23 11:18:12: ConnectCloned connected to file:///~grabacr/VPSsync/01-WorkspaceSync/modelica-shared/CustomLib/PropulsionSystem
2025-11-23 11:18:12: ConnectCloned connected to file:///~grabacr/VPSsync/01-WorkspaceSync/modelica-shared/CustomLib/PropulsionSystem
2025-11-23 11:18:12: Server: SSH-2.0-OpenSSH_9.6p1 Ubuntu-3ubuntu13.14
2025-11-23 11:18:12: Server: SSH-2.0-OpenSSH_9.6p1 Ubuntu-3ubuntu13.14
2025-11-23 11:18:12: Server: SSH-2.0-OpenSSH_9.6p1 Ubuntu-3ubuntu13.14
2025-11-23 11:18:12: Server KEXes: sntrup761x25519-sha512@openssh.com,curve25519-sha256,curve25519-sha256@libssh.org,ecdh-sha2-nistp256,ecdh-sha2-nistp384,ecdh-sha2-nistp521,diffie-hellman-group-exchange-sha256,diffie-hellman-group16-sha512,diffie-hellman-group18-sha512,diffie-hellman-group14-sha256,ext-info-s,kex-strict-s-v00@openssh.com
2025-11-23 11:18:12: Server Host Keys: rsa-sha2-512,rsa-sha2-256,ecdsa-sha2-nistp256,ssh-ed25519
2025-11-23 11:18:12: Chosen Host Key: ssh-ed25519
2025-11-23 11:18:12: Ciphers: chacha20-poly1305@openssh.com,aes128-ctr,aes192-ctr,aes256-ctr,aes128-gcm@openssh.com,aes256-gcm@openssh.com
2025-11-23 11:18:12: MACs: umac-64-etm@openssh.com,umac-128-etm@openssh.com,hmac-sha2-256-etm@openssh.com,hmac-sha2-512-etm@openssh.com,hmac-sha1-etm@openssh.com,umac-64@openssh.com,umac-128@openssh.com,hmac-sha2-256,hmac-sha2-512,hmac-sha1
2025-11-23 11:18:12: Server KEXes: sntrup761x25519-sha512@openssh.com,curve25519-sha256,curve25519-sha256@libssh.org,ecdh-sha2-nistp256,ecdh-sha2-nistp384,ecdh-sha2-nistp521,diffie-hellman-group-exchange-sha256,diffie-hellman-group16-sha512,diffie-hellman-group18-sha512,diffie-hellman-group14-sha256,ext-info-s,kex-strict-s-v00@openssh.com
2025-11-23 11:18:12: Server Host Keys: rsa-sha2-512,rsa-sha2-256,ecdsa-sha2-nistp256,ssh-ed25519
2025-11-23 11:18:12: Chosen Host Key: ssh-ed25519
2025-11-23 11:18:12: Ciphers: chacha20-poly1305@openssh.com,aes128-ctr,aes192-ctr,aes256-ctr,aes128-gcm@openssh.com,aes256-gcm@openssh.com
2025-11-23 11:18:12: MACs: umac-64-etm@openssh.com,umac-128-etm@openssh.com,hmac-sha2-256-etm@openssh.com,hmac-sha2-512-etm@openssh.com,hmac-sha1-etm@openssh.com,umac-64@openssh.com,umac-128@openssh.com,hmac-sha2-256,hmac-sha2-512,hmac-sha1
2025-11-23 11:18:12: Server KEXes: sntrup761x25519-sha512@openssh.com,curve25519-sha256,curve25519-sha256@libssh.org,ecdh-sha2-nistp256,ecdh-sha2-nistp384,ecdh-sha2-nistp521,diffie-hellman-group-exchange-sha256,diffie-hellman-group16-sha512,diffie-hellman-group18-sha512,diffie-hellman-group14-sha256,ext-info-s,kex-strict-s-v00@openssh.com
2025-11-23 11:18:12: Server Host Keys: rsa-sha2-512,rsa-sha2-256,ecdsa-sha2-nistp256,ssh-ed25519
2025-11-23 11:18:12: Chosen Host Key: ssh-ed25519
2025-11-23 11:18:12: Ciphers: chacha20-poly1305@openssh.com,aes128-ctr,aes192-ctr,aes256-ctr,aes128-gcm@openssh.com,aes256-gcm@openssh.com
2025-11-23 11:18:12: MACs: umac-64-etm@openssh.com,umac-128-etm@openssh.com,hmac-sha2-256-etm@openssh.com,hmac-sha2-512-etm@openssh.com,hmac-sha1-etm@openssh.com,umac-64@openssh.com,umac-128@openssh.com,hmac-sha2-256,hmac-sha2-512,hmac-sha1
2025-11-23 11:18:12: Auth: start: publickey
2025-11-23 11:18:12: Auth: publickey: no keys available
2025-11-23 11:18:12: Auth: start: password
2025-11-23 11:18:12: Auth: start: publickey
2025-11-23 11:18:12: Auth: publickey: no keys available
2025-11-23 11:18:12: Auth: start: password
2025-11-23 11:18:12: Auth: start: publickey
2025-11-23 11:18:12: Auth: publickey: no keys available
2025-11-23 11:18:12: Auth: start: password
2025-11-23 11:18:13: GsConnectAndSetRoot1 connected to sftp://os3-310-44666.vs.sakura.ne.jp/home/ubuntu/VPSsync/01-WorkspaceSync/modelica-shared/CustomLib/PropulsionSystem
2025-11-23 11:18:13: GsConnectAndSetRoot1 connected to sftp://os3-310-44666.vs.sakura.ne.jp/home/ubuntu/VPSsync/01-WorkspaceSync/modelica-shared/CustomLib/PropulsionSystem
2025-11-23 11:18:13: GsConnectAndSetRoot1 connected to sftp://os3-310-44666.vs.sakura.ne.jp/home/ubuntu/VPSsync/01-WorkspaceSync/modelica-shared/CustomLib/PropulsionSystem
2025-11-23 11:18:14: Copy New 'C:/Users/grabacr/VPSsync/01-WorkspaceSync/modelica-shared/CustomLib/PropulsionSystem/.git/objects/03/5216c5e27a22e1a93091427d1f1eac5ac3bd78' -> 'sftp://os3-310-44666.vs.sakura.ne.jp/home/ubuntu/VPSsync/01-WorkspaceSync/modelica-shared/CustomLib/PropulsionSystem/.git/objects/03/5216c5e27a22e1a93091427d1f1eac5ac3bd78' (846)
2025-11-23 11:18:14: Copy Over 'C:/Users/grabacr/VPSsync/01-WorkspaceSync/modelica-shared/CustomLib/PropulsionSystem/.git/sourcetreeconfig.json' -> 'sftp://os3-310-44666.vs.sakura.ne.jp/home/ubuntu/VPSsync/01-WorkspaceSync/modelica-shared/CustomLib/PropulsionSystem/.git/sourcetreeconfig.json' (897)
2025-11-23 11:18:14: Copy Over 'C:/Users/grabacr/VPSsync/01-WorkspaceSync/modelica-shared/CustomLib/PropulsionSystem/.git/index' -> 'sftp://os3-310-44666.vs.sakura.ne.jp/home/ubuntu/VPSsync/01-WorkspaceSync/modelica-shared/CustomLib/PropulsionSystem/.git/index' (240,659)
2025-11-23 11:18:14: Copy New 'C:/Users/grabacr/VPSsync/01-WorkspaceSync/modelica-shared/CustomLib/PropulsionSystem/.git/objects/05/71c72e21081f2ceeb567bf6652bcd80878f2e1' -> 'sftp://os3-310-44666.vs.sakura.ne.jp/home/ubuntu/VPSsync/01-WorkspaceSync/modelica-shared/CustomLib/PropulsionSystem/.git/objects/05/71c72e21081f2ceeb567bf6652bcd80878f2e1' (835)
2025-11-23 11:18:14: Copy New 'C:/Users/grabacr/VPSsync/01-WorkspaceSync/modelica-shared/CustomLib/PropulsionSystem/.git/objects/03/b1c6b6c39fb95b6d71c81c45ecfe1b35e4ebf8' -> 'sftp://os3-310-44666.vs.sakura.ne.jp/home/ubuntu/VPSsync/01-WorkspaceSync/modelica-shared/CustomLib/PropulsionSystem/.git/objects/03/b1c6b6c39fb95b6d71c81c45ecfe1b35e4ebf8' (777)
2025-11-23 11:18:14: Copy New 'C:/Users/grabacr/VPSsync/01-WorkspaceSync/modelica-shared/CustomLib/PropulsionSystem/.git/objects/09/7410da423d0d7d6f23429445d8d32a02fbeafc' -> 'sftp://os3-310-44666.vs.sakura.ne.jp/home/ubuntu/VPSsync/01-WorkspaceSync/modelica-shared/CustomLib/PropulsionSystem/.git/objects/09/7410da423d0d7d6f23429445d8d32a02fbeafc' (841)
2025-11-23 11:18:14: Copy New 'C:/Users/grabacr/VPSsync/01-WorkspaceSync/modelica-shared/CustomLib/PropulsionSystem/.git/objects/0b/6383aeac04cd34964ae44833c805743ac5abfd' -> 'sftp://os3-310-44666.vs.sakura.ne.jp/home/ubuntu/VPSsync/01-WorkspaceSync/modelica-shared/CustomLib/PropulsionSystem/.git/objects/0b/6383aeac04cd34964ae44833c805743ac5abfd' (838)
2025-11-23 11:18:14: Copy New 'C:/Users/grabacr/VPSsync/01-WorkspaceSync/modelica-shared/CustomLib/PropulsionSystem/.git/objects/0c/bcc91691e471a3a15c6eb79bcc83ec17984a67' -> 'sftp://os3-310-44666.vs.sakura.ne.jp/home/ubuntu/VPSsync/01-WorkspaceSync/modelica-shared/CustomLib/PropulsionSystem/.git/objects/0c/bcc91691e471a3a15c6eb79bcc83ec17984a67' (671)
2025-11-23 11:18:14: Copy New 'C:/Users/grabacr/VPSsync/01-WorkspaceSync/modelica-shared/CustomLib/PropulsionSystem/.git/objects/0d/c439ed96af2a280d15df4f8c04e1797e17dcce' -> 'sftp://os3-310-44666.vs.sakura.ne.jp/home/ubuntu/VPSsync/01-WorkspaceSync/modelica-shared/CustomLib/PropulsionSystem/.git/objects/0d/c439ed96af2a280d15df4f8c04e1797e17dcce' (672)
2025-11-23 11:18:14: Copy New 'C:/Users/grabacr/VPSsync/01-WorkspaceSync/modelica-shared/CustomLib/PropulsionSystem/.git/objects/0f/0662883330f843ee6c8f5e79348ffabe1c495f' -> 'sftp://os3-310-44666.vs.sakura.ne.jp/home/ubuntu/VPSsync/01-WorkspaceSync/modelica-shared/CustomLib/PropulsionSystem/.git/objects/0f/0662883330f843ee6c8f5e79348ffabe1c495f' (778)
2025-11-23 11:18:14: Copy New 'C:/Users/grabacr/VPSsync/01-WorkspaceSync/modelica-shared/CustomLib/PropulsionSystem/.git/objects/13/37d15ab75c75570c1197e4c1ca1b653ac89601' -> 'sftp://os3-310-44666.vs.sakura.ne.jp/home/ubuntu/VPSsync/01-WorkspaceSync/modelica-shared/CustomLib/PropulsionSystem/.git/objects/13/37d15ab75c75570c1197e4c1ca1b653ac89601' (842)
2025-11-23 11:18:14: Copy New 'C:/Users/grabacr/VPSsync/01-WorkspaceSync/modelica-shared/CustomLib/PropulsionSystem/.git/objects/0f/17108ae1803efabde5f9278f4f9abcbeaa21ab' -> 'sftp://os3-310-44666.vs.sakura.ne.jp/home/ubuntu/VPSsync/01-WorkspaceSync/modelica-shared/CustomLib/PropulsionSystem/.git/objects/0f/17108ae1803efabde5f9278f4f9abcbeaa21ab' (778)
2025-11-23 11:18:14: Copy New 'C:/Users/grabacr/VPSsync/01-WorkspaceSync/modelica-shared/CustomLib/PropulsionSystem/.git/objects/0f/ed956fb77c4194276ce48341e122b502b005a7' -> 'sftp://os3-310-44666.vs.sakura.ne.jp/home/ubuntu/VPSsync/01-WorkspaceSync/modelica-shared/CustomLib/PropulsionSystem/.git/objects/0f/ed956fb77c4194276ce48341e122b502b005a7' (118)
2025-11-23 11:18:14: Copy New 'C:/Users/grabacr/VPSsync/01-WorkspaceSync/modelica-shared/CustomLib/PropulsionSystem/.git/objects/0f/a0ffd03dd43262ea6708fe60b9493740c39d20' -> 'sftp://os3-310-44666.vs.sakura.ne.jp/home/ubuntu/VPSsync/01-WorkspaceSync/modelica-shared/CustomLib/PropulsionSystem/.git/objects/0f/a0ffd03dd43262ea6708fe60b9493740c39d20' (845)
2025-11-23 11:18:14: Copy New 'C:/Users/grabacr/VPSsync/01-WorkspaceSync/modelica-shared/CustomLib/PropulsionSystem/.git/objects/16/12aba3a699449c6291391366406bbf865c774d' -> 'sftp://os3-310-44666.vs.sakura.ne.jp/home/ubuntu/VPSsync/01-WorkspaceSync/modelica-shared/CustomLib/PropulsionSystem/.git/objects/16/12aba3a699449c6291391366406bbf865c774d' (839)
2025-11-23 11:18:14: Copy New 'C:/Users/grabacr/VPSsync/01-WorkspaceSync/modelica-shared/CustomLib/PropulsionSystem/.git/objects/1b/50d35a36ad00be3263b440e5fe3eb6be62d5e1' -> 'sftp://os3-310-44666.vs.sakura.ne.jp/home/ubuntu/VPSsync/01-WorkspaceSync/modelica-shared/CustomLib/PropulsionSystem/.git/objects/1b/50d35a36ad00be3263b440e5fe3eb6be62d5e1' (778)
2025-11-23 11:18:14: Copy New 'C:/Users/grabacr/VPSsync/01-WorkspaceSync/modelica-shared/CustomLib/PropulsionSystem/.git/objects/1b/7d8194c5f0796a6b2ebd2c60fa2235bab14f16' -> 'sftp://os3-310-44666.vs.sakura.ne.jp/home/ubuntu/VPSsync/01-WorkspaceSync/modelica-shared/CustomLib/PropulsionSystem/.git/objects/1b/7d8194c5f0796a6b2ebd2c60fa2235bab14f16' (837)
2025-11-23 11:18:14: Copy New 'C:/Users/grabacr/VPSsync/01-WorkspaceSync/modelica-shared/CustomLib/PropulsionSystem/.git/objects/1f/c13b08ba7481f27a5c30298a724a76eaeb893d' -> 'sftp://os3-310-44666.vs.sakura.ne.jp/home/ubuntu/VPSsync/01-WorkspaceSync/modelica-shared/CustomLib/PropulsionSystem/.git/objects/1f/c13b08ba7481f27a5c30298a724a76eaeb893d' (666)
2025-11-23 11:18:14: Copy New 'C:/Users/grabacr/VPSsync/01-WorkspaceSync/modelica-shared/CustomLib/PropulsionSystem/.git/objects/20/fe0aca530553ed419ff9800c63e6e6073730f3' -> 'sftp://os3-310-44666.vs.sakura.ne.jp/home/ubuntu/VPSsync/01-WorkspaceSync/modelica-shared/CustomLib/PropulsionSystem/.git/objects/20/fe0aca530553ed419ff9800c63e6e6073730f3' (844)
2025-11-23 11:18:14: Copy New 'C:/Users/grabacr/VPSsync/01-WorkspaceSync/modelica-shared/CustomLib/PropulsionSystem/.git/objects/26/2565f3290afb50b9cbd8f2f429d47eaafe1381' -> 'sftp://os3-310-44666.vs.sakura.ne.jp/home/ubuntu/VPSsync/01-WorkspaceSync/modelica-shared/CustomLib/PropulsionSystem/.git/objects/26/2565f3290afb50b9cbd8f2f429d47eaafe1381' (844)
2025-11-23 11:18:14: Copy New 'C:/Users/grabacr/VPSsync/01-WorkspaceSync/modelica-shared/CustomLib/PropulsionSystem/.git/objects/25/8e5f4e4d6791cd9b0dc48355531ea2eb1eaed0' -> 'sftp://os3-310-44666.vs.sakura.ne.jp/home/ubuntu/VPSsync/01-WorkspaceSync/modelica-shared/CustomLib/PropulsionSystem/.git/objects/25/8e5f4e4d6791cd9b0dc48355531ea2eb1eaed0' (836)
2025-11-23 11:18:14: Copy New 'C:/Users/grabacr/VPSsync/01-WorkspaceSync/modelica-shared/CustomLib/PropulsionSystem/.git/objects/29/a8b4259eb24d0503bba459c8991620e4ab8b83' -> 'sftp://os3-310-44666.vs.sakura.ne.jp/home/ubuntu/VPSsync/01-WorkspaceSync/modelica-shared/CustomLib/PropulsionSystem/.git/objects/29/a8b4259eb24d0503bba459c8991620e4ab8b83' (778)
2025-11-23 11:18:14: Copy New 'C:/Users/grabacr/VPSsync/01-WorkspaceSync/modelica-shared/CustomLib/PropulsionSystem/.git/objects/2a/cf3cb99028a1e1ec485045bddc647de9d8404a' -> 'sftp://os3-310-44666.vs.sakura.ne.jp/home/ubuntu/VPSsync/01-WorkspaceSync/modelica-shared/CustomLib/PropulsionSystem/.git/objects/2a/cf3cb99028a1e1ec485045bddc647de9d8404a' (810)
2025-11-23 11:18:14: Copy New 'C:/Users/grabacr/VPSsync/01-WorkspaceSync/modelica-shared/CustomLib/PropulsionSystem/.git/objects/30/14361976b68bf68df47ca0b3121e124ece74d4' -> 'sftp://os3-310-44666.vs.sakura.ne.jp/home/ubuntu/VPSsync/01-WorkspaceSync/modelica-shared/CustomLib/PropulsionSystem/.git/objects/30/14361976b68bf68df47ca0b3121e124ece74d4' (838)
2025-11-23 11:18:14: Copy New 'C:/Users/grabacr/VPSsync/01-WorkspaceSync/modelica-shared/CustomLib/PropulsionSystem/.git/objects/31/50bacd11a6c612627eac2b3ae104d239f49e67' -> 'sftp://os3-310-44666.vs.sakura.ne.jp/home/ubuntu/VPSsync/01-WorkspaceSync/modelica-shared/CustomLib/PropulsionSystem/.git/objects/31/50bacd11a6c612627eac2b3ae104d239f49e67' (834)
2025-11-23 11:18:14: Copy New 'C:/Users/grabacr/VPSsync/01-WorkspaceSync/modelica-shared/CustomLib/PropulsionSystem/.git/objects/33/b726390b1f40acb7947fbea1978a44bbab453c' -> 'sftp://os3-310-44666.vs.sakura.ne.jp/home/ubuntu/VPSsync/01-WorkspaceSync/modelica-shared/CustomLib/PropulsionSystem/.git/objects/33/b726390b1f40acb7947fbea1978a44bbab453c' (836)
2025-11-23 11:18:14: Copy New 'C:/Users/grabacr/VPSsync/01-WorkspaceSync/modelica-shared/CustomLib/PropulsionSystem/.git/objects/38/58da51ee3e12d2d61434f37a7eca088277b4dc' -> 'sftp://os3-310-44666.vs.sakura.ne.jp/home/ubuntu/VPSsync/01-WorkspaceSync/modelica-shared/CustomLib/PropulsionSystem/.git/objects/38/58da51ee3e12d2d61434f37a7eca088277b4dc' (838)
2025-11-23 11:18:14: Copy New 'C:/Users/grabacr/VPSsync/01-WorkspaceSync/modelica-shared/CustomLib/PropulsionSystem/.git/objects/3c/2a71efda2747e0e3e118838481e12b58a7dc0c' -> 'sftp://os3-310-44666.vs.sakura.ne.jp/home/ubuntu/VPSsync/01-WorkspaceSync/modelica-shared/CustomLib/PropulsionSystem/.git/objects/3c/2a71efda2747e0e3e118838481e12b58a7dc0c' (777)
2025-11-23 11:18:14: Copy New 'C:/Users/grabacr/VPSsync/01-WorkspaceSync/modelica-shared/CustomLib/PropulsionSystem/.git/objects/40/9a0796d0699399a04d184a1e54dedaed8b9c7a' -> 'sftp://os3-310-44666.vs.sakura.ne.jp/home/ubuntu/VPSsync/01-WorkspaceSync/modelica-shared/CustomLib/PropulsionSystem/.git/objects/40/9a0796d0699399a04d184a1e54dedaed8b9c7a' (171)
2025-11-23 11:18:14: Copy New 'C:/Users/grabacr/VPSsync/01-WorkspaceSync/modelica-shared/CustomLib/PropulsionSystem/.git/objects/42/432060eecc15107c00fa79267f1e3ac3412dc7' -> 'sftp://os3-310-44666.vs.sakura.ne.jp/home/ubuntu/VPSsync/01-WorkspaceSync/modelica-shared/CustomLib/PropulsionSystem/.git/objects/42/432060eecc15107c00fa79267f1e3ac3412dc7' (846)
2025-11-23 11:18:14: Copy New 'C:/Users/grabacr/VPSsync/01-WorkspaceSync/modelica-shared/CustomLib/PropulsionSystem/.git/objects/44/ed3407641fdddc3728f96e6f713595d44f8cf7' -> 'sftp://os3-310-44666.vs.sakura.ne.jp/home/ubuntu/VPSsync/01-WorkspaceSync/modelica-shared/CustomLib/PropulsionSystem/.git/objects/44/ed3407641fdddc3728f96e6f713595d44f8cf7' (846)
2025-11-23 11:18:14: Copy New 'C:/Users/grabacr/VPSsync/01-WorkspaceSync/modelica-shared/CustomLib/PropulsionSystem/.git/objects/4a/36ad2ad7a6d9cecb046b14c61fa33f1d6d5435' -> 'sftp://os3-310-44666.vs.sakura.ne.jp/home/ubuntu/VPSsync/01-WorkspaceSync/modelica-shared/CustomLib/PropulsionSystem/.git/objects/4a/36ad2ad7a6d9cecb046b14c61fa33f1d6d5435' (688)
2025-11-23 11:18:14: Copy New 'C:/Users/grabacr/VPSsync/01-WorkspaceSync/modelica-shared/CustomLib/PropulsionSystem/.git/objects/52/b119fbc04a30d178a16997878ef7fc60145126' -> 'sftp://os3-310-44666.vs.sakura.ne.jp/home/ubuntu/VPSsync/01-WorkspaceSync/modelica-shared/CustomLib/PropulsionSystem/.git/objects/52/b119fbc04a30d178a16997878ef7fc60145126' (811)
2025-11-23 11:18:14: Copy New 'C:/Users/grabacr/VPSsync/01-WorkspaceSync/modelica-shared/CustomLib/PropulsionSystem/.git/objects/4f/d59f0ac79b2cf557d95e70470bd175bb331ac4' -> 'sftp://os3-310-44666.vs.sakura.ne.jp/home/ubuntu/VPSsync/01-WorkspaceSync/modelica-shared/CustomLib/PropulsionSystem/.git/objects/4f/d59f0ac79b2cf557d95e70470bd175bb331ac4' (809)
2025-11-23 11:18:14: Copy New 'C:/Users/grabacr/VPSsync/01-WorkspaceSync/modelica-shared/CustomLib/PropulsionSystem/.git/objects/52/d9e48c71da23999645eee21fa66e04d4422596' -> 'sftp://os3-310-44666.vs.sakura.ne.jp/home/ubuntu/VPSsync/01-WorkspaceSync/modelica-shared/CustomLib/PropulsionSystem/.git/objects/52/d9e48c71da23999645eee21fa66e04d4422596' (836)
2025-11-23 11:18:14: Copy New 'C:/Users/grabacr/VPSsync/01-WorkspaceSync/modelica-shared/CustomLib/PropulsionSystem/.git/objects/4f/e6f4e9180110267ff6c737584cf277155b2b32' -> 'sftp://os3-310-44666.vs.sakura.ne.jp/home/ubuntu/VPSsync/01-WorkspaceSync/modelica-shared/CustomLib/PropulsionSystem/.git/objects/4f/e6f4e9180110267ff6c737584cf277155b2b32' (857)
2025-11-23 11:18:14: Copy New 'C:/Users/grabacr/VPSsync/01-WorkspaceSync/modelica-shared/CustomLib/PropulsionSystem/.git/objects/58/7305bfe693b20bd009791c4fead045d9441472' -> 'sftp://os3-310-44666.vs.sakura.ne.jp/home/ubuntu/VPSsync/01-WorkspaceSync/modelica-shared/CustomLib/PropulsionSystem/.git/objects/58/7305bfe693b20bd009791c4fead045d9441472' (834)
2025-11-23 11:18:14: Copy New 'C:/Users/grabacr/VPSsync/01-WorkspaceSync/modelica-shared/CustomLib/PropulsionSystem/.git/objects/5b/967c0d715ee597c1cd796525e3dc57d8a308d3' -> 'sftp://os3-310-44666.vs.sakura.ne.jp/home/ubuntu/VPSsync/01-WorkspaceSync/modelica-shared/CustomLib/PropulsionSystem/.git/objects/5b/967c0d715ee597c1cd796525e3dc57d8a308d3' (807)
2025-11-23 11:18:14: Copy New 'C:/Users/grabacr/VPSsync/01-WorkspaceSync/modelica-shared/CustomLib/PropulsionSystem/.git/objects/5b/e23b50e6cd8975a49517ce5399ba29b6e15db1' -> 'sftp://os3-310-44666.vs.sakura.ne.jp/home/ubuntu/VPSsync/01-WorkspaceSync/modelica-shared/CustomLib/PropulsionSystem/.git/objects/5b/e23b50e6cd8975a49517ce5399ba29b6e15db1' (118)
2025-11-23 11:18:14: Copy New 'C:/Users/grabacr/VPSsync/01-WorkspaceSync/modelica-shared/CustomLib/PropulsionSystem/.git/objects/64/9b523dbc6e697ea81053224951a2d9b0c0aa39' -> 'sftp://os3-310-44666.vs.sakura.ne.jp/home/ubuntu/VPSsync/01-WorkspaceSync/modelica-shared/CustomLib/PropulsionSystem/.git/objects/64/9b523dbc6e697ea81053224951a2d9b0c0aa39' (845)
2025-11-23 11:18:14: Copy New 'C:/Users/grabacr/VPSsync/01-WorkspaceSync/modelica-shared/CustomLib/PropulsionSystem/.git/objects/60/f8630339d03d3b0ae13a7d3a803f880c1a84e3' -> 'sftp://os3-310-44666.vs.sakura.ne.jp/home/ubuntu/VPSsync/01-WorkspaceSync/modelica-shared/CustomLib/PropulsionSystem/.git/objects/60/f8630339d03d3b0ae13a7d3a803f880c1a84e3' (806)
2025-11-23 11:18:14: Copy New 'C:/Users/grabacr/VPSsync/01-WorkspaceSync/modelica-shared/CustomLib/PropulsionSystem/.git/objects/65/3535a226bbb8a425c260f268bee78af555fdfa' -> 'sftp://os3-310-44666.vs.sakura.ne.jp/home/ubuntu/VPSsync/01-WorkspaceSync/modelica-shared/CustomLib/PropulsionSystem/.git/objects/65/3535a226bbb8a425c260f268bee78af555fdfa' (710)
2025-11-23 11:18:14: Copy New 'C:/Users/grabacr/VPSsync/01-WorkspaceSync/modelica-shared/CustomLib/PropulsionSystem/.git/objects/67/12cad803e512c6d4eb1c1af33d34527419c23d' -> 'sftp://os3-310-44666.vs.sakura.ne.jp/home/ubuntu/VPSsync/01-WorkspaceSync/modelica-shared/CustomLib/PropulsionSystem/.git/objects/67/12cad803e512c6d4eb1c1af33d34527419c23d' (815)
2025-11-23 11:18:14: Copy New 'C:/Users/grabacr/VPSsync/01-WorkspaceSync/modelica-shared/CustomLib/PropulsionSystem/.git/objects/70/bd891b618437ea0763b84ccf6f9c81f4f0ed61' -> 'sftp://os3-310-44666.vs.sakura.ne.jp/home/ubuntu/VPSsync/01-WorkspaceSync/modelica-shared/CustomLib/PropulsionSystem/.git/objects/70/bd891b618437ea0763b84ccf6f9c81f4f0ed61' (834)
2025-11-23 11:18:14: Copy New 'C:/Users/grabacr/VPSsync/01-WorkspaceSync/modelica-shared/CustomLib/PropulsionSystem/.git/objects/72/42d13a717dceacbc57d171e193fda1265ee626' -> 'sftp://os3-310-44666.vs.sakura.ne.jp/home/ubuntu/VPSsync/01-WorkspaceSync/modelica-shared/CustomLib/PropulsionSystem/.git/objects/72/42d13a717dceacbc57d171e193fda1265ee626' (696)
2025-11-23 11:18:14: Copy New 'C:/Users/grabacr/VPSsync/01-WorkspaceSync/modelica-shared/CustomLib/PropulsionSystem/.git/objects/75/7f6a96c21a8d5ddc0b36d7c4a02a2fdfd86456' -> 'sftp://os3-310-44666.vs.sakura.ne.jp/home/ubuntu/VPSsync/01-WorkspaceSync/modelica-shared/CustomLib/PropulsionSystem/.git/objects/75/7f6a96c21a8d5ddc0b36d7c4a02a2fdfd86456' (118)
2025-11-23 11:18:15: Copy New 'C:/Users/grabacr/VPSsync/01-WorkspaceSync/modelica-shared/CustomLib/PropulsionSystem/.git/objects/7b/f2e0283577d27f70c60a56e433390ebd615656' -> 'sftp://os3-310-44666.vs.sakura.ne.jp/home/ubuntu/VPSsync/01-WorkspaceSync/modelica-shared/CustomLib/PropulsionSystem/.git/objects/7b/f2e0283577d27f70c60a56e433390ebd615656' (117)
2025-11-23 11:18:15: Copy New 'C:/Users/grabacr/VPSsync/01-WorkspaceSync/modelica-shared/CustomLib/PropulsionSystem/.git/objects/75/aa981c78a19e6ef18f53bec9c9b7a904cc2286' -> 'sftp://os3-310-44666.vs.sakura.ne.jp/home/ubuntu/VPSsync/01-WorkspaceSync/modelica-shared/CustomLib/PropulsionSystem/.git/objects/75/aa981c78a19e6ef18f53bec9c9b7a904cc2286' (3,230)
2025-11-23 11:18:15: Copy New 'C:/Users/grabacr/VPSsync/01-WorkspaceSync/modelica-shared/CustomLib/PropulsionSystem/.git/objects/7d/0e2fb97b9d03e823c4edd692cb70f6871e15a9' -> 'sftp://os3-310-44666.vs.sakura.ne.jp/home/ubuntu/VPSsync/01-WorkspaceSync/modelica-shared/CustomLib/PropulsionSystem/.git/objects/7d/0e2fb97b9d03e823c4edd692cb70f6871e15a9' (119)
2025-11-23 11:18:15: Copy New 'C:/Users/grabacr/VPSsync/01-WorkspaceSync/modelica-shared/CustomLib/PropulsionSystem/.git/objects/82/7ca811ac010266062aa815fe9f4667957303c5' -> 'sftp://os3-310-44666.vs.sakura.ne.jp/home/ubuntu/VPSsync/01-WorkspaceSync/modelica-shared/CustomLib/PropulsionSystem/.git/objects/82/7ca811ac010266062aa815fe9f4667957303c5' (837)
2025-11-23 11:18:15: Copy New 'C:/Users/grabacr/VPSsync/01-WorkspaceSync/modelica-shared/CustomLib/PropulsionSystem/.git/objects/83/92526a6e99f706b6b65a7f121b1d3f7b8617d3' -> 'sftp://os3-310-44666.vs.sakura.ne.jp/home/ubuntu/VPSsync/01-WorkspaceSync/modelica-shared/CustomLib/PropulsionSystem/.git/objects/83/92526a6e99f706b6b65a7f121b1d3f7b8617d3' (833)
2025-11-23 11:18:15: Copy New 'C:/Users/grabacr/VPSsync/01-WorkspaceSync/modelica-shared/CustomLib/PropulsionSystem/.git/objects/86/2c54705c79e8c8ebb4b983a11672fd598f6daf' -> 'sftp://os3-310-44666.vs.sakura.ne.jp/home/ubuntu/VPSsync/01-WorkspaceSync/modelica-shared/CustomLib/PropulsionSystem/.git/objects/86/2c54705c79e8c8ebb4b983a11672fd598f6daf' (837)
2025-11-23 11:18:15: Copy New 'C:/Users/grabacr/VPSsync/01-WorkspaceSync/modelica-shared/CustomLib/PropulsionSystem/.git/objects/8c/6b405258fdcddb9b505b5becdf787d5ef102ae' -> 'sftp://os3-310-44666.vs.sakura.ne.jp/home/ubuntu/VPSsync/01-WorkspaceSync/modelica-shared/CustomLib/PropulsionSystem/.git/objects/8c/6b405258fdcddb9b505b5becdf787d5ef102ae' (666)
2025-11-23 11:18:15: Copy New 'C:/Users/grabacr/VPSsync/01-WorkspaceSync/modelica-shared/CustomLib/PropulsionSystem/.git/objects/8e/69ae2344d35d3f057b1f9e362e8d5f3b1ae8b3' -> 'sftp://os3-310-44666.vs.sakura.ne.jp/home/ubuntu/VPSsync/01-WorkspaceSync/modelica-shared/CustomLib/PropulsionSystem/.git/objects/8e/69ae2344d35d3f057b1f9e362e8d5f3b1ae8b3' (838)
2025-11-23 11:18:15: Copy New 'C:/Users/grabacr/VPSsync/01-WorkspaceSync/modelica-shared/CustomLib/PropulsionSystem/.git/objects/95/0fc741a82c6d75fff93af3d71e3820f9870661' -> 'sftp://os3-310-44666.vs.sakura.ne.jp/home/ubuntu/VPSsync/01-WorkspaceSync/modelica-shared/CustomLib/PropulsionSystem/.git/objects/95/0fc741a82c6d75fff93af3d71e3820f9870661' (838)
2025-11-23 11:18:15: Copy New 'C:/Users/grabacr/VPSsync/01-WorkspaceSync/modelica-shared/CustomLib/PropulsionSystem/.git/objects/95/b96573b9e6b23fae836e84b6c810382971bf48' -> 'sftp://os3-310-44666.vs.sakura.ne.jp/home/ubuntu/VPSsync/01-WorkspaceSync/modelica-shared/CustomLib/PropulsionSystem/.git/objects/95/b96573b9e6b23fae836e84b6c810382971bf48' (258)
2025-11-23 11:18:15: Copy New 'C:/Users/grabacr/VPSsync/01-WorkspaceSync/modelica-shared/CustomLib/PropulsionSystem/.git/objects/97/fc5a84d834d155df9660ea062405e78cfe9e8a' -> 'sftp://os3-310-44666.vs.sakura.ne.jp/home/ubuntu/VPSsync/01-WorkspaceSync/modelica-shared/CustomLib/PropulsionSystem/.git/objects/97/fc5a84d834d155df9660ea062405e78cfe9e8a' (777)
2025-11-23 11:18:15: Copy New 'C:/Users/grabacr/VPSsync/01-WorkspaceSync/modelica-shared/CustomLib/PropulsionSystem/.git/objects/9e/08c10b1e8dc1f3f12e3a44c139939bc64a501c' -> 'sftp://os3-310-44666.vs.sakura.ne.jp/home/ubuntu/VPSsync/01-WorkspaceSync/modelica-shared/CustomLib/PropulsionSystem/.git/objects/9e/08c10b1e8dc1f3f12e3a44c139939bc64a501c' (781)
2025-11-23 11:18:15: Create Folder sftp://os3-310-44666.vs.sakura.ne.jp/home/ubuntu/VPSsync/01-WorkspaceSync/modelica-shared/CustomLib/PropulsionSystem/.git/objects/a6
2025-11-23 11:18:15: Copy New 'C:/Users/grabacr/VPSsync/01-WorkspaceSync/modelica-shared/CustomLib/PropulsionSystem/.git/objects/9f/97d613de5b3c42f30e1720bf8db5850e1716a0' -> 'sftp://os3-310-44666.vs.sakura.ne.jp/home/ubuntu/VPSsync/01-WorkspaceSync/modelica-shared/CustomLib/PropulsionSystem/.git/objects/9f/97d613de5b3c42f30e1720bf8db5850e1716a0' (172)
2025-11-23 11:18:15: Copy New 'C:/Users/grabacr/VPSsync/01-WorkspaceSync/modelica-shared/CustomLib/PropulsionSystem/.git/objects/9f/c92e34264b5ae8492193d63d78058030384597' -> 'sftp://os3-310-44666.vs.sakura.ne.jp/home/ubuntu/VPSsync/01-WorkspaceSync/modelica-shared/CustomLib/PropulsionSystem/.git/objects/9f/c92e34264b5ae8492193d63d78058030384597' (834)
2025-11-23 11:18:15: Copy New 'C:/Users/grabacr/VPSsync/01-WorkspaceSync/modelica-shared/CustomLib/PropulsionSystem/.git/objects/a5/2937ab2f2a4297dd7f80d800661256073e6952' -> 'sftp://os3-310-44666.vs.sakura.ne.jp/home/ubuntu/VPSsync/01-WorkspaceSync/modelica-shared/CustomLib/PropulsionSystem/.git/objects/a5/2937ab2f2a4297dd7f80d800661256073e6952' (777)
2025-11-23 11:18:15: Copy New 'C:/Users/grabacr/VPSsync/01-WorkspaceSync/modelica-shared/CustomLib/PropulsionSystem/.git/objects/a6/cb2cbc2dea259198ba9774f9eb775872b57e16' -> 'sftp://os3-310-44666.vs.sakura.ne.jp/home/ubuntu/VPSsync/01-WorkspaceSync/modelica-shared/CustomLib/PropulsionSystem/.git/objects/a6/cb2cbc2dea259198ba9774f9eb775872b57e16' (784)
2025-11-23 11:18:15: Copy New 'C:/Users/grabacr/VPSsync/01-WorkspaceSync/modelica-shared/CustomLib/PropulsionSystem/.git/objects/a7/07ac0495e0c07ff340328e5cbcf389363d40aa' -> 'sftp://os3-310-44666.vs.sakura.ne.jp/home/ubuntu/VPSsync/01-WorkspaceSync/modelica-shared/CustomLib/PropulsionSystem/.git/objects/a7/07ac0495e0c07ff340328e5cbcf389363d40aa' (846)
2025-11-23 11:18:15: Copy New 'C:/Users/grabacr/VPSsync/01-WorkspaceSync/modelica-shared/CustomLib/PropulsionSystem/.git/objects/a9/2611c191b66d56fb15600778811e38155e7d7a' -> 'sftp://os3-310-44666.vs.sakura.ne.jp/home/ubuntu/VPSsync/01-WorkspaceSync/modelica-shared/CustomLib/PropulsionSystem/.git/objects/a9/2611c191b66d56fb15600778811e38155e7d7a' (707)
2025-11-23 11:18:15: Copy New 'C:/Users/grabacr/VPSsync/01-WorkspaceSync/modelica-shared/CustomLib/PropulsionSystem/.git/objects/a7/fbca1265b6f3efeb11358ad98223b873647a23' -> 'sftp://os3-310-44666.vs.sakura.ne.jp/home/ubuntu/VPSsync/01-WorkspaceSync/modelica-shared/CustomLib/PropulsionSystem/.git/objects/a7/fbca1265b6f3efeb11358ad98223b873647a23' (784)
2025-11-23 11:18:15: Copy New 'C:/Users/grabacr/VPSsync/01-WorkspaceSync/modelica-shared/CustomLib/PropulsionSystem/.git/objects/ab/cbdcdb8d02bfe4f27531b673b0211bb2c4dd35' -> 'sftp://os3-310-44666.vs.sakura.ne.jp/home/ubuntu/VPSsync/01-WorkspaceSync/modelica-shared/CustomLib/PropulsionSystem/.git/objects/ab/cbdcdb8d02bfe4f27531b673b0211bb2c4dd35' (843)
2025-11-23 11:18:15: Copy New 'C:/Users/grabacr/VPSsync/01-WorkspaceSync/modelica-shared/CustomLib/PropulsionSystem/.git/objects/b0/3c5be6f24d4d6dc8486d093592b30ec4d9fbe9' -> 'sftp://os3-310-44666.vs.sakura.ne.jp/home/ubuntu/VPSsync/01-WorkspaceSync/modelica-shared/CustomLib/PropulsionSystem/.git/objects/b0/3c5be6f24d4d6dc8486d093592b30ec4d9fbe9' (839)
2025-11-23 11:18:15: Copy New 'C:/Users/grabacr/VPSsync/01-WorkspaceSync/modelica-shared/CustomLib/PropulsionSystem/.git/objects/b4/e36dfc554d4686d20683085225fe98eb76281e' -> 'sftp://os3-310-44666.vs.sakura.ne.jp/home/ubuntu/VPSsync/01-WorkspaceSync/modelica-shared/CustomLib/PropulsionSystem/.git/objects/b4/e36dfc554d4686d20683085225fe98eb76281e' (783)
2025-11-23 11:18:15: Copy New 'C:/Users/grabacr/VPSsync/01-WorkspaceSync/modelica-shared/CustomLib/PropulsionSystem/.git/objects/bc/66ef0ed200bea867684b8813c54cec84c50c71' -> 'sftp://os3-310-44666.vs.sakura.ne.jp/home/ubuntu/VPSsync/01-WorkspaceSync/modelica-shared/CustomLib/PropulsionSystem/.git/objects/bc/66ef0ed200bea867684b8813c54cec84c50c71' (520)
2025-11-23 11:18:15: Copy New 'C:/Users/grabacr/VPSsync/01-WorkspaceSync/modelica-shared/CustomLib/PropulsionSystem/.git/objects/b7/e73f9a1d6a9bc6019089c26f102bcfd2bacb59' -> 'sftp://os3-310-44666.vs.sakura.ne.jp/home/ubuntu/VPSsync/01-WorkspaceSync/modelica-shared/CustomLib/PropulsionSystem/.git/objects/b7/e73f9a1d6a9bc6019089c26f102bcfd2bacb59' (1,525)
2025-11-23 11:18:15: Copy New 'C:/Users/grabacr/VPSsync/01-WorkspaceSync/modelica-shared/CustomLib/PropulsionSystem/.git/objects/bd/a10c19c3dce2590bd8bd94277bfec81269777b' -> 'sftp://os3-310-44666.vs.sakura.ne.jp/home/ubuntu/VPSsync/01-WorkspaceSync/modelica-shared/CustomLib/PropulsionSystem/.git/objects/bd/a10c19c3dce2590bd8bd94277bfec81269777b' (780)
2025-11-23 11:18:15: Copy New 'C:/Users/grabacr/VPSsync/01-WorkspaceSync/modelica-shared/CustomLib/PropulsionSystem/.git/objects/bf/9be1e20d34a43c78ae3a6e0aecd5325875a35c' -> 'sftp://os3-310-44666.vs.sakura.ne.jp/home/ubuntu/VPSsync/01-WorkspaceSync/modelica-shared/CustomLib/PropulsionSystem/.git/objects/bf/9be1e20d34a43c78ae3a6e0aecd5325875a35c' (910)
2025-11-23 11:18:15: Copy New 'C:/Users/grabacr/VPSsync/01-WorkspaceSync/modelica-shared/CustomLib/PropulsionSystem/.git/objects/c0/a2f6da7c21d378553315303505d480fa040257' -> 'sftp://os3-310-44666.vs.sakura.ne.jp/home/ubuntu/VPSsync/01-WorkspaceSync/modelica-shared/CustomLib/PropulsionSystem/.git/objects/c0/a2f6da7c21d378553315303505d480fa040257' (536)
2025-11-23 11:18:15: Copy New 'C:/Users/grabacr/VPSsync/01-WorkspaceSync/modelica-shared/CustomLib/PropulsionSystem/.git/objects/c0/60989c69318d65be656e5ef39c23198e4a691c' -> 'sftp://os3-310-44666.vs.sakura.ne.jp/home/ubuntu/VPSsync/01-WorkspaceSync/modelica-shared/CustomLib/PropulsionSystem/.git/objects/c0/60989c69318d65be656e5ef39c23198e4a691c' (839)
2025-11-23 11:18:15: Copy New 'C:/Users/grabacr/VPSsync/01-WorkspaceSync/modelica-shared/CustomLib/PropulsionSystem/.git/objects/c2/84f9efc8e2bce87e3459cbf23af5a27ce0c850' -> 'sftp://os3-310-44666.vs.sakura.ne.jp/home/ubuntu/VPSsync/01-WorkspaceSync/modelica-shared/CustomLib/PropulsionSystem/.git/objects/c2/84f9efc8e2bce87e3459cbf23af5a27ce0c850' (832)
2025-11-23 11:18:15: Copy New 'C:/Users/grabacr/VPSsync/01-WorkspaceSync/modelica-shared/CustomLib/PropulsionSystem/.git/objects/c3/c41037d64388055e812a4ebcf117e1751e41f8' -> 'sftp://os3-310-44666.vs.sakura.ne.jp/home/ubuntu/VPSsync/01-WorkspaceSync/modelica-shared/CustomLib/PropulsionSystem/.git/objects/c3/c41037d64388055e812a4ebcf117e1751e41f8' (118)
2025-11-23 11:18:15: Create Folder sftp://os3-310-44666.vs.sakura.ne.jp/home/ubuntu/VPSsync/01-WorkspaceSync/modelica-shared/CustomLib/PropulsionSystem/.git/objects/d5
2025-11-23 11:18:15: Copy New 'C:/Users/grabacr/VPSsync/01-WorkspaceSync/modelica-shared/CustomLib/PropulsionSystem/.git/objects/c4/c3d75fc0d790386ceddd9981317a9670dda212' -> 'sftp://os3-310-44666.vs.sakura.ne.jp/home/ubuntu/VPSsync/01-WorkspaceSync/modelica-shared/CustomLib/PropulsionSystem/.git/objects/c4/c3d75fc0d790386ceddd9981317a9670dda212' (777)
2025-11-23 11:18:15: Copy New 'C:/Users/grabacr/VPSsync/01-WorkspaceSync/modelica-shared/CustomLib/PropulsionSystem/.git/objects/cd/42fbcad794df53feb4f7c5bf2133d6dde7ca0c' -> 'sftp://os3-310-44666.vs.sakura.ne.jp/home/ubuntu/VPSsync/01-WorkspaceSync/modelica-shared/CustomLib/PropulsionSystem/.git/objects/cd/42fbcad794df53feb4f7c5bf2133d6dde7ca0c' (836)
2025-11-23 11:18:15: Copy New 'C:/Users/grabacr/VPSsync/01-WorkspaceSync/modelica-shared/CustomLib/PropulsionSystem/.git/objects/d5/f796aa7a131d994bb01b7edc48b88cb31c0975' -> 'sftp://os3-310-44666.vs.sakura.ne.jp/home/ubuntu/VPSsync/01-WorkspaceSync/modelica-shared/CustomLib/PropulsionSystem/.git/objects/d5/f796aa7a131d994bb01b7edc48b88cb31c0975' (674)
2025-11-23 11:18:15: Copy New 'C:/Users/grabacr/VPSsync/01-WorkspaceSync/modelica-shared/CustomLib/PropulsionSystem/.git/objects/d8/7420e8c00130436fa80db417bb20f0ed00fbd1' -> 'sftp://os3-310-44666.vs.sakura.ne.jp/home/ubuntu/VPSsync/01-WorkspaceSync/modelica-shared/CustomLib/PropulsionSystem/.git/objects/d8/7420e8c00130436fa80db417bb20f0ed00fbd1' (835)
2025-11-23 11:18:15: Copy New 'C:/Users/grabacr/VPSsync/01-WorkspaceSync/modelica-shared/CustomLib/PropulsionSystem/.git/objects/de/1bfc1f37be56dc4db3bd3e1f3b013612b24b83' -> 'sftp://os3-310-44666.vs.sakura.ne.jp/home/ubuntu/VPSsync/01-WorkspaceSync/modelica-shared/CustomLib/PropulsionSystem/.git/objects/de/1bfc1f37be56dc4db3bd3e1f3b013612b24b83' (688)
2025-11-23 11:18:15: Copy New 'C:/Users/grabacr/VPSsync/01-WorkspaceSync/modelica-shared/CustomLib/PropulsionSystem/.git/objects/df/638c3706eca49aa2361d7247834c1a80bebc17' -> 'sftp://os3-310-44666.vs.sakura.ne.jp/home/ubuntu/VPSsync/01-WorkspaceSync/modelica-shared/CustomLib/PropulsionSystem/.git/objects/df/638c3706eca49aa2361d7247834c1a80bebc17' (838)
2025-11-23 11:18:15: Copy New 'C:/Users/grabacr/VPSsync/01-WorkspaceSync/modelica-shared/CustomLib/PropulsionSystem/.git/objects/e3/253e9c5029c3b356adfe95186dd5241565c82a' -> 'sftp://os3-310-44666.vs.sakura.ne.jp/home/ubuntu/VPSsync/01-WorkspaceSync/modelica-shared/CustomLib/PropulsionSystem/.git/objects/e3/253e9c5029c3b356adfe95186dd5241565c82a' (1,008)
2025-11-23 11:18:15: Copy New 'C:/Users/grabacr/VPSsync/01-WorkspaceSync/modelica-shared/CustomLib/PropulsionSystem/.git/objects/e5/74cf5faac76625bca0eae81bb8bbfd70fec3df' -> 'sftp://os3-310-44666.vs.sakura.ne.jp/home/ubuntu/VPSsync/01-WorkspaceSync/modelica-shared/CustomLib/PropulsionSystem/.git/objects/e5/74cf5faac76625bca0eae81bb8bbfd70fec3df' (886)
2025-11-23 11:18:15: Copy New 'C:/Users/grabacr/VPSsync/01-WorkspaceSync/modelica-shared/CustomLib/PropulsionSystem/.git/objects/f0/aed3a699f6b4d374f6aa36df8dfdfc6ec4cf69' -> 'sftp://os3-310-44666.vs.sakura.ne.jp/home/ubuntu/VPSsync/01-WorkspaceSync/modelica-shared/CustomLib/PropulsionSystem/.git/objects/f0/aed3a699f6b4d374f6aa36df8dfdfc6ec4cf69' (118)
2025-11-23 11:18:15: Copy New 'C:/Users/grabacr/VPSsync/01-WorkspaceSync/modelica-shared/CustomLib/PropulsionSystem/.git/objects/ed/925d396a208d070735e6909b9fbae69198b048' -> 'sftp://os3-310-44666.vs.sakura.ne.jp/home/ubuntu/VPSsync/01-WorkspaceSync/modelica-shared/CustomLib/PropulsionSystem/.git/objects/ed/925d396a208d070735e6909b9fbae69198b048' (844)
2025-11-23 11:18:15: Copy New 'C:/Users/grabacr/VPSsync/01-WorkspaceSync/modelica-shared/CustomLib/PropulsionSystem/.git/objects/f5/01880ae06daad19a43c11f3a0729d2db7500ce' -> 'sftp://os3-310-44666.vs.sakura.ne.jp/home/ubuntu/VPSsync/01-WorkspaceSync/modelica-shared/CustomLib/PropulsionSystem/.git/objects/f5/01880ae06daad19a43c11f3a0729d2db7500ce' (1,519)
2025-11-23 11:18:15: Copy New 'C:/Users/grabacr/VPSsync/01-WorkspaceSync/modelica-shared/CustomLib/PropulsionSystem/.git/objects/f6/5e5f56270de8082284331972cae4dd0edb08af' -> 'sftp://os3-310-44666.vs.sakura.ne.jp/home/ubuntu/VPSsync/01-WorkspaceSync/modelica-shared/CustomLib/PropulsionSystem/.git/objects/f6/5e5f56270de8082284331972cae4dd0edb08af' (777)
2025-11-23 11:18:15: Copy New 'C:/Users/grabacr/VPSsync/01-WorkspaceSync/modelica-shared/CustomLib/PropulsionSystem/.git/objects/f7/52cf92bf5ab33b16ab881a9635d5ccf60bca4a' -> 'sftp://os3-310-44666.vs.sakura.ne.jp/home/ubuntu/VPSsync/01-WorkspaceSync/modelica-shared/CustomLib/PropulsionSystem/.git/objects/f7/52cf92bf5ab33b16ab881a9635d5ccf60bca4a' (779)
2025-11-23 11:18:15: Copy New 'C:/Users/grabacr/VPSsync/01-WorkspaceSync/modelica-shared/CustomLib/PropulsionSystem/.git/objects/f5/5c165aa33dd24bb5cf2d23dd58e27ac4b25497' -> 'sftp://os3-310-44666.vs.sakura.ne.jp/home/ubuntu/VPSsync/01-WorkspaceSync/modelica-shared/CustomLib/PropulsionSystem/.git/objects/f5/5c165aa33dd24bb5cf2d23dd58e27ac4b25497' (826)
2025-11-23 11:18:15: Copy New 'C:/Users/grabacr/VPSsync/01-WorkspaceSync/modelica-shared/CustomLib/PropulsionSystem/.git/objects/fa/389c16ac9a6b87596be0b1542b4630e8811e77' -> 'sftp://os3-310-44666.vs.sakura.ne.jp/home/ubuntu/VPSsync/01-WorkspaceSync/modelica-shared/CustomLib/PropulsionSystem/.git/objects/fa/389c16ac9a6b87596be0b1542b4630e8811e77' (74,165)
2025-11-23 11:18:15: Copy New 'C:/Users/grabacr/VPSsync/01-WorkspaceSync/modelica-shared/CustomLib/PropulsionSystem/.git/objects/fa/961ccb8f0926bfb4be21d639ea69eef7f1adff' -> 'sftp://os3-310-44666.vs.sakura.ne.jp/home/ubuntu/VPSsync/01-WorkspaceSync/modelica-shared/CustomLib/PropulsionSystem/.git/objects/fa/961ccb8f0926bfb4be21d639ea69eef7f1adff' (709)
2025-11-23 11:18:15: Copy New 'C:/Users/grabacr/VPSsync/01-WorkspaceSync/modelica-shared/CustomLib/PropulsionSystem/.git/objects/f7/e1f70a05ebe4f2b9714a34be5f9551755de6ec' -> 'sftp://os3-310-44666.vs.sakura.ne.jp/home/ubuntu/VPSsync/01-WorkspaceSync/modelica-shared/CustomLib/PropulsionSystem/.git/objects/f7/e1f70a05ebe4f2b9714a34be5f9551755de6ec' (779)
2025-11-23 11:18:15: Copy New 'C:/Users/grabacr/VPSsync/01-WorkspaceSync/modelica-shared/CustomLib/PropulsionSystem/.git/objects/fe/c684c246dde4c97391cf0e945cf86f91d1a743' -> 'sftp://os3-310-44666.vs.sakura.ne.jp/home/ubuntu/VPSsync/01-WorkspaceSync/modelica-shared/CustomLib/PropulsionSystem/.git/objects/fe/c684c246dde4c97391cf0e945cf86f91d1a743' (829)
2025-11-23 11:18:16: Save State File C:/Users/grabacr/VPSsync/01-WorkspaceSync/modelica-shared/CustomLib/PropulsionSystem/_gsdata_/_file_state_v4._gs
2025-11-23 11:18:16: Save State File sftp://os3-310-44666.vs.sakura.ne.jp/home/ubuntu/VPSsync/01-WorkspaceSync/modelica-shared/CustomLib/PropulsionSystem/_gsdata_/_file_state_v4._gs
2025-11-23 11:18:19: == Sync Complete. Time: 00:00:07, Speed: 181.11 KB/s, OK: 96, Errors: 0
